*** Using Compiler 'V6.23', folder: 'D:\keil5\ARM\ARMCLANG\Bin'
Rebuild target 'LQ_MSPM0G3X_LIB'
assembling startup_mspm0g350x_uvision.s...
compiling main.c...
compiling app_scheduler.c...
compiling LQ_isr.c...
compiling mid_chassis.c...
compiling dl_sysctl_mspm0g1x0x_g3x0x.c...
compiling mid_beep.c...
compiling mid_key.c...
compiling mid_encoder.c...
compiling mid_imu.c...
compiling app_debug.c...
compiling mid_line.c...
compiling mid_motor.c...
compiling mid_pid.c...
compiling LQ_utils.c...
compiling LQ_key.c...
compiling LQ_pid.c...
compiling LQ_font.c...
compiling LQ_encoder.c...
compiling LQ_ccd.c...
compiling mid_oled.c...
compiling LQ_lsm6dsr.c...
compiling LQ_mpu6050.c...
compiling LQ_motor.c...
compiling LQ_lsm6dsv16x.c...
compiling LQ_servo.c...
compiling LQ_1306_motor.c...
compiling LQ_adc.c...
compiling LQ_oled.c...
compiling LQ_dma.c...
compiling LQ_clock.c...
compiling LQ_exti.c...
compiling LQ_gpio.c...
compiling LQ_pwm.c...
compiling dl_adc12.c...
compiling dl_aesadv.c...
compiling LQ_soft_i2c.c...
compiling dl_common.c...
compiling LQ_spi.c...
compiling dl_aes.c...
compiling LQ_soft_spi.c...
compiling dl_comp.c...
compiling LQ_time.c...
compiling LQ_uart.c...
compiling dl_crcp.c...
compiling dl_crc.c...
compiling dl_dac12.c...
compiling dl_dma.c...
compiling dl_gpamp.c...
compiling dl_gpio.c...
compiling dl_keystorectl.c...
compiling dl_lcd.c...
compiling dl_iwdt.c...
compiling dl_i2c.c...
compiling dl_lfss.c...
compiling dl_mathacl.c...
compiling dl_flashctl.c...
compiling dl_opa.c...
compiling dl_rtc.c...
compiling dl_rtc_a.c...
compiling dl_rtc_b.c...
compiling dl_scratchpad.c...
compiling dl_rtc_common.c...
compiling dl_tamperio.c...
compiling dl_timera.c...
compiling dl_spi.c...
compiling dl_timerg.c...
compiling dl_mcan.c...
compiling dl_trng.c...
compiling dl_vref.c...
compiling dl_timer.c...
compiling dl_uart.c...
compiling dl_wwdt.c...
linking...
.\Objects\LQ_MSPM0GX_LIB.axf: Error: L6218E: Undefined symbol g_angle_sensor (referred from app_debug.o).
Not enough information to list image symbols.
Not enough information to list load addresses in the image map.
Finished: 2 information, 0 warning and 1 error messages.
".\Objects\LQ_MSPM0GX_LIB.axf" - 1 Error(s), 0 Warning(s).
Target not created.
Build Time Elapsed:  00:00:05
