Microsoft (R) Macro Assembler Version 6.11		    05/03/26 22:07:48
tempfile.asm						     Page 1 - 1



 0000				CODES SEGMENT
				    ASSUME CS:CODES
 0000				START:

 0000  B0 53			    MOV AL, 53H 
 0002  B4 00			    MOV AH, 0         
 0004  B3 0A			    MOV BL, 10        
 0006  F6 F3			    DIV BL           

 0008  8A FC			    MOV BH, AH       


 000A  8A D0			    MOV DL, AL      
 000C  80 C2 30			    ADD DL, 30H     
 000F  B4 02			    MOV AH, 02H      
 0011  CD 21			    INT 21H

 0013  8A D7			    MOV DL, BH       
 0015  80 C2 30			    ADD DL, 30H      
 0018  B4 02			    MOV AH, 02H
 001A  CD 21			    INT 21H

 001C  B4 4C			    MOV AH, 4CH
 001E  CD 21			    INT 21H
 0020				CODES ENDS
				END START



Microsoft (R) Macro Assembler Version 6.11		    05/03/26 22:07:48
tempfile.asm						     Symbols 2 - 1




Segments and Groups:

                N a m e                 Size     Length   Align   Combine Class

CODES  . . . . . . . . . . . . .	16 Bit	 0020	  Para	  Private 


Symbols:

                N a m e                 Type     Value    Attr

START  . . . . . . . . . . . . .	L Near	 0000	  CODES	

	   0 Warnings
	   0 Errors
