Microsoft (R) Macro Assembler Version 6.11		    05/03/26 22:12:08
tempfile.asm						     Page 1 - 1


 0000				DATAS SEGMENT
 0000 46			    SCORE    DB 70
 0001 50 41 53 53 0D 0A		    MSG_PASS DB 'PASS', 0Dh, 0Ah, '$'
       24
 0008 46 41 49 4C 55 52		    MSG_FAIL DB 'FAILURE', 0Dh, 0Ah, '$'
       45 0D 0A 24
 0012				DATAS ENDS

 0000				CODES SEGMENT
				    ASSUME CS:CODES,DS:DATAS
 0000				START:
 0000  B8 ---- R		    MOV AX, DATAS
 0003  8E D8			    MOV DS, AX

 0005  A0 0000 R		    MOV AL, SCORE       
 0008  3C 3C			    CMP AL, 60          
 000A  73 06			    JAE IS_PASS         


 000C  8D 16 0008 R		    LEA DX, MSG_FAIL    
 0010  EB 04			    JMP PRINT_RES       

 0012				IS_PASS:
 0012  8D 16 0001 R		    LEA DX, MSG_PASS   

 0016				PRINT_RES:
 0016  B4 09			    MOV AH, 09H        
 0018  CD 21			    INT 21H

 001A  B4 4C			    MOV AH, 4CH
 001C  CD 21			    INT 21H
 001E				CODES ENDS
				END START



Microsoft (R) Macro Assembler Version 6.11		    05/03/26 22:12:08
tempfile.asm						     Symbols 2 - 1




Segments and Groups:

                N a m e                 Size     Length   Align   Combine Class

CODES  . . . . . . . . . . . . .	16 Bit	 001E	  Para	  Private 
DATAS  . . . . . . . . . . . . .	16 Bit	 0012	  Para	  Private 


Symbols:

                N a m e                 Type     Value    Attr

IS_PASS  . . . . . . . . . . . .	L Near	 0012	  CODES	
MSG_FAIL . . . . . . . . . . . .	Byte	 0008	  DATAS	
MSG_PASS . . . . . . . . . . . .	Byte	 0001	  DATAS	
PRINT_RES  . . . . . . . . . . .	L Near	 0016	  CODES	
SCORE  . . . . . . . . . . . . .	Byte	 0000	  DATAS	
START  . . . . . . . . . . . . .	L Near	 0000	  CODES	

	   0 Warnings
	   0 Errors
