<!doctype html public "-//w3c//dtd html 4.0 transitional//en">
<html><head>
<title>Static Call Graph - [.\Objects\LQ_MSPM0GX_LIB.axf]</title></head>
<body><HR>
<H1>Static Call Graph for image .\Objects\LQ_MSPM0GX_LIB.axf</H1><HR>
<BR><P>#&#060CALLGRAPH&#062# ARM Linker, 6190004: Last Updated: Sat Jul 18 17:56:02 2026
<BR><P>
<H3>Maximum Stack Usage =       1088 bytes + Unknown(Cycles, Untraceable Function Pointers)</H3><H3>
Call chain for Maximum Stack Depth:</H3>
main &rArr; DiansaiApp_Run &rArr; VehicleTelemetry_SendSpeed &rArr; __2snprintf
<P>
<H3>
Mutually Recursive functions
</H3> <LI><a href="#[1]">NMI_Handler</a>&nbsp;&nbsp;&nbsp;&rArr;&nbsp;&nbsp;&nbsp;<a href="#[1]">NMI_Handler</a><BR>
 <LI><a href="#[2]">HardFault_Handler</a>&nbsp;&nbsp;&nbsp;&rArr;&nbsp;&nbsp;&nbsp;<a href="#[2]">HardFault_Handler</a><BR>
 <LI><a href="#[3]">SVC_Handler</a>&nbsp;&nbsp;&nbsp;&rArr;&nbsp;&nbsp;&nbsp;<a href="#[3]">SVC_Handler</a><BR>
 <LI><a href="#[4]">PendSV_Handler</a>&nbsp;&nbsp;&nbsp;&rArr;&nbsp;&nbsp;&nbsp;<a href="#[4]">PendSV_Handler</a><BR>
</UL>
<P>
<H3>
Function Pointers
</H3><UL>
 <LI><a href="#[a]">ADC0_IRQHandler</a> from lq_isr.o(.text.ADC0_IRQHandler) referenced from startup_mspm0g350x_uvision.o(RESET)
 <LI><a href="#[b]">ADC1_IRQHandler</a> from lq_isr.o(.text.ADC1_IRQHandler) referenced from startup_mspm0g350x_uvision.o(RESET)
 <LI><a href="#[1b]">AES_IRQHandler</a> from startup_mspm0g350x_uvision.o(.text) referenced from startup_mspm0g350x_uvision.o(RESET)
 <LI><a href="#[c]">CANFD0_IRQHandler</a> from startup_mspm0g350x_uvision.o(.text) referenced from startup_mspm0g350x_uvision.o(RESET)
 <LI><a href="#[d]">DAC0_IRQHandler</a> from startup_mspm0g350x_uvision.o(.text) referenced from startup_mspm0g350x_uvision.o(RESET)
 <LI><a href="#[1d]">DMA_IRQHandler</a> from lq_isr.o(.text.DMA_IRQHandler) referenced from startup_mspm0g350x_uvision.o(RESET)
 <LI><a href="#[6]">GROUP0_IRQHandler</a> from startup_mspm0g350x_uvision.o(.text) referenced from startup_mspm0g350x_uvision.o(RESET)
 <LI><a href="#[7]">GROUP1_IRQHandler</a> from lq_isr.o(.text.GROUP1_IRQHandler) referenced from startup_mspm0g350x_uvision.o(RESET)
 <LI><a href="#[2]">HardFault_Handler</a> from startup_mspm0g350x_uvision.o(.text) referenced from startup_mspm0g350x_uvision.o(RESET)
 <LI><a href="#[19]">I2C0_IRQHandler</a> from startup_mspm0g350x_uvision.o(.text) referenced from startup_mspm0g350x_uvision.o(RESET)
 <LI><a href="#[1a]">I2C1_IRQHandler</a> from startup_mspm0g350x_uvision.o(.text) referenced from startup_mspm0g350x_uvision.o(RESET)
 <LI><a href="#[25]">LQ_Encoder_TIMER_IRQHandler</a> from lq_encoder.o(.text.LQ_Encoder_TIMER_IRQHandler) referenced from lq_encoder.o(.text.LQ_Encoder_Init)
 <LI><a href="#[1]">NMI_Handler</a> from startup_mspm0g350x_uvision.o(.text) referenced from startup_mspm0g350x_uvision.o(RESET)
 <LI><a href="#[4]">PendSV_Handler</a> from startup_mspm0g350x_uvision.o(.text) referenced from startup_mspm0g350x_uvision.o(RESET)
 <LI><a href="#[24]">ProcessCommand</a> from diansai_app.o(.text.ProcessCommand) referenced from diansai_app.o(.text.DiansaiApp_Run)
 <LI><a href="#[1c]">RTC_IRQHandler</a> from startup_mspm0g350x_uvision.o(.text) referenced from startup_mspm0g350x_uvision.o(RESET)
 <LI><a href="#[0]">Reset_Handler</a> from startup_mspm0g350x_uvision.o(.text) referenced from startup_mspm0g350x_uvision.o(RESET)
 <LI><a href="#[e]">SPI0_IRQHandler</a> from startup_mspm0g350x_uvision.o(.text) referenced from startup_mspm0g350x_uvision.o(RESET)
 <LI><a href="#[f]">SPI1_IRQHandler</a> from startup_mspm0g350x_uvision.o(.text) referenced from startup_mspm0g350x_uvision.o(RESET)
 <LI><a href="#[3]">SVC_Handler</a> from startup_mspm0g350x_uvision.o(.text) referenced from startup_mspm0g350x_uvision.o(RESET)
 <LI><a href="#[5]">SysTick_Handler</a> from diansai_app.o(.text.SysTick_Handler) referenced from startup_mspm0g350x_uvision.o(RESET)
 <LI><a href="#[15]">TIMA0_IRQHandler</a> from lq_isr.o(.text.TIMA0_IRQHandler) referenced from startup_mspm0g350x_uvision.o(RESET)
 <LI><a href="#[16]">TIMA1_IRQHandler</a> from lq_isr.o(.text.TIMA1_IRQHandler) referenced from startup_mspm0g350x_uvision.o(RESET)
 <LI><a href="#[13]">TIMG0_IRQHandler</a> from lq_isr.o(.text.TIMG0_IRQHandler) referenced from startup_mspm0g350x_uvision.o(RESET)
 <LI><a href="#[18]">TIMG12_IRQHandler</a> from lq_isr.o(.text.TIMG12_IRQHandler) referenced from startup_mspm0g350x_uvision.o(RESET)
 <LI><a href="#[14]">TIMG6_IRQHandler</a> from lq_isr.o(.text.TIMG6_IRQHandler) referenced from startup_mspm0g350x_uvision.o(RESET)
 <LI><a href="#[17]">TIMG7_IRQHandler</a> from lq_isr.o(.text.TIMG7_IRQHandler) referenced from startup_mspm0g350x_uvision.o(RESET)
 <LI><a href="#[8]">TIMG8_IRQHandler</a> from lq_isr.o(.text.TIMG8_IRQHandler) referenced from startup_mspm0g350x_uvision.o(RESET)
 <LI><a href="#[12]">UART0_IRQHandler</a> from lq_isr.o(.text.UART0_IRQHandler) referenced from startup_mspm0g350x_uvision.o(RESET)
 <LI><a href="#[10]">UART1_IRQHandler</a> from lq_isr.o(.text.UART1_IRQHandler) referenced from startup_mspm0g350x_uvision.o(RESET)
 <LI><a href="#[11]">UART2_IRQHandler</a> from lq_isr.o(.text.UART2_IRQHandler) referenced from startup_mspm0g350x_uvision.o(RESET)
 <LI><a href="#[9]">UART3_IRQHandler</a> from lq_isr.o(.text.UART3_IRQHandler) referenced from startup_mspm0g350x_uvision.o(RESET)
 <LI><a href="#[1f]">__main</a> from entry.o(.ARM.Collect$$$$00000000) referenced from startup_mspm0g350x_uvision.o(.text)
 <LI><a href="#[21]">_sbackspace</a> from _sgetc.o(.text) referenced from __0sscanf.o(.text)
 <LI><a href="#[22]">_scanf_char_input</a> from scanf_char.o(.text) referenced from scanf_char.o(.text)
 <LI><a href="#[20]">_sgetc</a> from _sgetc.o(.text) referenced from __0sscanf.o(.text)
 <LI><a href="#[26]">_snputc</a> from printf6.o(i._snputc) referenced from printf6.o(i.__0snprintf$6)
 <LI><a href="#[23]">isspace</a> from isspace_c.o(.text) referenced from scanf_char.o(.text)
 <LI><a href="#[1e]">main</a> from main_diansai.o(.text.main) referenced from entry9a.o(.ARM.Collect$$$$0000000B)
</UL>
<P>
<H3>
Global Symbols
</H3>
<P><STRONG><a name="[1f]"></a>__main</STRONG> (Thumb, 0 bytes, Stack size unknown bytes, entry.o(.ARM.Collect$$$$00000000))
<BR>[Address Reference Count : 1]<UL><LI> startup_mspm0g350x_uvision.o(.text)
</UL>
<P><STRONG><a name="[f0]"></a>_main_stk</STRONG> (Thumb, 0 bytes, Stack size unknown bytes, entry2.o(.ARM.Collect$$$$00000001))

<P><STRONG><a name="[27]"></a>_main_scatterload</STRONG> (Thumb, 0 bytes, Stack size unknown bytes, entry5.o(.ARM.Collect$$$$00000004))
<BR><BR>[Calls]<UL><LI><a href="#[28]">&gt;&gt;</a>&nbsp;&nbsp;&nbsp;__scatterload
</UL>

<P><STRONG><a name="[4c]"></a>__main_after_scatterload</STRONG> (Thumb, 0 bytes, Stack size unknown bytes, entry5.o(.ARM.Collect$$$$00000004))
<BR><BR>[Called By]<UL><LI><a href="#[28]">&gt;&gt;</a>&nbsp;&nbsp;&nbsp;__scatterload
</UL>

<P><STRONG><a name="[f1]"></a>_main_clock</STRONG> (Thumb, 0 bytes, Stack size unknown bytes, entry7b.o(.ARM.Collect$$$$00000008))

<P><STRONG><a name="[f2]"></a>_main_cpp_init</STRONG> (Thumb, 0 bytes, Stack size unknown bytes, entry8b.o(.ARM.Collect$$$$0000000A))

<P><STRONG><a name="[f3]"></a>_main_init</STRONG> (Thumb, 0 bytes, Stack size unknown bytes, entry9a.o(.ARM.Collect$$$$0000000B))

<P><STRONG><a name="[f4]"></a>__rt_final_cpp</STRONG> (Thumb, 0 bytes, Stack size unknown bytes, entry10a.o(.ARM.Collect$$$$0000000D))

<P><STRONG><a name="[f5]"></a>__rt_final_exit</STRONG> (Thumb, 0 bytes, Stack size unknown bytes, entry11a.o(.ARM.Collect$$$$0000000F))

<P><STRONG><a name="[0]"></a>Reset_Handler</STRONG> (Thumb, 4 bytes, Stack size 0 bytes, startup_mspm0g350x_uvision.o(.text))
<BR>[Address Reference Count : 1]<UL><LI> startup_mspm0g350x_uvision.o(RESET)
</UL>
<P><STRONG><a name="[1]"></a>NMI_Handler</STRONG> (Thumb, 2 bytes, Stack size 0 bytes, startup_mspm0g350x_uvision.o(.text))
<BR><BR>[Calls]<UL><LI><a href="#[1]">&gt;&gt;</a>&nbsp;&nbsp;&nbsp;NMI_Handler
</UL>
<BR>[Called By]<UL><LI><a href="#[1]">&gt;&gt;</a>&nbsp;&nbsp;&nbsp;NMI_Handler
</UL>
<BR>[Address Reference Count : 1]<UL><LI> startup_mspm0g350x_uvision.o(RESET)
</UL>
<P><STRONG><a name="[2]"></a>HardFault_Handler</STRONG> (Thumb, 2 bytes, Stack size 0 bytes, startup_mspm0g350x_uvision.o(.text))
<BR><BR>[Calls]<UL><LI><a href="#[2]">&gt;&gt;</a>&nbsp;&nbsp;&nbsp;HardFault_Handler
</UL>
<BR>[Called By]<UL><LI><a href="#[2]">&gt;&gt;</a>&nbsp;&nbsp;&nbsp;HardFault_Handler
</UL>
<BR>[Address Reference Count : 1]<UL><LI> startup_mspm0g350x_uvision.o(RESET)
</UL>
<P><STRONG><a name="[3]"></a>SVC_Handler</STRONG> (Thumb, 2 bytes, Stack size 0 bytes, startup_mspm0g350x_uvision.o(.text))
<BR><BR>[Calls]<UL><LI><a href="#[3]">&gt;&gt;</a>&nbsp;&nbsp;&nbsp;SVC_Handler
</UL>
<BR>[Called By]<UL><LI><a href="#[3]">&gt;&gt;</a>&nbsp;&nbsp;&nbsp;SVC_Handler
</UL>
<BR>[Address Reference Count : 1]<UL><LI> startup_mspm0g350x_uvision.o(RESET)
</UL>
<P><STRONG><a name="[4]"></a>PendSV_Handler</STRONG> (Thumb, 2 bytes, Stack size 0 bytes, startup_mspm0g350x_uvision.o(.text))
<BR><BR>[Calls]<UL><LI><a href="#[4]">&gt;&gt;</a>&nbsp;&nbsp;&nbsp;PendSV_Handler
</UL>
<BR>[Called By]<UL><LI><a href="#[4]">&gt;&gt;</a>&nbsp;&nbsp;&nbsp;PendSV_Handler
</UL>
<BR>[Address Reference Count : 1]<UL><LI> startup_mspm0g350x_uvision.o(RESET)
</UL>
<P><STRONG><a name="[1b]"></a>AES_IRQHandler</STRONG> (Thumb, 0 bytes, Stack size 0 bytes, startup_mspm0g350x_uvision.o(.text))
<BR>[Address Reference Count : 1]<UL><LI> startup_mspm0g350x_uvision.o(RESET)
</UL>
<P><STRONG><a name="[c]"></a>CANFD0_IRQHandler</STRONG> (Thumb, 0 bytes, Stack size 0 bytes, startup_mspm0g350x_uvision.o(.text))
<BR>[Address Reference Count : 1]<UL><LI> startup_mspm0g350x_uvision.o(RESET)
</UL>
<P><STRONG><a name="[d]"></a>DAC0_IRQHandler</STRONG> (Thumb, 0 bytes, Stack size 0 bytes, startup_mspm0g350x_uvision.o(.text))
<BR>[Address Reference Count : 1]<UL><LI> startup_mspm0g350x_uvision.o(RESET)
</UL>
<P><STRONG><a name="[29]"></a>Default_Handler</STRONG> (Thumb, 2 bytes, Stack size 0 bytes, startup_mspm0g350x_uvision.o(.text), UNUSED)
<BR><BR>[Calls]<UL><LI><a href="#[29]">&gt;&gt;</a>&nbsp;&nbsp;&nbsp;Default_Handler
</UL>
<BR>[Called By]<UL><LI><a href="#[29]">&gt;&gt;</a>&nbsp;&nbsp;&nbsp;Default_Handler
</UL>

<P><STRONG><a name="[6]"></a>GROUP0_IRQHandler</STRONG> (Thumb, 0 bytes, Stack size 0 bytes, startup_mspm0g350x_uvision.o(.text))
<BR>[Address Reference Count : 1]<UL><LI> startup_mspm0g350x_uvision.o(RESET)
</UL>
<P><STRONG><a name="[19]"></a>I2C0_IRQHandler</STRONG> (Thumb, 0 bytes, Stack size 0 bytes, startup_mspm0g350x_uvision.o(.text))
<BR>[Address Reference Count : 1]<UL><LI> startup_mspm0g350x_uvision.o(RESET)
</UL>
<P><STRONG><a name="[1a]"></a>I2C1_IRQHandler</STRONG> (Thumb, 0 bytes, Stack size 0 bytes, startup_mspm0g350x_uvision.o(.text))
<BR>[Address Reference Count : 1]<UL><LI> startup_mspm0g350x_uvision.o(RESET)
</UL>
<P><STRONG><a name="[1c]"></a>RTC_IRQHandler</STRONG> (Thumb, 0 bytes, Stack size 0 bytes, startup_mspm0g350x_uvision.o(.text))
<BR>[Address Reference Count : 1]<UL><LI> startup_mspm0g350x_uvision.o(RESET)
</UL>
<P><STRONG><a name="[e]"></a>SPI0_IRQHandler</STRONG> (Thumb, 0 bytes, Stack size 0 bytes, startup_mspm0g350x_uvision.o(.text))
<BR>[Address Reference Count : 1]<UL><LI> startup_mspm0g350x_uvision.o(RESET)
</UL>
<P><STRONG><a name="[f]"></a>SPI1_IRQHandler</STRONG> (Thumb, 0 bytes, Stack size 0 bytes, startup_mspm0g350x_uvision.o(.text))
<BR>[Address Reference Count : 1]<UL><LI> startup_mspm0g350x_uvision.o(RESET)
</UL>
<P><STRONG><a name="[2a]"></a>__aeabi_ldivmod</STRONG> (Thumb, 76 bytes, Stack size 24 bytes, ldiv.o(.text))
<BR><BR>[Stack]<UL><LI>Max Depth = 80<LI>Call Chain = __aeabi_ldivmod &rArr; __aeabi_uldivmod &rArr; __aeabi_llsr
</UL>
<BR>[Calls]<UL><LI><a href="#[2b]">&gt;&gt;</a>&nbsp;&nbsp;&nbsp;__aeabi_uldivmod
</UL>
<BR>[Called By]<UL><LI><a href="#[97]">&gt;&gt;</a>&nbsp;&nbsp;&nbsp;VehicleSquare_Update
</UL>

<P><STRONG><a name="[dc]"></a>__aeabi_lmul</STRONG> (Thumb, 48 bytes, Stack size 12 bytes, llmul.o(.text))
<BR><BR>[Stack]<UL><LI>Max Depth = 12<LI>Call Chain = __aeabi_lmul
</UL>
<BR>[Called By]<UL><LI><a href="#[97]">&gt;&gt;</a>&nbsp;&nbsp;&nbsp;VehicleSquare_Update
</UL>

<P><STRONG><a name="[f6]"></a>_ll_mul</STRONG> (Thumb, 0 bytes, Stack size 12 bytes, llmul.o(.text), UNUSED)

<P><STRONG><a name="[f7]"></a>__aeabi_memcpy</STRONG> (Thumb, 36 bytes, Stack size 0 bytes, memcpya.o(.text), UNUSED)

<P><STRONG><a name="[9b]"></a>__aeabi_memcpy4</STRONG> (Thumb, 0 bytes, Stack size 0 bytes, memcpya.o(.text))
<BR><BR>[Called By]<UL><LI><a href="#[87]">&gt;&gt;</a>&nbsp;&nbsp;&nbsp;DiansaiApp_Run
<LI><a href="#[96]">&gt;&gt;</a>&nbsp;&nbsp;&nbsp;SendSquareTelemetry
<LI><a href="#[93]">&gt;&gt;</a>&nbsp;&nbsp;&nbsp;SendLineTelemetry
<LI><a href="#[8d]">&gt;&gt;</a>&nbsp;&nbsp;&nbsp;SendKeyFrame
<LI><a href="#[70]">&gt;&gt;</a>&nbsp;&nbsp;&nbsp;SendGrayCalibration
<LI><a href="#[86]">&gt;&gt;</a>&nbsp;&nbsp;&nbsp;SendModeFrame
</UL>

<P><STRONG><a name="[f8]"></a>__aeabi_memcpy8</STRONG> (Thumb, 0 bytes, Stack size 0 bytes, memcpya.o(.text), UNUSED)

<P><STRONG><a name="[2d]"></a>__aeabi_memset</STRONG> (Thumb, 14 bytes, Stack size 0 bytes, memseta.o(.text), UNUSED)
<BR><BR>[Called By]<UL><LI><a href="#[2e]">&gt;&gt;</a>&nbsp;&nbsp;&nbsp;_memset$wrapper
<LI><a href="#[2c]">&gt;&gt;</a>&nbsp;&nbsp;&nbsp;__aeabi_memclr
</UL>

<P><STRONG><a name="[f9]"></a>__aeabi_memset4</STRONG> (Thumb, 0 bytes, Stack size 0 bytes, memseta.o(.text), UNUSED)

<P><STRONG><a name="[fa]"></a>__aeabi_memset8</STRONG> (Thumb, 0 bytes, Stack size 0 bytes, memseta.o(.text), UNUSED)

<P><STRONG><a name="[2c]"></a>__aeabi_memclr</STRONG> (Thumb, 4 bytes, Stack size 0 bytes, memseta.o(.text), UNUSED)
<BR><BR>[Calls]<UL><LI><a href="#[2d]">&gt;&gt;</a>&nbsp;&nbsp;&nbsp;__aeabi_memset
</UL>

<P><STRONG><a name="[63]"></a>__aeabi_memclr4</STRONG> (Thumb, 0 bytes, Stack size 0 bytes, memseta.o(.text))
<BR><BR>[Called By]<UL><LI><a href="#[9a]">&gt;&gt;</a>&nbsp;&nbsp;&nbsp;VehicleCascade_Step
<LI><a href="#[8c]">&gt;&gt;</a>&nbsp;&nbsp;&nbsp;VehicleGray_ResetCalibration
<LI><a href="#[5d]">&gt;&gt;</a>&nbsp;&nbsp;&nbsp;VehicleLine_Reset
<LI><a href="#[76]">&gt;&gt;</a>&nbsp;&nbsp;&nbsp;VehicleLine_Configure
<LI><a href="#[83]">&gt;&gt;</a>&nbsp;&nbsp;&nbsp;VehicleCascade_Init
<LI><a href="#[80]">&gt;&gt;</a>&nbsp;&nbsp;&nbsp;VehicleLine_Init
<LI><a href="#[7f]">&gt;&gt;</a>&nbsp;&nbsp;&nbsp;VehicleGray_Init
<LI><a href="#[7e]">&gt;&gt;</a>&nbsp;&nbsp;&nbsp;VehicleSquare_Init
<LI><a href="#[69]">&gt;&gt;</a>&nbsp;&nbsp;&nbsp;BoardIo_Init
<LI><a href="#[79]">&gt;&gt;</a>&nbsp;&nbsp;&nbsp;DiansaiApp_Init
<LI><a href="#[62]">&gt;&gt;</a>&nbsp;&nbsp;&nbsp;BeginRawControl
<LI><a href="#[5c]">&gt;&gt;</a>&nbsp;&nbsp;&nbsp;StopControl
</UL>

<P><STRONG><a name="[fb]"></a>__aeabi_memclr8</STRONG> (Thumb, 0 bytes, Stack size 0 bytes, memseta.o(.text), UNUSED)

<P><STRONG><a name="[2e]"></a>_memset$wrapper</STRONG> (Thumb, 18 bytes, Stack size 8 bytes, memseta.o(.text), UNUSED)
<BR><BR>[Calls]<UL><LI><a href="#[2d]">&gt;&gt;</a>&nbsp;&nbsp;&nbsp;__aeabi_memset
</UL>

<P><STRONG><a name="[e4]"></a>strlen</STRONG> (Thumb, 14 bytes, Stack size 0 bytes, strlen.o(.text))
<BR><BR>[Called By]<UL><LI><a href="#[72]">&gt;&gt;</a>&nbsp;&nbsp;&nbsp;WheeltecLink_SendText
</UL>

<P><STRONG><a name="[c4]"></a>strcmp</STRONG> (Thumb, 28 bytes, Stack size 8 bytes, strcmp.o(.text))
<BR><BR>[Stack]<UL><LI>Max Depth = 8<LI>Call Chain = strcmp
</UL>
<BR>[Called By]<UL><LI><a href="#[c3]">&gt;&gt;</a>&nbsp;&nbsp;&nbsp;VehicleCommand_Parse
<LI><a href="#[24]">&gt;&gt;</a>&nbsp;&nbsp;&nbsp;ProcessCommand
</UL>

<P><STRONG><a name="[c5]"></a>strncmp</STRONG> (Thumb, 30 bytes, Stack size 12 bytes, strncmp.o(.text))
<BR><BR>[Stack]<UL><LI>Max Depth = 12<LI>Call Chain = strncmp
</UL>
<BR>[Called By]<UL><LI><a href="#[c3]">&gt;&gt;</a>&nbsp;&nbsp;&nbsp;VehicleCommand_Parse
<LI><a href="#[24]">&gt;&gt;</a>&nbsp;&nbsp;&nbsp;ProcessCommand
</UL>

<P><STRONG><a name="[2f]"></a>__0sscanf</STRONG> (Thumb, 50 bytes, Stack size 72 bytes, __0sscanf.o(.text))
<BR><BR>[Stack]<UL><LI>Max Depth = 208<LI>Call Chain = __0sscanf &rArr; __vfscanf_char &rArr; __vfscanf &rArr; _scanf_int
</UL>
<BR>[Calls]<UL><LI><a href="#[30]">&gt;&gt;</a>&nbsp;&nbsp;&nbsp;__vfscanf_char
</UL>
<BR>[Called By]<UL><LI><a href="#[c3]">&gt;&gt;</a>&nbsp;&nbsp;&nbsp;VehicleCommand_Parse
</UL>

<P><STRONG><a name="[31]"></a>_scanf_int</STRONG> (Thumb, 330 bytes, Stack size 48 bytes, _scanf_int.o(.text))
<BR><BR>[Stack]<UL><LI>Max Depth = 48<LI>Call Chain = _scanf_int
</UL>
<BR>[Calls]<UL><LI><a href="#[32]">&gt;&gt;</a>&nbsp;&nbsp;&nbsp;_chval
</UL>
<BR>[Called By]<UL><LI><a href="#[49]">&gt;&gt;</a>&nbsp;&nbsp;&nbsp;__vfscanf
</UL>

<P><STRONG><a name="[33]"></a>__aeabi_fadd</STRONG> (Thumb, 162 bytes, Stack size 24 bytes, fadd.o(.text))
<BR><BR>[Stack]<UL><LI>Max Depth = 36<LI>Call Chain = __aeabi_fadd &rArr; _float_epilogue
</UL>
<BR>[Calls]<UL><LI><a href="#[35]">&gt;&gt;</a>&nbsp;&nbsp;&nbsp;_float_round
<LI><a href="#[34]">&gt;&gt;</a>&nbsp;&nbsp;&nbsp;_float_epilogue
</UL>
<BR>[Called By]<UL><LI><a href="#[a0]">&gt;&gt;</a>&nbsp;&nbsp;&nbsp;IncrementalPidStep
<LI><a href="#[59]">&gt;&gt;</a>&nbsp;&nbsp;&nbsp;VehicleCascade_ResetHeadingReference
<LI><a href="#[d0]">&gt;&gt;</a>&nbsp;&nbsp;&nbsp;VehicleTelemetry_SendLine
<LI><a href="#[d2]">&gt;&gt;</a>&nbsp;&nbsp;&nbsp;VehicleTelemetry_SendSquare
<LI><a href="#[36]">&gt;&gt;</a>&nbsp;&nbsp;&nbsp;__aeabi_fsub
<LI><a href="#[cb]">&gt;&gt;</a>&nbsp;&nbsp;&nbsp;VehicleSquare_Start
<LI><a href="#[9d]">&gt;&gt;</a>&nbsp;&nbsp;&nbsp;VehicleTelemetry_SendState
<LI><a href="#[9c]">&gt;&gt;</a>&nbsp;&nbsp;&nbsp;VehicleTelemetry_SendSpeed
<LI><a href="#[9a]">&gt;&gt;</a>&nbsp;&nbsp;&nbsp;VehicleCascade_Step
<LI><a href="#[97]">&gt;&gt;</a>&nbsp;&nbsp;&nbsp;VehicleSquare_Update
<LI><a href="#[5e]">&gt;&gt;</a>&nbsp;&nbsp;&nbsp;VehicleLine_Update
<LI><a href="#[91]">&gt;&gt;</a>&nbsp;&nbsp;&nbsp;VehicleImu_Update
<LI><a href="#[8e]">&gt;&gt;</a>&nbsp;&nbsp;&nbsp;VehicleEncoder_Update
<LI><a href="#[87]">&gt;&gt;</a>&nbsp;&nbsp;&nbsp;DiansaiApp_Run
<LI><a href="#[cc]">&gt;&gt;</a>&nbsp;&nbsp;&nbsp;WrapAngleDegrees
<LI><a href="#[51]">&gt;&gt;</a>&nbsp;&nbsp;&nbsp;BeginHeadingControl
<LI><a href="#[5a]">&gt;&gt;</a>&nbsp;&nbsp;&nbsp;BeginLineControl
<LI><a href="#[37]">&gt;&gt;</a>&nbsp;&nbsp;&nbsp;__aeabi_frsub
<LI><a href="#[da]">&gt;&gt;</a>&nbsp;&nbsp;&nbsp;atan2f
<LI><a href="#[e9]">&gt;&gt;</a>&nbsp;&nbsp;&nbsp;__mathlib_flt_infnan2
</UL>

<P><STRONG><a name="[36]"></a>__aeabi_fsub</STRONG> (Thumb, 8 bytes, Stack size 0 bytes, fadd.o(.text))
<BR><BR>[Stack]<UL><LI>Max Depth = 36<LI>Call Chain = __aeabi_fsub &rArr; __aeabi_fadd &rArr; _float_epilogue
</UL>
<BR>[Calls]<UL><LI><a href="#[33]">&gt;&gt;</a>&nbsp;&nbsp;&nbsp;__aeabi_fadd
</UL>
<BR>[Called By]<UL><LI><a href="#[a0]">&gt;&gt;</a>&nbsp;&nbsp;&nbsp;IncrementalPidStep
<LI><a href="#[9a]">&gt;&gt;</a>&nbsp;&nbsp;&nbsp;VehicleCascade_Step
<LI><a href="#[97]">&gt;&gt;</a>&nbsp;&nbsp;&nbsp;VehicleSquare_Update
<LI><a href="#[5e]">&gt;&gt;</a>&nbsp;&nbsp;&nbsp;VehicleLine_Update
<LI><a href="#[91]">&gt;&gt;</a>&nbsp;&nbsp;&nbsp;VehicleImu_Update
<LI><a href="#[24]">&gt;&gt;</a>&nbsp;&nbsp;&nbsp;ProcessCommand
<LI><a href="#[da]">&gt;&gt;</a>&nbsp;&nbsp;&nbsp;atan2f
</UL>

<P><STRONG><a name="[37]"></a>__aeabi_frsub</STRONG> (Thumb, 8 bytes, Stack size 0 bytes, fadd.o(.text))
<BR><BR>[Stack]<UL><LI>Max Depth = 36<LI>Call Chain = __aeabi_frsub &rArr; __aeabi_fadd &rArr; _float_epilogue
</UL>
<BR>[Calls]<UL><LI><a href="#[33]">&gt;&gt;</a>&nbsp;&nbsp;&nbsp;__aeabi_fadd
</UL>
<BR>[Called By]<UL><LI><a href="#[da]">&gt;&gt;</a>&nbsp;&nbsp;&nbsp;atan2f
</UL>

<P><STRONG><a name="[60]"></a>__aeabi_fmul</STRONG> (Thumb, 122 bytes, Stack size 16 bytes, fmul.o(.text))
<BR><BR>[Stack]<UL><LI>Max Depth = 16<LI>Call Chain = __aeabi_fmul
</UL>
<BR>[Called By]<UL><LI><a href="#[a0]">&gt;&gt;</a>&nbsp;&nbsp;&nbsp;IncrementalPidStep
<LI><a href="#[d0]">&gt;&gt;</a>&nbsp;&nbsp;&nbsp;VehicleTelemetry_SendLine
<LI><a href="#[d2]">&gt;&gt;</a>&nbsp;&nbsp;&nbsp;VehicleTelemetry_SendSquare
<LI><a href="#[9d]">&gt;&gt;</a>&nbsp;&nbsp;&nbsp;VehicleTelemetry_SendState
<LI><a href="#[9c]">&gt;&gt;</a>&nbsp;&nbsp;&nbsp;VehicleTelemetry_SendSpeed
<LI><a href="#[9a]">&gt;&gt;</a>&nbsp;&nbsp;&nbsp;VehicleCascade_Step
<LI><a href="#[97]">&gt;&gt;</a>&nbsp;&nbsp;&nbsp;VehicleSquare_Update
<LI><a href="#[5e]">&gt;&gt;</a>&nbsp;&nbsp;&nbsp;VehicleLine_Update
<LI><a href="#[91]">&gt;&gt;</a>&nbsp;&nbsp;&nbsp;VehicleImu_Update
<LI><a href="#[8e]">&gt;&gt;</a>&nbsp;&nbsp;&nbsp;VehicleEncoder_Update
<LI><a href="#[87]">&gt;&gt;</a>&nbsp;&nbsp;&nbsp;DiansaiApp_Run
<LI><a href="#[74]">&gt;&gt;</a>&nbsp;&nbsp;&nbsp;VehicleImu_CalibrateGyro
<LI><a href="#[77]">&gt;&gt;</a>&nbsp;&nbsp;&nbsp;ConfigureYawPid
<LI><a href="#[5a]">&gt;&gt;</a>&nbsp;&nbsp;&nbsp;BeginLineControl
<LI><a href="#[da]">&gt;&gt;</a>&nbsp;&nbsp;&nbsp;atan2f
</UL>

<P><STRONG><a name="[38]"></a>__aeabi_fdiv</STRONG> (Thumb, 124 bytes, Stack size 16 bytes, fdiv.o(.text))
<BR><BR>[Stack]<UL><LI>Max Depth = 16<LI>Call Chain = __aeabi_fdiv
</UL>
<BR>[Calls]<UL><LI><a href="#[35]">&gt;&gt;</a>&nbsp;&nbsp;&nbsp;_float_round
</UL>
<BR>[Called By]<UL><LI><a href="#[a0]">&gt;&gt;</a>&nbsp;&nbsp;&nbsp;IncrementalPidStep
<LI><a href="#[9a]">&gt;&gt;</a>&nbsp;&nbsp;&nbsp;VehicleCascade_Step
<LI><a href="#[5e]">&gt;&gt;</a>&nbsp;&nbsp;&nbsp;VehicleLine_Update
<LI><a href="#[91]">&gt;&gt;</a>&nbsp;&nbsp;&nbsp;VehicleImu_Update
<LI><a href="#[8e]">&gt;&gt;</a>&nbsp;&nbsp;&nbsp;VehicleEncoder_Update
<LI><a href="#[87]">&gt;&gt;</a>&nbsp;&nbsp;&nbsp;DiansaiApp_Run
<LI><a href="#[75]">&gt;&gt;</a>&nbsp;&nbsp;&nbsp;ConfigureLinePid
<LI><a href="#[24]">&gt;&gt;</a>&nbsp;&nbsp;&nbsp;ProcessCommand
<LI><a href="#[da]">&gt;&gt;</a>&nbsp;&nbsp;&nbsp;atan2f
</UL>

<P><STRONG><a name="[39]"></a>__aeabi_dadd</STRONG> (Thumb, 328 bytes, Stack size 48 bytes, dadd.o(.text))
<BR><BR>[Stack]<UL><LI>Max Depth = 104<LI>Call Chain = __aeabi_dadd &rArr; _double_epilogue &rArr; __aeabi_llsr
</UL>
<BR>[Calls]<UL><LI><a href="#[3b]">&gt;&gt;</a>&nbsp;&nbsp;&nbsp;__aeabi_lasr
<LI><a href="#[3a]">&gt;&gt;</a>&nbsp;&nbsp;&nbsp;__aeabi_llsl
<LI><a href="#[3d]">&gt;&gt;</a>&nbsp;&nbsp;&nbsp;_double_round
<LI><a href="#[3c]">&gt;&gt;</a>&nbsp;&nbsp;&nbsp;_double_epilogue
</UL>
<BR>[Called By]<UL><LI><a href="#[b4]">&gt;&gt;</a>&nbsp;&nbsp;&nbsp;LQ_UART_Init
<LI><a href="#[3e]">&gt;&gt;</a>&nbsp;&nbsp;&nbsp;__aeabi_dsub
<LI><a href="#[3f]">&gt;&gt;</a>&nbsp;&nbsp;&nbsp;__aeabi_drsub
</UL>

<P><STRONG><a name="[3e]"></a>__aeabi_dsub</STRONG> (Thumb, 12 bytes, Stack size 8 bytes, dadd.o(.text))
<BR><BR>[Stack]<UL><LI>Max Depth = 112<LI>Call Chain = __aeabi_dsub &rArr; __aeabi_dadd &rArr; _double_epilogue &rArr; __aeabi_llsr
</UL>
<BR>[Calls]<UL><LI><a href="#[39]">&gt;&gt;</a>&nbsp;&nbsp;&nbsp;__aeabi_dadd
</UL>
<BR>[Called By]<UL><LI><a href="#[b4]">&gt;&gt;</a>&nbsp;&nbsp;&nbsp;LQ_UART_Init
</UL>

<P><STRONG><a name="[3f]"></a>__aeabi_drsub</STRONG> (Thumb, 12 bytes, Stack size 8 bytes, dadd.o(.text), UNUSED)
<BR><BR>[Calls]<UL><LI><a href="#[39]">&gt;&gt;</a>&nbsp;&nbsp;&nbsp;__aeabi_dadd
</UL>

<P><STRONG><a name="[40]"></a>__aeabi_dmul</STRONG> (Thumb, 202 bytes, Stack size 72 bytes, dmul.o(.text))
<BR><BR>[Stack]<UL><LI>Max Depth = 128<LI>Call Chain = __aeabi_dmul &rArr; _double_epilogue &rArr; __aeabi_llsr
</UL>
<BR>[Calls]<UL><LI><a href="#[3c]">&gt;&gt;</a>&nbsp;&nbsp;&nbsp;_double_epilogue
</UL>
<BR>[Called By]<UL><LI><a href="#[b4]">&gt;&gt;</a>&nbsp;&nbsp;&nbsp;LQ_UART_Init
</UL>

<P><STRONG><a name="[41]"></a>__aeabi_ddiv</STRONG> (Thumb, 234 bytes, Stack size 40 bytes, ddiv.o(.text))
<BR><BR>[Stack]<UL><LI>Max Depth = 48<LI>Call Chain = __aeabi_ddiv &rArr; _double_round
</UL>
<BR>[Calls]<UL><LI><a href="#[3d]">&gt;&gt;</a>&nbsp;&nbsp;&nbsp;_double_round
</UL>
<BR>[Called By]<UL><LI><a href="#[b4]">&gt;&gt;</a>&nbsp;&nbsp;&nbsp;LQ_UART_Init
</UL>

<P><STRONG><a name="[54]"></a>__aeabi_fcmple</STRONG> (Thumb, 28 bytes, Stack size 0 bytes, fcmple.o(.text))
<BR><BR>[Called By]<UL><LI><a href="#[59]">&gt;&gt;</a>&nbsp;&nbsp;&nbsp;VehicleCascade_ResetHeadingReference
<LI><a href="#[cb]">&gt;&gt;</a>&nbsp;&nbsp;&nbsp;VehicleSquare_Start
<LI><a href="#[9a]">&gt;&gt;</a>&nbsp;&nbsp;&nbsp;VehicleCascade_Step
<LI><a href="#[97]">&gt;&gt;</a>&nbsp;&nbsp;&nbsp;VehicleSquare_Update
<LI><a href="#[5e]">&gt;&gt;</a>&nbsp;&nbsp;&nbsp;VehicleLine_Update
<LI><a href="#[91]">&gt;&gt;</a>&nbsp;&nbsp;&nbsp;VehicleImu_Update
<LI><a href="#[cc]">&gt;&gt;</a>&nbsp;&nbsp;&nbsp;WrapAngleDegrees
<LI><a href="#[51]">&gt;&gt;</a>&nbsp;&nbsp;&nbsp;BeginHeadingControl
</UL>

<P><STRONG><a name="[57]"></a>__aeabi_fcmplt</STRONG> (Thumb, 28 bytes, Stack size 0 bytes, fcmplt.o(.text))
<BR><BR>[Called By]<UL><LI><a href="#[a0]">&gt;&gt;</a>&nbsp;&nbsp;&nbsp;IncrementalPidStep
<LI><a href="#[59]">&gt;&gt;</a>&nbsp;&nbsp;&nbsp;VehicleCascade_ResetHeadingReference
<LI><a href="#[cb]">&gt;&gt;</a>&nbsp;&nbsp;&nbsp;VehicleSquare_Start
<LI><a href="#[9a]">&gt;&gt;</a>&nbsp;&nbsp;&nbsp;VehicleCascade_Step
<LI><a href="#[97]">&gt;&gt;</a>&nbsp;&nbsp;&nbsp;VehicleSquare_Update
<LI><a href="#[5e]">&gt;&gt;</a>&nbsp;&nbsp;&nbsp;VehicleLine_Update
<LI><a href="#[91]">&gt;&gt;</a>&nbsp;&nbsp;&nbsp;VehicleImu_Update
<LI><a href="#[cc]">&gt;&gt;</a>&nbsp;&nbsp;&nbsp;WrapAngleDegrees
<LI><a href="#[51]">&gt;&gt;</a>&nbsp;&nbsp;&nbsp;BeginHeadingControl
</UL>

<P><STRONG><a name="[56]"></a>__aeabi_fcmpge</STRONG> (Thumb, 28 bytes, Stack size 0 bytes, fcmpge.o(.text))
<BR><BR>[Called By]<UL><LI><a href="#[59]">&gt;&gt;</a>&nbsp;&nbsp;&nbsp;VehicleCascade_ResetHeadingReference
<LI><a href="#[d0]">&gt;&gt;</a>&nbsp;&nbsp;&nbsp;VehicleTelemetry_SendLine
<LI><a href="#[d2]">&gt;&gt;</a>&nbsp;&nbsp;&nbsp;VehicleTelemetry_SendSquare
<LI><a href="#[cb]">&gt;&gt;</a>&nbsp;&nbsp;&nbsp;VehicleSquare_Start
<LI><a href="#[9d]">&gt;&gt;</a>&nbsp;&nbsp;&nbsp;VehicleTelemetry_SendState
<LI><a href="#[9c]">&gt;&gt;</a>&nbsp;&nbsp;&nbsp;VehicleTelemetry_SendSpeed
<LI><a href="#[9a]">&gt;&gt;</a>&nbsp;&nbsp;&nbsp;VehicleCascade_Step
<LI><a href="#[97]">&gt;&gt;</a>&nbsp;&nbsp;&nbsp;VehicleSquare_Update
<LI><a href="#[91]">&gt;&gt;</a>&nbsp;&nbsp;&nbsp;VehicleImu_Update
<LI><a href="#[8e]">&gt;&gt;</a>&nbsp;&nbsp;&nbsp;VehicleEncoder_Update
<LI><a href="#[87]">&gt;&gt;</a>&nbsp;&nbsp;&nbsp;DiansaiApp_Run
<LI><a href="#[cc]">&gt;&gt;</a>&nbsp;&nbsp;&nbsp;WrapAngleDegrees
<LI><a href="#[51]">&gt;&gt;</a>&nbsp;&nbsp;&nbsp;BeginHeadingControl
<LI><a href="#[24]">&gt;&gt;</a>&nbsp;&nbsp;&nbsp;ProcessCommand
<LI><a href="#[5a]">&gt;&gt;</a>&nbsp;&nbsp;&nbsp;BeginLineControl
</UL>

<P><STRONG><a name="[55]"></a>__aeabi_fcmpgt</STRONG> (Thumb, 28 bytes, Stack size 0 bytes, fcmpgt.o(.text))
<BR><BR>[Called By]<UL><LI><a href="#[a0]">&gt;&gt;</a>&nbsp;&nbsp;&nbsp;IncrementalPidStep
<LI><a href="#[59]">&gt;&gt;</a>&nbsp;&nbsp;&nbsp;VehicleCascade_ResetHeadingReference
<LI><a href="#[cb]">&gt;&gt;</a>&nbsp;&nbsp;&nbsp;VehicleSquare_Start
<LI><a href="#[9a]">&gt;&gt;</a>&nbsp;&nbsp;&nbsp;VehicleCascade_Step
<LI><a href="#[97]">&gt;&gt;</a>&nbsp;&nbsp;&nbsp;VehicleSquare_Update
<LI><a href="#[5e]">&gt;&gt;</a>&nbsp;&nbsp;&nbsp;VehicleLine_Update
<LI><a href="#[91]">&gt;&gt;</a>&nbsp;&nbsp;&nbsp;VehicleImu_Update
<LI><a href="#[76]">&gt;&gt;</a>&nbsp;&nbsp;&nbsp;VehicleLine_Configure
<LI><a href="#[cc]">&gt;&gt;</a>&nbsp;&nbsp;&nbsp;WrapAngleDegrees
<LI><a href="#[51]">&gt;&gt;</a>&nbsp;&nbsp;&nbsp;BeginHeadingControl
</UL>

<P><STRONG><a name="[a1]"></a>__aeabi_fcmpeq</STRONG> (Thumb, 28 bytes, Stack size 0 bytes, fcmpeq.o(.text))
<BR><BR>[Called By]<UL><LI><a href="#[a0]">&gt;&gt;</a>&nbsp;&nbsp;&nbsp;IncrementalPidStep
</UL>

<P><STRONG><a name="[42]"></a>__aeabi_i2f</STRONG> (Thumb, 22 bytes, Stack size 8 bytes, fflti.o(.text))
<BR><BR>[Stack]<UL><LI>Max Depth = 20<LI>Call Chain = __aeabi_i2f &rArr; _float_epilogue
</UL>
<BR>[Calls]<UL><LI><a href="#[34]">&gt;&gt;</a>&nbsp;&nbsp;&nbsp;_float_epilogue
</UL>
<BR>[Called By]<UL><LI><a href="#[97]">&gt;&gt;</a>&nbsp;&nbsp;&nbsp;VehicleSquare_Update
<LI><a href="#[5e]">&gt;&gt;</a>&nbsp;&nbsp;&nbsp;VehicleLine_Update
<LI><a href="#[91]">&gt;&gt;</a>&nbsp;&nbsp;&nbsp;VehicleImu_Update
<LI><a href="#[8e]">&gt;&gt;</a>&nbsp;&nbsp;&nbsp;VehicleEncoder_Update
<LI><a href="#[87]">&gt;&gt;</a>&nbsp;&nbsp;&nbsp;DiansaiApp_Run
<LI><a href="#[74]">&gt;&gt;</a>&nbsp;&nbsp;&nbsp;VehicleImu_CalibrateGyro
<LI><a href="#[77]">&gt;&gt;</a>&nbsp;&nbsp;&nbsp;ConfigureYawPid
<LI><a href="#[75]">&gt;&gt;</a>&nbsp;&nbsp;&nbsp;ConfigureLinePid
<LI><a href="#[24]">&gt;&gt;</a>&nbsp;&nbsp;&nbsp;ProcessCommand
</UL>

<P><STRONG><a name="[43]"></a>__aeabi_ui2f</STRONG> (Thumb, 14 bytes, Stack size 8 bytes, ffltui.o(.text))
<BR><BR>[Stack]<UL><LI>Max Depth = 20<LI>Call Chain = __aeabi_ui2f &rArr; _float_epilogue
</UL>
<BR>[Calls]<UL><LI><a href="#[34]">&gt;&gt;</a>&nbsp;&nbsp;&nbsp;_float_epilogue
</UL>
<BR>[Called By]<UL><LI><a href="#[97]">&gt;&gt;</a>&nbsp;&nbsp;&nbsp;VehicleSquare_Update
<LI><a href="#[5e]">&gt;&gt;</a>&nbsp;&nbsp;&nbsp;VehicleLine_Update
<LI><a href="#[91]">&gt;&gt;</a>&nbsp;&nbsp;&nbsp;VehicleImu_Update
<LI><a href="#[8e]">&gt;&gt;</a>&nbsp;&nbsp;&nbsp;VehicleEncoder_Update
<LI><a href="#[87]">&gt;&gt;</a>&nbsp;&nbsp;&nbsp;DiansaiApp_Run
</UL>

<P><STRONG><a name="[44]"></a>__aeabi_ui2d</STRONG> (Thumb, 24 bytes, Stack size 16 bytes, dfltui.o(.text))
<BR><BR>[Stack]<UL><LI>Max Depth = 72<LI>Call Chain = __aeabi_ui2d &rArr; _double_epilogue &rArr; __aeabi_llsr
</UL>
<BR>[Calls]<UL><LI><a href="#[3c]">&gt;&gt;</a>&nbsp;&nbsp;&nbsp;_double_epilogue
</UL>
<BR>[Called By]<UL><LI><a href="#[b4]">&gt;&gt;</a>&nbsp;&nbsp;&nbsp;LQ_UART_Init
</UL>

<P><STRONG><a name="[61]"></a>__aeabi_f2iz</STRONG> (Thumb, 50 bytes, Stack size 0 bytes, ffixi.o(.text))
<BR><BR>[Called By]<UL><LI><a href="#[d0]">&gt;&gt;</a>&nbsp;&nbsp;&nbsp;VehicleTelemetry_SendLine
<LI><a href="#[d2]">&gt;&gt;</a>&nbsp;&nbsp;&nbsp;VehicleTelemetry_SendSquare
<LI><a href="#[9d]">&gt;&gt;</a>&nbsp;&nbsp;&nbsp;VehicleTelemetry_SendState
<LI><a href="#[9c]">&gt;&gt;</a>&nbsp;&nbsp;&nbsp;VehicleTelemetry_SendSpeed
<LI><a href="#[97]">&gt;&gt;</a>&nbsp;&nbsp;&nbsp;VehicleSquare_Update
<LI><a href="#[91]">&gt;&gt;</a>&nbsp;&nbsp;&nbsp;VehicleImu_Update
<LI><a href="#[8e]">&gt;&gt;</a>&nbsp;&nbsp;&nbsp;VehicleEncoder_Update
<LI><a href="#[87]">&gt;&gt;</a>&nbsp;&nbsp;&nbsp;DiansaiApp_Run
<LI><a href="#[5a]">&gt;&gt;</a>&nbsp;&nbsp;&nbsp;BeginLineControl
</UL>

<P><STRONG><a name="[45]"></a>__aeabi_d2uiz</STRONG> (Thumb, 50 bytes, Stack size 8 bytes, dfixui.o(.text))
<BR><BR>[Stack]<UL><LI>Max Depth = 16<LI>Call Chain = __aeabi_d2uiz &rArr; __aeabi_llsr
</UL>
<BR>[Calls]<UL><LI><a href="#[46]">&gt;&gt;</a>&nbsp;&nbsp;&nbsp;__aeabi_llsr
</UL>
<BR>[Called By]<UL><LI><a href="#[b4]">&gt;&gt;</a>&nbsp;&nbsp;&nbsp;LQ_UART_Init
</UL>

<P><STRONG><a name="[ad]"></a>__aeabi_uidiv</STRONG> (Thumb, 0 bytes, Stack size 16 bytes, uidiv_div0.o(.text))
<BR><BR>[Stack]<UL><LI>Max Depth = 16<LI>Call Chain = __aeabi_uidiv
</UL>
<BR>[Called By]<UL><LI><a href="#[ae]">&gt;&gt;</a>&nbsp;&nbsp;&nbsp;LQ_System_Init
<LI><a href="#[ac]">&gt;&gt;</a>&nbsp;&nbsp;&nbsp;LQ_PWM_CalcOptimal
<LI><a href="#[d3]">&gt;&gt;</a>&nbsp;&nbsp;&nbsp;SetBridge
<LI><a href="#[82]">&gt;&gt;</a>&nbsp;&nbsp;&nbsp;VehicleBattery_Update
</UL>

<P><STRONG><a name="[48]"></a>__aeabi_uidivmod</STRONG> (Thumb, 62 bytes, Stack size 16 bytes, uidiv_div0.o(.text), UNUSED)
<BR><BR>[Called By]<UL><LI><a href="#[47]">&gt;&gt;</a>&nbsp;&nbsp;&nbsp;__aeabi_idivmod$div0
<LI><a href="#[e8]">&gt;&gt;</a>&nbsp;&nbsp;&nbsp;_printf_core
</UL>

<P><STRONG><a name="[c7]"></a>__aeabi_idiv</STRONG> (Thumb, 0 bytes, Stack size 16 bytes, idiv_div0.o(.text))
<BR><BR>[Stack]<UL><LI>Max Depth = 16<LI>Call Chain = __aeabi_idiv
</UL>
<BR>[Called By]<UL><LI><a href="#[d7]">&gt;&gt;</a>&nbsp;&nbsp;&nbsp;UpdateNormalization
<LI><a href="#[9d]">&gt;&gt;</a>&nbsp;&nbsp;&nbsp;VehicleTelemetry_SendState
<LI><a href="#[24]">&gt;&gt;</a>&nbsp;&nbsp;&nbsp;ProcessCommand
</UL>

<P><STRONG><a name="[47]"></a>__aeabi_idivmod$div0</STRONG> (Thumb, 74 bytes, Stack size 16 bytes, idiv_div0.o(.text), UNUSED)
<BR><BR>[Calls]<UL><LI><a href="#[48]">&gt;&gt;</a>&nbsp;&nbsp;&nbsp;__aeabi_uidivmod
</UL>

<P><STRONG><a name="[2b]"></a>__aeabi_uldivmod</STRONG> (Thumb, 96 bytes, Stack size 48 bytes, uldiv.o(.text))
<BR><BR>[Stack]<UL><LI>Max Depth = 56<LI>Call Chain = __aeabi_uldivmod &rArr; __aeabi_llsr
</UL>
<BR>[Calls]<UL><LI><a href="#[46]">&gt;&gt;</a>&nbsp;&nbsp;&nbsp;__aeabi_llsr
<LI><a href="#[3a]">&gt;&gt;</a>&nbsp;&nbsp;&nbsp;__aeabi_llsl
</UL>
<BR>[Called By]<UL><LI><a href="#[2a]">&gt;&gt;</a>&nbsp;&nbsp;&nbsp;__aeabi_ldivmod
</UL>

<P><STRONG><a name="[3a]"></a>__aeabi_llsl</STRONG> (Thumb, 32 bytes, Stack size 8 bytes, llshl.o(.text))
<BR><BR>[Stack]<UL><LI>Max Depth = 8<LI>Call Chain = __aeabi_llsl
</UL>
<BR>[Called By]<UL><LI><a href="#[39]">&gt;&gt;</a>&nbsp;&nbsp;&nbsp;__aeabi_dadd
<LI><a href="#[2b]">&gt;&gt;</a>&nbsp;&nbsp;&nbsp;__aeabi_uldivmod
<LI><a href="#[3c]">&gt;&gt;</a>&nbsp;&nbsp;&nbsp;_double_epilogue
</UL>

<P><STRONG><a name="[fc]"></a>_ll_shift_l</STRONG> (Thumb, 0 bytes, Stack size 8 bytes, llshl.o(.text), UNUSED)

<P><STRONG><a name="[46]"></a>__aeabi_llsr</STRONG> (Thumb, 34 bytes, Stack size 8 bytes, llushr.o(.text))
<BR><BR>[Stack]<UL><LI>Max Depth = 8<LI>Call Chain = __aeabi_llsr
</UL>
<BR>[Called By]<UL><LI><a href="#[45]">&gt;&gt;</a>&nbsp;&nbsp;&nbsp;__aeabi_d2uiz
<LI><a href="#[2b]">&gt;&gt;</a>&nbsp;&nbsp;&nbsp;__aeabi_uldivmod
<LI><a href="#[3c]">&gt;&gt;</a>&nbsp;&nbsp;&nbsp;_double_epilogue
</UL>

<P><STRONG><a name="[fd]"></a>_ll_ushift_r</STRONG> (Thumb, 0 bytes, Stack size 8 bytes, llushr.o(.text), UNUSED)

<P><STRONG><a name="[3b]"></a>__aeabi_lasr</STRONG> (Thumb, 38 bytes, Stack size 8 bytes, llsshr.o(.text))
<BR><BR>[Stack]<UL><LI>Max Depth = 8<LI>Call Chain = __aeabi_lasr
</UL>
<BR>[Called By]<UL><LI><a href="#[39]">&gt;&gt;</a>&nbsp;&nbsp;&nbsp;__aeabi_dadd
</UL>

<P><STRONG><a name="[fe]"></a>_ll_sshift_r</STRONG> (Thumb, 0 bytes, Stack size 8 bytes, llsshr.o(.text), UNUSED)

<P><STRONG><a name="[32]"></a>_chval</STRONG> (Thumb, 30 bytes, Stack size 0 bytes, _chval.o(.text))
<BR><BR>[Called By]<UL><LI><a href="#[31]">&gt;&gt;</a>&nbsp;&nbsp;&nbsp;_scanf_int
</UL>

<P><STRONG><a name="[30]"></a>__vfscanf_char</STRONG> (Thumb, 24 bytes, Stack size 8 bytes, scanf_char.o(.text))
<BR><BR>[Stack]<UL><LI>Max Depth = 136<LI>Call Chain = __vfscanf_char &rArr; __vfscanf &rArr; _scanf_int
</UL>
<BR>[Calls]<UL><LI><a href="#[49]">&gt;&gt;</a>&nbsp;&nbsp;&nbsp;__vfscanf
</UL>
<BR>[Called By]<UL><LI><a href="#[2f]">&gt;&gt;</a>&nbsp;&nbsp;&nbsp;__0sscanf
</UL>

<P><STRONG><a name="[20]"></a>_sgetc</STRONG> (Thumb, 32 bytes, Stack size 0 bytes, _sgetc.o(.text))
<BR>[Address Reference Count : 1]<UL><LI> __0sscanf.o(.text)
</UL>
<P><STRONG><a name="[21]"></a>_sbackspace</STRONG> (Thumb, 36 bytes, Stack size 0 bytes, _sgetc.o(.text))
<BR>[Address Reference Count : 1]<UL><LI> __0sscanf.o(.text)
</UL>
<P><STRONG><a name="[ff]"></a>__I$use$fp</STRONG> (Thumb, 0 bytes, Stack size 0 bytes, iusefp.o(.text), UNUSED)

<P><STRONG><a name="[35]"></a>_float_round</STRONG> (Thumb, 16 bytes, Stack size 0 bytes, fepilogue.o(.text))
<BR><BR>[Called By]<UL><LI><a href="#[38]">&gt;&gt;</a>&nbsp;&nbsp;&nbsp;__aeabi_fdiv
<LI><a href="#[33]">&gt;&gt;</a>&nbsp;&nbsp;&nbsp;__aeabi_fadd
<LI><a href="#[4a]">&gt;&gt;</a>&nbsp;&nbsp;&nbsp;_fsqrt
</UL>

<P><STRONG><a name="[34]"></a>_float_epilogue</STRONG> (Thumb, 114 bytes, Stack size 12 bytes, fepilogue.o(.text))
<BR><BR>[Stack]<UL><LI>Max Depth = 12<LI>Call Chain = _float_epilogue
</UL>
<BR>[Called By]<UL><LI><a href="#[42]">&gt;&gt;</a>&nbsp;&nbsp;&nbsp;__aeabi_i2f
<LI><a href="#[43]">&gt;&gt;</a>&nbsp;&nbsp;&nbsp;__aeabi_ui2f
<LI><a href="#[33]">&gt;&gt;</a>&nbsp;&nbsp;&nbsp;__aeabi_fadd
</UL>

<P><STRONG><a name="[4a]"></a>_fsqrt</STRONG> (Thumb, 88 bytes, Stack size 16 bytes, fsqrt.o(.text))
<BR><BR>[Stack]<UL><LI>Max Depth = 16<LI>Call Chain = _fsqrt
</UL>
<BR>[Calls]<UL><LI><a href="#[35]">&gt;&gt;</a>&nbsp;&nbsp;&nbsp;_float_round
</UL>
<BR>[Called By]<UL><LI><a href="#[d9]">&gt;&gt;</a>&nbsp;&nbsp;&nbsp;sqrtf
</UL>

<P><STRONG><a name="[3d]"></a>_double_round</STRONG> (Thumb, 26 bytes, Stack size 8 bytes, depilogue.o(.text))
<BR><BR>[Stack]<UL><LI>Max Depth = 8<LI>Call Chain = _double_round
</UL>
<BR>[Called By]<UL><LI><a href="#[39]">&gt;&gt;</a>&nbsp;&nbsp;&nbsp;__aeabi_dadd
<LI><a href="#[41]">&gt;&gt;</a>&nbsp;&nbsp;&nbsp;__aeabi_ddiv
<LI><a href="#[3c]">&gt;&gt;</a>&nbsp;&nbsp;&nbsp;_double_epilogue
</UL>

<P><STRONG><a name="[3c]"></a>_double_epilogue</STRONG> (Thumb, 164 bytes, Stack size 48 bytes, depilogue.o(.text))
<BR><BR>[Stack]<UL><LI>Max Depth = 56<LI>Call Chain = _double_epilogue &rArr; __aeabi_llsr
</UL>
<BR>[Calls]<UL><LI><a href="#[4b]">&gt;&gt;</a>&nbsp;&nbsp;&nbsp;__ARM_clz
<LI><a href="#[46]">&gt;&gt;</a>&nbsp;&nbsp;&nbsp;__aeabi_llsr
<LI><a href="#[3a]">&gt;&gt;</a>&nbsp;&nbsp;&nbsp;__aeabi_llsl
<LI><a href="#[3d]">&gt;&gt;</a>&nbsp;&nbsp;&nbsp;_double_round
</UL>
<BR>[Called By]<UL><LI><a href="#[39]">&gt;&gt;</a>&nbsp;&nbsp;&nbsp;__aeabi_dadd
<LI><a href="#[40]">&gt;&gt;</a>&nbsp;&nbsp;&nbsp;__aeabi_dmul
<LI><a href="#[44]">&gt;&gt;</a>&nbsp;&nbsp;&nbsp;__aeabi_ui2d
</UL>

<P><STRONG><a name="[28]"></a>__scatterload</STRONG> (Thumb, 28 bytes, Stack size 0 bytes, init.o(.text))
<BR><BR>[Calls]<UL><LI><a href="#[4c]">&gt;&gt;</a>&nbsp;&nbsp;&nbsp;__main_after_scatterload
</UL>
<BR>[Called By]<UL><LI><a href="#[27]">&gt;&gt;</a>&nbsp;&nbsp;&nbsp;_main_scatterload
</UL>

<P><STRONG><a name="[100]"></a>__scatterload_rt2</STRONG> (Thumb, 0 bytes, Stack size 0 bytes, init.o(.text), UNUSED)

<P><STRONG><a name="[23]"></a>isspace</STRONG> (Thumb, 14 bytes, Stack size 8 bytes, isspace_c.o(.text))
<BR><BR>[Stack]<UL><LI>Max Depth = 8<LI>Call Chain = isspace
</UL>
<BR>[Calls]<UL><LI><a href="#[4d]">&gt;&gt;</a>&nbsp;&nbsp;&nbsp;__ctype_lookup
</UL>
<BR>[Address Reference Count : 1]<UL><LI> scanf_char.o(.text)
</UL>
<P><STRONG><a name="[49]"></a>__vfscanf</STRONG> (Thumb, 812 bytes, Stack size 80 bytes, _scanf.o(.text))
<BR><BR>[Stack]<UL><LI>Max Depth = 128<LI>Call Chain = __vfscanf &rArr; _scanf_int
</UL>
<BR>[Calls]<UL><LI><a href="#[50]">&gt;&gt;</a>&nbsp;&nbsp;&nbsp;_scanf_string (Weak Reference)
<LI><a href="#[4e]">&gt;&gt;</a>&nbsp;&nbsp;&nbsp;_scanf_real (Weak Reference)
<LI><a href="#[4f]">&gt;&gt;</a>&nbsp;&nbsp;&nbsp;_scanf_longlong (Weak Reference)
<LI><a href="#[31]">&gt;&gt;</a>&nbsp;&nbsp;&nbsp;_scanf_int
</UL>
<BR>[Called By]<UL><LI><a href="#[30]">&gt;&gt;</a>&nbsp;&nbsp;&nbsp;__vfscanf_char
</UL>

<P><STRONG><a name="[eb]"></a>__ARM_scalbnf</STRONG> (Thumb, 24 bytes, Stack size 0 bytes, fscalb.o(.text))
<BR><BR>[Called By]<UL><LI><a href="#[ea]">&gt;&gt;</a>&nbsp;&nbsp;&nbsp;__mathlib_flt_underflow
</UL>

<P><STRONG><a name="[101]"></a>scalbnf</STRONG> (Thumb, 0 bytes, Stack size 0 bytes, fscalb.o(.text), UNUSED)

<P><STRONG><a name="[4d]"></a>__ctype_lookup</STRONG> (Thumb, 32 bytes, Stack size 0 bytes, ctype_c.o(.text))
<BR><BR>[Called By]<UL><LI><a href="#[23]">&gt;&gt;</a>&nbsp;&nbsp;&nbsp;isspace
</UL>

<P><STRONG><a name="[a]"></a>ADC0_IRQHandler</STRONG> (Thumb, 8 bytes, Stack size 0 bytes, lq_isr.o(.text.ADC0_IRQHandler))
<BR>[Address Reference Count : 1]<UL><LI> startup_mspm0g350x_uvision.o(RESET)
</UL>
<P><STRONG><a name="[b]"></a>ADC1_IRQHandler</STRONG> (Thumb, 8 bytes, Stack size 0 bytes, lq_isr.o(.text.ADC1_IRQHandler))
<BR>[Address Reference Count : 1]<UL><LI> startup_mspm0g350x_uvision.o(RESET)
</UL>
<P><STRONG><a name="[71]"></a>BoardBuzzer_Play</STRONG> (Thumb, 56 bytes, Stack size 20 bytes, board_io.o(.text.BoardBuzzer_Play))
<BR><BR>[Stack]<UL><LI>Max Depth = 20<LI>Call Chain = BoardBuzzer_Play
</UL>
<BR>[Called By]<UL><LI><a href="#[87]">&gt;&gt;</a>&nbsp;&nbsp;&nbsp;DiansaiApp_Run
<LI><a href="#[79]">&gt;&gt;</a>&nbsp;&nbsp;&nbsp;DiansaiApp_Init
<LI><a href="#[24]">&gt;&gt;</a>&nbsp;&nbsp;&nbsp;ProcessCommand
<LI><a href="#[6d]">&gt;&gt;</a>&nbsp;&nbsp;&nbsp;CalibrateGrayReference
<LI><a href="#[73]">&gt;&gt;</a>&nbsp;&nbsp;&nbsp;CalibrateGyroWithFeedback
</UL>

<P><STRONG><a name="[66]"></a>BoardBuzzer_SetContinuous</STRONG> (Thumb, 52 bytes, Stack size 8 bytes, board_io.o(.text.BoardBuzzer_SetContinuous))
<BR><BR>[Stack]<UL><LI>Max Depth = 16<LI>Call Chain = BoardBuzzer_SetContinuous &rArr; LQ_GPIO_WritePin
</UL>
<BR>[Calls]<UL><LI><a href="#[67]">&gt;&gt;</a>&nbsp;&nbsp;&nbsp;LQ_GPIO_WritePin
</UL>
<BR>[Called By]<UL><LI><a href="#[87]">&gt;&gt;</a>&nbsp;&nbsp;&nbsp;DiansaiApp_Run
<LI><a href="#[5c]">&gt;&gt;</a>&nbsp;&nbsp;&nbsp;StopControl
</UL>

<P><STRONG><a name="[68]"></a>BoardBuzzer_Stop</STRONG> (Thumb, 20 bytes, Stack size 8 bytes, board_io.o(.text.BoardBuzzer_Stop))
<BR><BR>[Stack]<UL><LI>Max Depth = 16<LI>Call Chain = BoardBuzzer_Stop &rArr; LQ_GPIO_WritePin
</UL>
<BR>[Calls]<UL><LI><a href="#[67]">&gt;&gt;</a>&nbsp;&nbsp;&nbsp;LQ_GPIO_WritePin
</UL>
<BR>[Called By]<UL><LI><a href="#[87]">&gt;&gt;</a>&nbsp;&nbsp;&nbsp;DiansaiApp_Run
<LI><a href="#[6d]">&gt;&gt;</a>&nbsp;&nbsp;&nbsp;CalibrateGrayReference
<LI><a href="#[73]">&gt;&gt;</a>&nbsp;&nbsp;&nbsp;CalibrateGyroWithFeedback
</UL>

<P><STRONG><a name="[dd]"></a>BoardIo_GetPressedMask</STRONG> (Thumb, 32 bytes, Stack size 0 bytes, board_io.o(.text.BoardIo_GetPressedMask))
<BR><BR>[Called By]<UL><LI><a href="#[cf]">&gt;&gt;</a>&nbsp;&nbsp;&nbsp;VehicleTelemetry_SendKey
</UL>

<P><STRONG><a name="[7b]"></a>BoardIo_GetSwitchDownMask</STRONG> (Thumb, 24 bytes, Stack size 0 bytes, board_io.o(.text.BoardIo_GetSwitchDownMask))
<BR><BR>[Called By]<UL><LI><a href="#[87]">&gt;&gt;</a>&nbsp;&nbsp;&nbsp;DiansaiApp_Run
<LI><a href="#[d1]">&gt;&gt;</a>&nbsp;&nbsp;&nbsp;VehicleTelemetry_SendMode
<LI><a href="#[79]">&gt;&gt;</a>&nbsp;&nbsp;&nbsp;DiansaiApp_Init
</UL>

<P><STRONG><a name="[69]"></a>BoardIo_Init</STRONG> (Thumb, 256 bytes, Stack size 48 bytes, board_io.o(.text.BoardIo_Init))
<BR><BR>[Stack]<UL><LI>Max Depth = 56<LI>Call Chain = BoardIo_Init &rArr; LQ_GPIO_WritePin
</UL>
<BR>[Calls]<UL><LI><a href="#[6b]">&gt;&gt;</a>&nbsp;&nbsp;&nbsp;LQ_GPIO_ReadPin
<LI><a href="#[67]">&gt;&gt;</a>&nbsp;&nbsp;&nbsp;LQ_GPIO_WritePin
<LI><a href="#[6a]">&gt;&gt;</a>&nbsp;&nbsp;&nbsp;LQ_GPIO_Init
<LI><a href="#[63]">&gt;&gt;</a>&nbsp;&nbsp;&nbsp;__aeabi_memclr4
</UL>
<BR>[Called By]<UL><LI><a href="#[79]">&gt;&gt;</a>&nbsp;&nbsp;&nbsp;DiansaiApp_Init
</UL>

<P><STRONG><a name="[8a]"></a>BoardIo_TakeKeyEvents</STRONG> (Thumb, 12 bytes, Stack size 0 bytes, board_io.o(.text.BoardIo_TakeKeyEvents))
<BR><BR>[Called By]<UL><LI><a href="#[87]">&gt;&gt;</a>&nbsp;&nbsp;&nbsp;DiansaiApp_Run
</UL>

<P><STRONG><a name="[8b]"></a>BoardIo_TakeSwitchChangedMask</STRONG> (Thumb, 12 bytes, Stack size 0 bytes, board_io.o(.text.BoardIo_TakeSwitchChangedMask))
<BR><BR>[Called By]<UL><LI><a href="#[87]">&gt;&gt;</a>&nbsp;&nbsp;&nbsp;DiansaiApp_Run
</UL>

<P><STRONG><a name="[6c]"></a>BoardIo_Update</STRONG> (Thumb, 692 bytes, Stack size 32 bytes, board_io.o(.text.BoardIo_Update))
<BR><BR>[Stack]<UL><LI>Max Depth = 40<LI>Call Chain = BoardIo_Update &rArr; LQ_GPIO_WritePin
</UL>
<BR>[Calls]<UL><LI><a href="#[6b]">&gt;&gt;</a>&nbsp;&nbsp;&nbsp;LQ_GPIO_ReadPin
<LI><a href="#[67]">&gt;&gt;</a>&nbsp;&nbsp;&nbsp;LQ_GPIO_WritePin
</UL>
<BR>[Called By]<UL><LI><a href="#[87]">&gt;&gt;</a>&nbsp;&nbsp;&nbsp;DiansaiApp_Run
</UL>

<P><STRONG><a name="[a3]"></a>DL_ADC12_setClockConfig</STRONG> (Thumb, 56 bytes, Stack size 16 bytes, dl_adc12.o(.text.DL_ADC12_setClockConfig))
<BR><BR>[Stack]<UL><LI>Max Depth = 16<LI>Call Chain = DL_ADC12_setClockConfig
</UL>
<BR>[Called By]<UL><LI><a href="#[a2]">&gt;&gt;</a>&nbsp;&nbsp;&nbsp;LQ_ADC_Init
</UL>

<P><STRONG><a name="[af]"></a>DL_Common_delayCycles</STRONG> (Thumb, 10 bytes, Stack size 0 bytes, dl_common.o(.text.DL_Common_delayCycles))
<BR><BR>[Called By]<UL><LI><a href="#[ae]">&gt;&gt;</a>&nbsp;&nbsp;&nbsp;LQ_System_Init
</UL>

<P><STRONG><a name="[b2]"></a>DL_SYSCTL_configFCC</STRONG> (Thumb, 24 bytes, Stack size 16 bytes, dl_sysctl_mspm0g1x0x_g3x0x.o(.text.DL_SYSCTL_configFCC))
<BR><BR>[Stack]<UL><LI>Max Depth = 16<LI>Call Chain = DL_SYSCTL_configFCC
</UL>
<BR>[Called By]<UL><LI><a href="#[ae]">&gt;&gt;</a>&nbsp;&nbsp;&nbsp;LQ_System_Init
</UL>

<P><STRONG><a name="[b1]"></a>DL_SYSCTL_configSYSPLL</STRONG> (Thumb, 220 bytes, Stack size 40 bytes, dl_sysctl_mspm0g1x0x_g3x0x.o(.text.DL_SYSCTL_configSYSPLL))
<BR><BR>[Stack]<UL><LI>Max Depth = 40<LI>Call Chain = DL_SYSCTL_configSYSPLL
</UL>
<BR>[Called By]<UL><LI><a href="#[ae]">&gt;&gt;</a>&nbsp;&nbsp;&nbsp;LQ_System_Init
</UL>

<P><STRONG><a name="[b0]"></a>DL_SYSCTL_setHFCLKSourceHFXTParams</STRONG> (Thumb, 100 bytes, Stack size 20 bytes, dl_sysctl_mspm0g1x0x_g3x0x.o(.text.DL_SYSCTL_setHFCLKSourceHFXTParams))
<BR><BR>[Stack]<UL><LI>Max Depth = 20<LI>Call Chain = DL_SYSCTL_setHFCLKSourceHFXTParams
</UL>
<BR>[Called By]<UL><LI><a href="#[ae]">&gt;&gt;</a>&nbsp;&nbsp;&nbsp;LQ_System_Init
</UL>

<P><STRONG><a name="[b3]"></a>DL_SYSCTL_switchMCLKfromSYSOSCtoHSCLK</STRONG> (Thumb, 72 bytes, Stack size 8 bytes, dl_sysctl_mspm0g1x0x_g3x0x.o(.text.DL_SYSCTL_switchMCLKfromSYSOSCtoHSCLK))
<BR><BR>[Stack]<UL><LI>Max Depth = 8<LI>Call Chain = DL_SYSCTL_switchMCLKfromSYSOSCtoHSCLK
</UL>
<BR>[Called By]<UL><LI><a href="#[ae]">&gt;&gt;</a>&nbsp;&nbsp;&nbsp;LQ_System_Init
</UL>

<P><STRONG><a name="[b9]"></a>DL_Timer_setCaptCompUpdateMethod</STRONG> (Thumb, 24 bytes, Stack size 8 bytes, dl_timer.o(.text.DL_Timer_setCaptCompUpdateMethod))
<BR><BR>[Stack]<UL><LI>Max Depth = 8<LI>Call Chain = DL_Timer_setCaptCompUpdateMethod
</UL>
<BR>[Called By]<UL><LI><a href="#[b7]">&gt;&gt;</a>&nbsp;&nbsp;&nbsp;LQ_TIMER_EnablePWMChannel
</UL>

<P><STRONG><a name="[bb]"></a>DL_Timer_setCaptureCompareAction</STRONG> (Thumb, 24 bytes, Stack size 8 bytes, dl_timer.o(.text.DL_Timer_setCaptureCompareAction))
<BR><BR>[Stack]<UL><LI>Max Depth = 8<LI>Call Chain = DL_Timer_setCaptureCompareAction
</UL>
<BR>[Called By]<UL><LI><a href="#[ba]">&gt;&gt;</a>&nbsp;&nbsp;&nbsp;LQ_TIMER_PWMInit
</UL>

<P><STRONG><a name="[b6]"></a>DL_Timer_setCaptureCompareCtl</STRONG> (Thumb, 28 bytes, Stack size 8 bytes, dl_timer.o(.text.DL_Timer_setCaptureCompareCtl))
<BR><BR>[Stack]<UL><LI>Max Depth = 8<LI>Call Chain = DL_Timer_setCaptureCompareCtl
</UL>
<BR>[Called By]<UL><LI><a href="#[ba]">&gt;&gt;</a>&nbsp;&nbsp;&nbsp;LQ_TIMER_PWMInit
<LI><a href="#[a7]">&gt;&gt;</a>&nbsp;&nbsp;&nbsp;LQ_TIMER_BaseInit
</UL>

<P><STRONG><a name="[bc]"></a>DL_Timer_setCaptureCompareInput</STRONG> (Thumb, 26 bytes, Stack size 8 bytes, dl_timer.o(.text.DL_Timer_setCaptureCompareInput))
<BR><BR>[Stack]<UL><LI>Max Depth = 8<LI>Call Chain = DL_Timer_setCaptureCompareInput
</UL>
<BR>[Called By]<UL><LI><a href="#[ba]">&gt;&gt;</a>&nbsp;&nbsp;&nbsp;LQ_TIMER_PWMInit
</UL>

<P><STRONG><a name="[b8]"></a>DL_Timer_setCaptureCompareOutCtl</STRONG> (Thumb, 20 bytes, Stack size 8 bytes, dl_timer.o(.text.DL_Timer_setCaptureCompareOutCtl))
<BR><BR>[Stack]<UL><LI>Max Depth = 8<LI>Call Chain = DL_Timer_setCaptureCompareOutCtl
</UL>
<BR>[Called By]<UL><LI><a href="#[b7]">&gt;&gt;</a>&nbsp;&nbsp;&nbsp;LQ_TIMER_EnablePWMChannel
<LI><a href="#[ba]">&gt;&gt;</a>&nbsp;&nbsp;&nbsp;LQ_TIMER_PWMInit
</UL>

<P><STRONG><a name="[b5]"></a>DL_Timer_setCaptureCompareValue</STRONG> (Thumb, 12 bytes, Stack size 0 bytes, dl_timer.o(.text.DL_Timer_setCaptureCompareValue))
<BR><BR>[Called By]<UL><LI><a href="#[a7]">&gt;&gt;</a>&nbsp;&nbsp;&nbsp;LQ_TIMER_BaseInit
</UL>

<P><STRONG><a name="[1d]"></a>DMA_IRQHandler</STRONG> (Thumb, 2 bytes, Stack size 0 bytes, lq_isr.o(.text.DMA_IRQHandler))
<BR>[Address Reference Count : 1]<UL><LI> startup_mspm0g350x_uvision.o(RESET)
</UL>
<P><STRONG><a name="[79]"></a>DiansaiApp_Init</STRONG> (Thumb, 724 bytes, Stack size 120 bytes, diansai_app.o(.text.DiansaiApp_Init))
<BR><BR>[Stack]<UL><LI>Max Depth = 552<LI>Call Chain = DiansaiApp_Init &rArr; SendModeFrame &rArr; VehicleTelemetry_SendMode &rArr; __2snprintf
</UL>
<BR>[Calls]<UL><LI><a href="#[72]">&gt;&gt;</a>&nbsp;&nbsp;&nbsp;WheeltecLink_SendText
<LI><a href="#[71]">&gt;&gt;</a>&nbsp;&nbsp;&nbsp;BoardBuzzer_Play
<LI><a href="#[74]">&gt;&gt;</a>&nbsp;&nbsp;&nbsp;VehicleImu_CalibrateGyro
<LI><a href="#[85]">&gt;&gt;</a>&nbsp;&nbsp;&nbsp;VehicleImu_Init
<LI><a href="#[58]">&gt;&gt;</a>&nbsp;&nbsp;&nbsp;VehicleCascade_SetEnabledLoops
<LI><a href="#[52]">&gt;&gt;</a>&nbsp;&nbsp;&nbsp;VehicleImu_GetState
<LI><a href="#[76]">&gt;&gt;</a>&nbsp;&nbsp;&nbsp;VehicleLine_Configure
<LI><a href="#[78]">&gt;&gt;</a>&nbsp;&nbsp;&nbsp;VehicleCascade_ConfigurePid
<LI><a href="#[84]">&gt;&gt;</a>&nbsp;&nbsp;&nbsp;VehicleCascade_SetMotorFeedforward
<LI><a href="#[83]">&gt;&gt;</a>&nbsp;&nbsp;&nbsp;VehicleCascade_Init
<LI><a href="#[82]">&gt;&gt;</a>&nbsp;&nbsp;&nbsp;VehicleBattery_Update
<LI><a href="#[81]">&gt;&gt;</a>&nbsp;&nbsp;&nbsp;VehicleBattery_Init
<LI><a href="#[80]">&gt;&gt;</a>&nbsp;&nbsp;&nbsp;VehicleLine_Init
<LI><a href="#[7f]">&gt;&gt;</a>&nbsp;&nbsp;&nbsp;VehicleGray_Init
<LI><a href="#[7e]">&gt;&gt;</a>&nbsp;&nbsp;&nbsp;VehicleSquare_Init
<LI><a href="#[7d]">&gt;&gt;</a>&nbsp;&nbsp;&nbsp;VehicleEncoder_Init
<LI><a href="#[7c]">&gt;&gt;</a>&nbsp;&nbsp;&nbsp;VehicleMotor_Init
<LI><a href="#[7b]">&gt;&gt;</a>&nbsp;&nbsp;&nbsp;BoardIo_GetSwitchDownMask
<LI><a href="#[69]">&gt;&gt;</a>&nbsp;&nbsp;&nbsp;BoardIo_Init
<LI><a href="#[7a]">&gt;&gt;</a>&nbsp;&nbsp;&nbsp;WheeltecLink_Init
<LI><a href="#[86]">&gt;&gt;</a>&nbsp;&nbsp;&nbsp;SendModeFrame
<LI><a href="#[5c]">&gt;&gt;</a>&nbsp;&nbsp;&nbsp;StopControl
<LI><a href="#[63]">&gt;&gt;</a>&nbsp;&nbsp;&nbsp;__aeabi_memclr4
</UL>
<BR>[Called By]<UL><LI><a href="#[1e]">&gt;&gt;</a>&nbsp;&nbsp;&nbsp;main
</UL>

<P><STRONG><a name="[87]"></a>DiansaiApp_Run</STRONG> (Thumb, 1996 bytes, Stack size 272 bytes, diansai_app.o(.text.DiansaiApp_Run))
<BR><BR>[Stack]<UL><LI>Max Depth = 1088<LI>Call Chain = DiansaiApp_Run &rArr; VehicleTelemetry_SendSpeed &rArr; __2snprintf
</UL>
<BR>[Calls]<UL><LI><a href="#[9e]">&gt;&gt;</a>&nbsp;&nbsp;&nbsp;VehicleTelemetry_SendDebug
<LI><a href="#[9d]">&gt;&gt;</a>&nbsp;&nbsp;&nbsp;VehicleTelemetry_SendState
<LI><a href="#[9c]">&gt;&gt;</a>&nbsp;&nbsp;&nbsp;VehicleTelemetry_SendSpeed
<LI><a href="#[64]">&gt;&gt;</a>&nbsp;&nbsp;&nbsp;VehicleMotor_Set
<LI><a href="#[9a]">&gt;&gt;</a>&nbsp;&nbsp;&nbsp;VehicleCascade_Step
<LI><a href="#[42]">&gt;&gt;</a>&nbsp;&nbsp;&nbsp;__aeabi_i2f
<LI><a href="#[38]">&gt;&gt;</a>&nbsp;&nbsp;&nbsp;__aeabi_fdiv
<LI><a href="#[43]">&gt;&gt;</a>&nbsp;&nbsp;&nbsp;__aeabi_ui2f
<LI><a href="#[99]">&gt;&gt;</a>&nbsp;&nbsp;&nbsp;VehicleSquare_TakeStatusChanged
<LI><a href="#[98]">&gt;&gt;</a>&nbsp;&nbsp;&nbsp;VehicleSquare_TakeTargetChanged
<LI><a href="#[97]">&gt;&gt;</a>&nbsp;&nbsp;&nbsp;VehicleSquare_Update
<LI><a href="#[61]">&gt;&gt;</a>&nbsp;&nbsp;&nbsp;__aeabi_f2iz
<LI><a href="#[33]">&gt;&gt;</a>&nbsp;&nbsp;&nbsp;__aeabi_fadd
<LI><a href="#[56]">&gt;&gt;</a>&nbsp;&nbsp;&nbsp;__aeabi_fcmpge
<LI><a href="#[60]">&gt;&gt;</a>&nbsp;&nbsp;&nbsp;__aeabi_fmul
<LI><a href="#[5e]">&gt;&gt;</a>&nbsp;&nbsp;&nbsp;VehicleLine_Update
<LI><a href="#[92]">&gt;&gt;</a>&nbsp;&nbsp;&nbsp;VehicleGray_Update
<LI><a href="#[91]">&gt;&gt;</a>&nbsp;&nbsp;&nbsp;VehicleImu_Update
<LI><a href="#[90]">&gt;&gt;</a>&nbsp;&nbsp;&nbsp;VehicleEncoder_GetState
<LI><a href="#[8f]">&gt;&gt;</a>&nbsp;&nbsp;&nbsp;VehicleMotor_GetState
<LI><a href="#[8e]">&gt;&gt;</a>&nbsp;&nbsp;&nbsp;VehicleEncoder_Update
<LI><a href="#[5b]">&gt;&gt;</a>&nbsp;&nbsp;&nbsp;VehicleGray_GetState
<LI><a href="#[8c]">&gt;&gt;</a>&nbsp;&nbsp;&nbsp;VehicleGray_ResetCalibration
<LI><a href="#[5d]">&gt;&gt;</a>&nbsp;&nbsp;&nbsp;VehicleLine_Reset
<LI><a href="#[68]">&gt;&gt;</a>&nbsp;&nbsp;&nbsp;BoardBuzzer_Stop
<LI><a href="#[8b]">&gt;&gt;</a>&nbsp;&nbsp;&nbsp;BoardIo_TakeSwitchChangedMask
<LI><a href="#[8a]">&gt;&gt;</a>&nbsp;&nbsp;&nbsp;BoardIo_TakeKeyEvents
<LI><a href="#[6c]">&gt;&gt;</a>&nbsp;&nbsp;&nbsp;BoardIo_Update
<LI><a href="#[89]">&gt;&gt;</a>&nbsp;&nbsp;&nbsp;WheeltecLink_Poll
<LI><a href="#[88]">&gt;&gt;</a>&nbsp;&nbsp;&nbsp;WheeltecLink_ServiceTx
<LI><a href="#[5f]">&gt;&gt;</a>&nbsp;&nbsp;&nbsp;VehicleLine_GetState
<LI><a href="#[66]">&gt;&gt;</a>&nbsp;&nbsp;&nbsp;BoardBuzzer_SetContinuous
<LI><a href="#[95]">&gt;&gt;</a>&nbsp;&nbsp;&nbsp;VehicleSquare_Stop
<LI><a href="#[94]">&gt;&gt;</a>&nbsp;&nbsp;&nbsp;VehicleSquare_GetState
<LI><a href="#[72]">&gt;&gt;</a>&nbsp;&nbsp;&nbsp;WheeltecLink_SendText
<LI><a href="#[71]">&gt;&gt;</a>&nbsp;&nbsp;&nbsp;BoardBuzzer_Play
<LI><a href="#[52]">&gt;&gt;</a>&nbsp;&nbsp;&nbsp;VehicleImu_GetState
<LI><a href="#[82]">&gt;&gt;</a>&nbsp;&nbsp;&nbsp;VehicleBattery_Update
<LI><a href="#[7b]">&gt;&gt;</a>&nbsp;&nbsp;&nbsp;BoardIo_GetSwitchDownMask
<LI><a href="#[51]">&gt;&gt;</a>&nbsp;&nbsp;&nbsp;BeginHeadingControl
<LI><a href="#[96]">&gt;&gt;</a>&nbsp;&nbsp;&nbsp;SendSquareTelemetry
<LI><a href="#[93]">&gt;&gt;</a>&nbsp;&nbsp;&nbsp;SendLineTelemetry
<LI><a href="#[6d]">&gt;&gt;</a>&nbsp;&nbsp;&nbsp;CalibrateGrayReference
<LI><a href="#[73]">&gt;&gt;</a>&nbsp;&nbsp;&nbsp;CalibrateGyroWithFeedback
<LI><a href="#[5a]">&gt;&gt;</a>&nbsp;&nbsp;&nbsp;BeginLineControl
<LI><a href="#[8d]">&gt;&gt;</a>&nbsp;&nbsp;&nbsp;SendKeyFrame
<LI><a href="#[70]">&gt;&gt;</a>&nbsp;&nbsp;&nbsp;SendGrayCalibration
<LI><a href="#[86]">&gt;&gt;</a>&nbsp;&nbsp;&nbsp;SendModeFrame
<LI><a href="#[5c]">&gt;&gt;</a>&nbsp;&nbsp;&nbsp;StopControl
<LI><a href="#[9b]">&gt;&gt;</a>&nbsp;&nbsp;&nbsp;__aeabi_memcpy4
</UL>
<BR>[Called By]<UL><LI><a href="#[1e]">&gt;&gt;</a>&nbsp;&nbsp;&nbsp;main
</UL>

<P><STRONG><a name="[7]"></a>GROUP1_IRQHandler</STRONG> (Thumb, 8 bytes, Stack size 8 bytes, lq_isr.o(.text.GROUP1_IRQHandler))
<BR><BR>[Stack]<UL><LI>Max Depth = 32<LI>Call Chain = GROUP1_IRQHandler &rArr; LQ_Encoder_IRQHandlers
</UL>
<BR>[Calls]<UL><LI><a href="#[9f]">&gt;&gt;</a>&nbsp;&nbsp;&nbsp;LQ_Encoder_IRQHandlers
</UL>
<BR>[Address Reference Count : 1]<UL><LI> startup_mspm0g350x_uvision.o(RESET)
</UL>
<P><STRONG><a name="[be]"></a>LQ_ADC_EnableConversions</STRONG> (Thumb, 20 bytes, Stack size 0 bytes, lq_adc.o(.text.LQ_ADC_EnableConversions))
<BR><BR>[Called By]<UL><LI><a href="#[bd]">&gt;&gt;</a>&nbsp;&nbsp;&nbsp;LQ_Tracking_Polling_Init
</UL>

<P><STRONG><a name="[d8]"></a>LQ_ADC_GetValue</STRONG> (Thumb, 104 bytes, Stack size 16 bytes, lq_adc.o(.text.LQ_ADC_GetValue))
<BR><BR>[Stack]<UL><LI>Max Depth = 16<LI>Call Chain = LQ_ADC_GetValue
</UL>
<BR>[Called By]<UL><LI><a href="#[92]">&gt;&gt;</a>&nbsp;&nbsp;&nbsp;VehicleGray_Update
<LI><a href="#[82]">&gt;&gt;</a>&nbsp;&nbsp;&nbsp;VehicleBattery_Update
</UL>

<P><STRONG><a name="[a2]"></a>LQ_ADC_Init</STRONG> (Thumb, 92 bytes, Stack size 24 bytes, lq_adc.o(.text.LQ_ADC_Init))
<BR><BR>[Stack]<UL><LI>Max Depth = 40<LI>Call Chain = LQ_ADC_Init &rArr; DL_ADC12_setClockConfig
</UL>
<BR>[Calls]<UL><LI><a href="#[a3]">&gt;&gt;</a>&nbsp;&nbsp;&nbsp;DL_ADC12_setClockConfig
</UL>
<BR>[Called By]<UL><LI><a href="#[bd]">&gt;&gt;</a>&nbsp;&nbsp;&nbsp;LQ_Tracking_Polling_Init
<LI><a href="#[81]">&gt;&gt;</a>&nbsp;&nbsp;&nbsp;VehicleBattery_Init
</UL>

<P><STRONG><a name="[bf]"></a>LQ_ADC_StartConversions</STRONG> (Thumb, 20 bytes, Stack size 0 bytes, lq_adc.o(.text.LQ_ADC_StartConversions))
<BR><BR>[Called By]<UL><LI><a href="#[bd]">&gt;&gt;</a>&nbsp;&nbsp;&nbsp;LQ_Tracking_Polling_Init
</UL>

<P><STRONG><a name="[e0]"></a>LQ_DMA_Init</STRONG> (Thumb, 56 bytes, Stack size 16 bytes, lq_dma.o(.text.LQ_DMA_Init))
<BR><BR>[Stack]<UL><LI>Max Depth = 16<LI>Call Chain = LQ_DMA_Init
</UL>
<BR>[Called By]<UL><LI><a href="#[7a]">&gt;&gt;</a>&nbsp;&nbsp;&nbsp;WheeltecLink_Init
</UL>

<P><STRONG><a name="[e2]"></a>LQ_DMA_SetDstAddr</STRONG> (Thumb, 8 bytes, Stack size 0 bytes, lq_dma.o(.text.LQ_DMA_SetDstAddr))
<BR><BR>[Called By]<UL><LI><a href="#[7a]">&gt;&gt;</a>&nbsp;&nbsp;&nbsp;WheeltecLink_Init
</UL>

<P><STRONG><a name="[e5]"></a>LQ_DMA_SetSrcAddr</STRONG> (Thumb, 8 bytes, Stack size 0 bytes, lq_dma.o(.text.LQ_DMA_SetSrcAddr))
<BR><BR>[Called By]<UL><LI><a href="#[88]">&gt;&gt;</a>&nbsp;&nbsp;&nbsp;WheeltecLink_ServiceTx
</UL>

<P><STRONG><a name="[e6]"></a>LQ_DMA_SetTransferSize</STRONG> (Thumb, 8 bytes, Stack size 0 bytes, lq_dma.o(.text.LQ_DMA_SetTransferSize))
<BR><BR>[Called By]<UL><LI><a href="#[88]">&gt;&gt;</a>&nbsp;&nbsp;&nbsp;WheeltecLink_ServiceTx
</UL>

<P><STRONG><a name="[a6]"></a>LQ_EXIT_Enable</STRONG> (Thumb, 72 bytes, Stack size 0 bytes, lq_exti.o(.text.LQ_EXIT_Enable))
<BR><BR>[Called By]<UL><LI><a href="#[a4]">&gt;&gt;</a>&nbsp;&nbsp;&nbsp;LQ_Encoder_Init
</UL>

<P><STRONG><a name="[a5]"></a>LQ_EXIT_Init</STRONG> (Thumb, 92 bytes, Stack size 8 bytes, lq_exti.o(.text.LQ_EXIT_Init))
<BR><BR>[Stack]<UL><LI>Max Depth = 8<LI>Call Chain = LQ_EXIT_Init
</UL>
<BR>[Called By]<UL><LI><a href="#[a4]">&gt;&gt;</a>&nbsp;&nbsp;&nbsp;LQ_Encoder_Init
</UL>

<P><STRONG><a name="[9f]"></a>LQ_Encoder_IRQHandlers</STRONG> (Thumb, 136 bytes, Stack size 24 bytes, lq_encoder.o(.text.LQ_Encoder_IRQHandlers))
<BR><BR>[Stack]<UL><LI>Max Depth = 24<LI>Call Chain = LQ_Encoder_IRQHandlers
</UL>
<BR>[Calls]<UL><LI><a href="#[6b]">&gt;&gt;</a>&nbsp;&nbsp;&nbsp;LQ_GPIO_ReadPin
</UL>
<BR>[Called By]<UL><LI><a href="#[7]">&gt;&gt;</a>&nbsp;&nbsp;&nbsp;GROUP1_IRQHandler
</UL>

<P><STRONG><a name="[a4]"></a>LQ_Encoder_Init</STRONG> (Thumb, 132 bytes, Stack size 48 bytes, lq_encoder.o(.text.LQ_Encoder_Init))
<BR><BR>[Stack]<UL><LI>Max Depth = 88<LI>Call Chain = LQ_Encoder_Init &rArr; LQ_TIMER_BaseInit &rArr; DL_Timer_setCaptureCompareCtl
</UL>
<BR>[Calls]<UL><LI><a href="#[6a]">&gt;&gt;</a>&nbsp;&nbsp;&nbsp;LQ_GPIO_Init
<LI><a href="#[ab]">&gt;&gt;</a>&nbsp;&nbsp;&nbsp;LQ_TIMER_SetLoadCallback
<LI><a href="#[aa]">&gt;&gt;</a>&nbsp;&nbsp;&nbsp;LQ_TIMER_Start
<LI><a href="#[a9]">&gt;&gt;</a>&nbsp;&nbsp;&nbsp;LQ_TIMER_ITEnable
<LI><a href="#[a8]">&gt;&gt;</a>&nbsp;&nbsp;&nbsp;LQ_TIMER_ITConfig
<LI><a href="#[a7]">&gt;&gt;</a>&nbsp;&nbsp;&nbsp;LQ_TIMER_BaseInit
<LI><a href="#[a6]">&gt;&gt;</a>&nbsp;&nbsp;&nbsp;LQ_EXIT_Enable
<LI><a href="#[a5]">&gt;&gt;</a>&nbsp;&nbsp;&nbsp;LQ_EXIT_Init
</UL>
<BR>[Called By]<UL><LI><a href="#[7d]">&gt;&gt;</a>&nbsp;&nbsp;&nbsp;VehicleEncoder_Init
</UL>

<P><STRONG><a name="[25]"></a>LQ_Encoder_TIMER_IRQHandler</STRONG> (Thumb, 132 bytes, Stack size 20 bytes, lq_encoder.o(.text.LQ_Encoder_TIMER_IRQHandler))
<BR><BR>[Stack]<UL><LI>Max Depth = 20<LI>Call Chain = LQ_Encoder_TIMER_IRQHandler
</UL>
<BR>[Address Reference Count : 1]<UL><LI> lq_encoder.o(.text.LQ_Encoder_Init)
</UL>
<P><STRONG><a name="[6a]"></a>LQ_GPIO_Init</STRONG> (Thumb, 76 bytes, Stack size 0 bytes, lq_gpio.o(.text.LQ_GPIO_Init))
<BR><BR>[Called By]<UL><LI><a href="#[bd]">&gt;&gt;</a>&nbsp;&nbsp;&nbsp;LQ_Tracking_Polling_Init
<LI><a href="#[c0]">&gt;&gt;</a>&nbsp;&nbsp;&nbsp;ProbePinMap
<LI><a href="#[a4]">&gt;&gt;</a>&nbsp;&nbsp;&nbsp;LQ_Encoder_Init
<LI><a href="#[85]">&gt;&gt;</a>&nbsp;&nbsp;&nbsp;VehicleImu_Init
<LI><a href="#[69]">&gt;&gt;</a>&nbsp;&nbsp;&nbsp;BoardIo_Init
</UL>

<P><STRONG><a name="[6b]"></a>LQ_GPIO_ReadPin</STRONG> (Thumb, 32 bytes, Stack size 0 bytes, lq_gpio.o(.text.LQ_GPIO_ReadPin))
<BR><BR>[Called By]<UL><LI><a href="#[9f]">&gt;&gt;</a>&nbsp;&nbsp;&nbsp;LQ_Encoder_IRQHandlers
<LI><a href="#[c1]">&gt;&gt;</a>&nbsp;&nbsp;&nbsp;TransferByte
<LI><a href="#[6c]">&gt;&gt;</a>&nbsp;&nbsp;&nbsp;BoardIo_Update
<LI><a href="#[69]">&gt;&gt;</a>&nbsp;&nbsp;&nbsp;BoardIo_Init
</UL>

<P><STRONG><a name="[67]"></a>LQ_GPIO_WritePin</STRONG> (Thumb, 44 bytes, Stack size 8 bytes, lq_gpio.o(.text.LQ_GPIO_WritePin))
<BR><BR>[Stack]<UL><LI>Max Depth = 8<LI>Call Chain = LQ_GPIO_WritePin
</UL>
<BR>[Called By]<UL><LI><a href="#[cd]">&gt;&gt;</a>&nbsp;&nbsp;&nbsp;ReadSixAxis
<LI><a href="#[c1]">&gt;&gt;</a>&nbsp;&nbsp;&nbsp;TransferByte
<LI><a href="#[c0]">&gt;&gt;</a>&nbsp;&nbsp;&nbsp;ProbePinMap
<LI><a href="#[92]">&gt;&gt;</a>&nbsp;&nbsp;&nbsp;VehicleGray_Update
<LI><a href="#[68]">&gt;&gt;</a>&nbsp;&nbsp;&nbsp;BoardBuzzer_Stop
<LI><a href="#[6c]">&gt;&gt;</a>&nbsp;&nbsp;&nbsp;BoardIo_Update
<LI><a href="#[66]">&gt;&gt;</a>&nbsp;&nbsp;&nbsp;BoardBuzzer_SetContinuous
<LI><a href="#[85]">&gt;&gt;</a>&nbsp;&nbsp;&nbsp;VehicleImu_Init
<LI><a href="#[69]">&gt;&gt;</a>&nbsp;&nbsp;&nbsp;BoardIo_Init
</UL>

<P><STRONG><a name="[ac]"></a>LQ_PWM_CalcOptimal</STRONG> (Thumb, 3156 bytes, Stack size 120 bytes, lq_pwm.o(.text.LQ_PWM_CalcOptimal))
<BR><BR>[Stack]<UL><LI>Max Depth = 136<LI>Call Chain = LQ_PWM_CalcOptimal &rArr; __aeabi_uidiv
</UL>
<BR>[Calls]<UL><LI><a href="#[ad]">&gt;&gt;</a>&nbsp;&nbsp;&nbsp;__aeabi_uidiv
</UL>
<BR>[Called By]<UL><LI><a href="#[7c]">&gt;&gt;</a>&nbsp;&nbsp;&nbsp;VehicleMotor_Init
</UL>

<P><STRONG><a name="[ae]"></a>LQ_System_Init</STRONG> (Thumb, 628 bytes, Stack size 72 bytes, lq_clock.o(.text.LQ_System_Init))
<BR><BR>[Stack]<UL><LI>Max Depth = 240<LI>Call Chain = LQ_System_Init &rArr; LQ_UART_Init &rArr; __aeabi_dmul &rArr; _double_epilogue &rArr; __aeabi_llsr
</UL>
<BR>[Calls]<UL><LI><a href="#[af]">&gt;&gt;</a>&nbsp;&nbsp;&nbsp;DL_Common_delayCycles
<LI><a href="#[b2]">&gt;&gt;</a>&nbsp;&nbsp;&nbsp;DL_SYSCTL_configFCC
<LI><a href="#[b0]">&gt;&gt;</a>&nbsp;&nbsp;&nbsp;DL_SYSCTL_setHFCLKSourceHFXTParams
<LI><a href="#[b3]">&gt;&gt;</a>&nbsp;&nbsp;&nbsp;DL_SYSCTL_switchMCLKfromSYSOSCtoHSCLK
<LI><a href="#[b1]">&gt;&gt;</a>&nbsp;&nbsp;&nbsp;DL_SYSCTL_configSYSPLL
<LI><a href="#[b4]">&gt;&gt;</a>&nbsp;&nbsp;&nbsp;LQ_UART_Init
<LI><a href="#[ad]">&gt;&gt;</a>&nbsp;&nbsp;&nbsp;__aeabi_uidiv
</UL>
<BR>[Called By]<UL><LI><a href="#[1e]">&gt;&gt;</a>&nbsp;&nbsp;&nbsp;main
</UL>

<P><STRONG><a name="[a7]"></a>LQ_TIMER_BaseInit</STRONG> (Thumb, 184 bytes, Stack size 32 bytes, lq_time.o(.text.LQ_TIMER_BaseInit))
<BR><BR>[Stack]<UL><LI>Max Depth = 40<LI>Call Chain = LQ_TIMER_BaseInit &rArr; DL_Timer_setCaptureCompareCtl
</UL>
<BR>[Calls]<UL><LI><a href="#[b6]">&gt;&gt;</a>&nbsp;&nbsp;&nbsp;DL_Timer_setCaptureCompareCtl
<LI><a href="#[b5]">&gt;&gt;</a>&nbsp;&nbsp;&nbsp;DL_Timer_setCaptureCompareValue
</UL>
<BR>[Called By]<UL><LI><a href="#[a4]">&gt;&gt;</a>&nbsp;&nbsp;&nbsp;LQ_Encoder_Init
</UL>

<P><STRONG><a name="[b7]"></a>LQ_TIMER_EnablePWMChannel</STRONG> (Thumb, 84 bytes, Stack size 24 bytes, lq_pwm.o(.text.LQ_TIMER_EnablePWMChannel))
<BR><BR>[Stack]<UL><LI>Max Depth = 32<LI>Call Chain = LQ_TIMER_EnablePWMChannel &rArr; DL_Timer_setCaptureCompareOutCtl
</UL>
<BR>[Calls]<UL><LI><a href="#[b8]">&gt;&gt;</a>&nbsp;&nbsp;&nbsp;DL_Timer_setCaptureCompareOutCtl
<LI><a href="#[b9]">&gt;&gt;</a>&nbsp;&nbsp;&nbsp;DL_Timer_setCaptCompUpdateMethod
</UL>
<BR>[Called By]<UL><LI><a href="#[7c]">&gt;&gt;</a>&nbsp;&nbsp;&nbsp;VehicleMotor_Init
</UL>

<P><STRONG><a name="[a8]"></a>LQ_TIMER_ITConfig</STRONG> (Thumb, 68 bytes, Stack size 16 bytes, lq_time.o(.text.LQ_TIMER_ITConfig))
<BR><BR>[Stack]<UL><LI>Max Depth = 16<LI>Call Chain = LQ_TIMER_ITConfig
</UL>
<BR>[Called By]<UL><LI><a href="#[a4]">&gt;&gt;</a>&nbsp;&nbsp;&nbsp;LQ_Encoder_Init
</UL>

<P><STRONG><a name="[a9]"></a>LQ_TIMER_ITEnable</STRONG> (Thumb, 20 bytes, Stack size 0 bytes, lq_time.o(.text.LQ_TIMER_ITEnable))
<BR><BR>[Called By]<UL><LI><a href="#[a4]">&gt;&gt;</a>&nbsp;&nbsp;&nbsp;LQ_Encoder_Init
</UL>

<P><STRONG><a name="[ba]"></a>LQ_TIMER_PWMInit</STRONG> (Thumb, 424 bytes, Stack size 40 bytes, lq_pwm.o(.text.LQ_TIMER_PWMInit))
<BR><BR>[Stack]<UL><LI>Max Depth = 48<LI>Call Chain = LQ_TIMER_PWMInit &rArr; DL_Timer_setCaptureCompareAction
</UL>
<BR>[Calls]<UL><LI><a href="#[bb]">&gt;&gt;</a>&nbsp;&nbsp;&nbsp;DL_Timer_setCaptureCompareAction
<LI><a href="#[b8]">&gt;&gt;</a>&nbsp;&nbsp;&nbsp;DL_Timer_setCaptureCompareOutCtl
<LI><a href="#[bc]">&gt;&gt;</a>&nbsp;&nbsp;&nbsp;DL_Timer_setCaptureCompareInput
<LI><a href="#[b6]">&gt;&gt;</a>&nbsp;&nbsp;&nbsp;DL_Timer_setCaptureCompareCtl
</UL>
<BR>[Called By]<UL><LI><a href="#[7c]">&gt;&gt;</a>&nbsp;&nbsp;&nbsp;VehicleMotor_Init
</UL>

<P><STRONG><a name="[d4]"></a>LQ_TIMER_PWMSetCaptureCompare</STRONG> (Thumb, 28 bytes, Stack size 0 bytes, lq_pwm.o(.text.LQ_TIMER_PWMSetCaptureCompare))
<BR><BR>[Called By]<UL><LI><a href="#[d3]">&gt;&gt;</a>&nbsp;&nbsp;&nbsp;SetBridge
<LI><a href="#[d6]">&gt;&gt;</a>&nbsp;&nbsp;&nbsp;VehicleMotor_Stop
<LI><a href="#[7c]">&gt;&gt;</a>&nbsp;&nbsp;&nbsp;VehicleMotor_Init
</UL>

<P><STRONG><a name="[db]"></a>LQ_TIMER_PWM_Start</STRONG> (Thumb, 20 bytes, Stack size 0 bytes, lq_pwm.o(.text.LQ_TIMER_PWM_Start))
<BR><BR>[Called By]<UL><LI><a href="#[7c]">&gt;&gt;</a>&nbsp;&nbsp;&nbsp;VehicleMotor_Init
</UL>

<P><STRONG><a name="[ab]"></a>LQ_TIMER_SetLoadCallback</STRONG> (Thumb, 8 bytes, Stack size 0 bytes, lq_time.o(.text.LQ_TIMER_SetLoadCallback))
<BR><BR>[Called By]<UL><LI><a href="#[a4]">&gt;&gt;</a>&nbsp;&nbsp;&nbsp;LQ_Encoder_Init
</UL>

<P><STRONG><a name="[aa]"></a>LQ_TIMER_Start</STRONG> (Thumb, 20 bytes, Stack size 0 bytes, lq_time.o(.text.LQ_TIMER_Start))
<BR><BR>[Called By]<UL><LI><a href="#[a4]">&gt;&gt;</a>&nbsp;&nbsp;&nbsp;LQ_Encoder_Init
</UL>

<P><STRONG><a name="[bd]"></a>LQ_Tracking_Polling_Init</STRONG> (Thumb, 80 bytes, Stack size 32 bytes, lq_tracking.o(.text.LQ_Tracking_Polling_Init))
<BR><BR>[Stack]<UL><LI>Max Depth = 72<LI>Call Chain = LQ_Tracking_Polling_Init &rArr; LQ_ADC_Init &rArr; DL_ADC12_setClockConfig
</UL>
<BR>[Calls]<UL><LI><a href="#[6a]">&gt;&gt;</a>&nbsp;&nbsp;&nbsp;LQ_GPIO_Init
<LI><a href="#[a2]">&gt;&gt;</a>&nbsp;&nbsp;&nbsp;LQ_ADC_Init
<LI><a href="#[bf]">&gt;&gt;</a>&nbsp;&nbsp;&nbsp;LQ_ADC_StartConversions
<LI><a href="#[be]">&gt;&gt;</a>&nbsp;&nbsp;&nbsp;LQ_ADC_EnableConversions
</UL>
<BR>[Called By]<UL><LI><a href="#[7f]">&gt;&gt;</a>&nbsp;&nbsp;&nbsp;VehicleGray_Init
</UL>

<P><STRONG><a name="[e3]"></a>LQ_UART_EnableDMATransmit</STRONG> (Thumb, 16 bytes, Stack size 0 bytes, lq_uart.o(.text.LQ_UART_EnableDMATransmit))
<BR><BR>[Called By]<UL><LI><a href="#[7a]">&gt;&gt;</a>&nbsp;&nbsp;&nbsp;WheeltecLink_Init
</UL>

<P><STRONG><a name="[e1]"></a>LQ_UART_GetTXRegister</STRONG> (Thumb, 16 bytes, Stack size 0 bytes, lq_uart.o(.text.LQ_UART_GetTXRegister))
<BR><BR>[Called By]<UL><LI><a href="#[7a]">&gt;&gt;</a>&nbsp;&nbsp;&nbsp;WheeltecLink_Init
</UL>

<P><STRONG><a name="[b4]"></a>LQ_UART_Init</STRONG> (Thumb, 280 bytes, Stack size 40 bytes, lq_uart.o(.text.LQ_UART_Init))
<BR><BR>[Stack]<UL><LI>Max Depth = 168<LI>Call Chain = LQ_UART_Init &rArr; __aeabi_dmul &rArr; _double_epilogue &rArr; __aeabi_llsr
</UL>
<BR>[Calls]<UL><LI><a href="#[39]">&gt;&gt;</a>&nbsp;&nbsp;&nbsp;__aeabi_dadd
<LI><a href="#[3e]">&gt;&gt;</a>&nbsp;&nbsp;&nbsp;__aeabi_dsub
<LI><a href="#[41]">&gt;&gt;</a>&nbsp;&nbsp;&nbsp;__aeabi_ddiv
<LI><a href="#[45]">&gt;&gt;</a>&nbsp;&nbsp;&nbsp;__aeabi_d2uiz
<LI><a href="#[40]">&gt;&gt;</a>&nbsp;&nbsp;&nbsp;__aeabi_dmul
<LI><a href="#[44]">&gt;&gt;</a>&nbsp;&nbsp;&nbsp;__aeabi_ui2d
</UL>
<BR>[Called By]<UL><LI><a href="#[ae]">&gt;&gt;</a>&nbsp;&nbsp;&nbsp;LQ_System_Init
<LI><a href="#[7a]">&gt;&gt;</a>&nbsp;&nbsp;&nbsp;WheeltecLink_Init
</UL>

<P><STRONG><a name="[5]"></a>SysTick_Handler</STRONG> (Thumb, 12 bytes, Stack size 0 bytes, diansai_app.o(.text.SysTick_Handler))
<BR>[Address Reference Count : 1]<UL><LI> startup_mspm0g350x_uvision.o(RESET)
</UL>
<P><STRONG><a name="[15]"></a>TIMA0_IRQHandler</STRONG> (Thumb, 24 bytes, Stack size 8 bytes, lq_isr.o(.text.TIMA0_IRQHandler))
<BR><BR>[Stack]<UL><LI>Max Depth = 8<LI>Call Chain = TIMA0_IRQHandler
</UL>
<BR>[Address Reference Count : 1]<UL><LI> startup_mspm0g350x_uvision.o(RESET)
</UL>
<P><STRONG><a name="[16]"></a>TIMA1_IRQHandler</STRONG> (Thumb, 24 bytes, Stack size 8 bytes, lq_isr.o(.text.TIMA1_IRQHandler))
<BR><BR>[Stack]<UL><LI>Max Depth = 8<LI>Call Chain = TIMA1_IRQHandler
</UL>
<BR>[Address Reference Count : 1]<UL><LI> startup_mspm0g350x_uvision.o(RESET)
</UL>
<P><STRONG><a name="[13]"></a>TIMG0_IRQHandler</STRONG> (Thumb, 24 bytes, Stack size 8 bytes, lq_isr.o(.text.TIMG0_IRQHandler))
<BR><BR>[Stack]<UL><LI>Max Depth = 8<LI>Call Chain = TIMG0_IRQHandler
</UL>
<BR>[Address Reference Count : 1]<UL><LI> startup_mspm0g350x_uvision.o(RESET)
</UL>
<P><STRONG><a name="[18]"></a>TIMG12_IRQHandler</STRONG> (Thumb, 24 bytes, Stack size 8 bytes, lq_isr.o(.text.TIMG12_IRQHandler))
<BR><BR>[Stack]<UL><LI>Max Depth = 8<LI>Call Chain = TIMG12_IRQHandler
</UL>
<BR>[Address Reference Count : 1]<UL><LI> startup_mspm0g350x_uvision.o(RESET)
</UL>
<P><STRONG><a name="[14]"></a>TIMG6_IRQHandler</STRONG> (Thumb, 24 bytes, Stack size 8 bytes, lq_isr.o(.text.TIMG6_IRQHandler))
<BR><BR>[Stack]<UL><LI>Max Depth = 8<LI>Call Chain = TIMG6_IRQHandler
</UL>
<BR>[Address Reference Count : 1]<UL><LI> startup_mspm0g350x_uvision.o(RESET)
</UL>
<P><STRONG><a name="[17]"></a>TIMG7_IRQHandler</STRONG> (Thumb, 24 bytes, Stack size 8 bytes, lq_isr.o(.text.TIMG7_IRQHandler))
<BR><BR>[Stack]<UL><LI>Max Depth = 8<LI>Call Chain = TIMG7_IRQHandler
</UL>
<BR>[Address Reference Count : 1]<UL><LI> startup_mspm0g350x_uvision.o(RESET)
</UL>
<P><STRONG><a name="[8]"></a>TIMG8_IRQHandler</STRONG> (Thumb, 24 bytes, Stack size 8 bytes, lq_isr.o(.text.TIMG8_IRQHandler))
<BR><BR>[Stack]<UL><LI>Max Depth = 8<LI>Call Chain = TIMG8_IRQHandler
</UL>
<BR>[Address Reference Count : 1]<UL><LI> startup_mspm0g350x_uvision.o(RESET)
</UL>
<P><STRONG><a name="[12]"></a>UART0_IRQHandler</STRONG> (Thumb, 24 bytes, Stack size 8 bytes, lq_isr.o(.text.UART0_IRQHandler))
<BR><BR>[Stack]<UL><LI>Max Depth = 8<LI>Call Chain = UART0_IRQHandler
</UL>
<BR>[Address Reference Count : 1]<UL><LI> startup_mspm0g350x_uvision.o(RESET)
</UL>
<P><STRONG><a name="[10]"></a>UART1_IRQHandler</STRONG> (Thumb, 24 bytes, Stack size 8 bytes, lq_isr.o(.text.UART1_IRQHandler))
<BR><BR>[Stack]<UL><LI>Max Depth = 8<LI>Call Chain = UART1_IRQHandler
</UL>
<BR>[Address Reference Count : 1]<UL><LI> startup_mspm0g350x_uvision.o(RESET)
</UL>
<P><STRONG><a name="[11]"></a>UART2_IRQHandler</STRONG> (Thumb, 24 bytes, Stack size 8 bytes, lq_isr.o(.text.UART2_IRQHandler))
<BR><BR>[Stack]<UL><LI>Max Depth = 8<LI>Call Chain = UART2_IRQHandler
</UL>
<BR>[Address Reference Count : 1]<UL><LI> startup_mspm0g350x_uvision.o(RESET)
</UL>
<P><STRONG><a name="[9]"></a>UART3_IRQHandler</STRONG> (Thumb, 24 bytes, Stack size 8 bytes, lq_isr.o(.text.UART3_IRQHandler))
<BR><BR>[Stack]<UL><LI>Max Depth = 8<LI>Call Chain = UART3_IRQHandler
</UL>
<BR>[Address Reference Count : 1]<UL><LI> startup_mspm0g350x_uvision.o(RESET)
</UL>
<P><STRONG><a name="[de]"></a>VehicleBattery_GetState</STRONG> (Thumb, 4 bytes, Stack size 0 bytes, vehicle_battery.o(.text.VehicleBattery_GetState))
<BR><BR>[Called By]<UL><LI><a href="#[9d]">&gt;&gt;</a>&nbsp;&nbsp;&nbsp;VehicleTelemetry_SendState
<LI><a href="#[d1]">&gt;&gt;</a>&nbsp;&nbsp;&nbsp;VehicleTelemetry_SendMode
</UL>

<P><STRONG><a name="[81]"></a>VehicleBattery_Init</STRONG> (Thumb, 36 bytes, Stack size 24 bytes, vehicle_battery.o(.text.VehicleBattery_Init))
<BR><BR>[Stack]<UL><LI>Max Depth = 64<LI>Call Chain = VehicleBattery_Init &rArr; LQ_ADC_Init &rArr; DL_ADC12_setClockConfig
</UL>
<BR>[Calls]<UL><LI><a href="#[a2]">&gt;&gt;</a>&nbsp;&nbsp;&nbsp;LQ_ADC_Init
</UL>
<BR>[Called By]<UL><LI><a href="#[79]">&gt;&gt;</a>&nbsp;&nbsp;&nbsp;DiansaiApp_Init
</UL>

<P><STRONG><a name="[82]"></a>VehicleBattery_Update</STRONG> (Thumb, 136 bytes, Stack size 16 bytes, vehicle_battery.o(.text.VehicleBattery_Update))
<BR><BR>[Stack]<UL><LI>Max Depth = 32<LI>Call Chain = VehicleBattery_Update &rArr; LQ_ADC_GetValue
</UL>
<BR>[Calls]<UL><LI><a href="#[d8]">&gt;&gt;</a>&nbsp;&nbsp;&nbsp;LQ_ADC_GetValue
<LI><a href="#[ad]">&gt;&gt;</a>&nbsp;&nbsp;&nbsp;__aeabi_uidiv
</UL>
<BR>[Called By]<UL><LI><a href="#[87]">&gt;&gt;</a>&nbsp;&nbsp;&nbsp;DiansaiApp_Run
<LI><a href="#[79]">&gt;&gt;</a>&nbsp;&nbsp;&nbsp;DiansaiApp_Init
</UL>

<P><STRONG><a name="[78]"></a>VehicleCascade_ConfigurePid</STRONG> (Thumb, 76 bytes, Stack size 16 bytes, vehicle_cascade_control.o(.text.VehicleCascade_ConfigurePid))
<BR><BR>[Stack]<UL><LI>Max Depth = 16<LI>Call Chain = VehicleCascade_ConfigurePid
</UL>
<BR>[Called By]<UL><LI><a href="#[79]">&gt;&gt;</a>&nbsp;&nbsp;&nbsp;DiansaiApp_Init
<LI><a href="#[77]">&gt;&gt;</a>&nbsp;&nbsp;&nbsp;ConfigureYawPid
</UL>

<P><STRONG><a name="[83]"></a>VehicleCascade_Init</STRONG> (Thumb, 64 bytes, Stack size 16 bytes, vehicle_cascade_control.o(.text.VehicleCascade_Init))
<BR><BR>[Stack]<UL><LI>Max Depth = 16<LI>Call Chain = VehicleCascade_Init
</UL>
<BR>[Calls]<UL><LI><a href="#[63]">&gt;&gt;</a>&nbsp;&nbsp;&nbsp;__aeabi_memclr4
</UL>
<BR>[Called By]<UL><LI><a href="#[79]">&gt;&gt;</a>&nbsp;&nbsp;&nbsp;DiansaiApp_Init
</UL>

<P><STRONG><a name="[53]"></a>VehicleCascade_Reset</STRONG> (Thumb, 82 bytes, Stack size 0 bytes, vehicle_cascade_control.o(.text.VehicleCascade_Reset))
<BR><BR>[Called By]<UL><LI><a href="#[62]">&gt;&gt;</a>&nbsp;&nbsp;&nbsp;BeginRawControl
<LI><a href="#[65]">&gt;&gt;</a>&nbsp;&nbsp;&nbsp;BeginSpeedControl
<LI><a href="#[51]">&gt;&gt;</a>&nbsp;&nbsp;&nbsp;BeginHeadingControl
<LI><a href="#[5c]">&gt;&gt;</a>&nbsp;&nbsp;&nbsp;StopControl
</UL>

<P><STRONG><a name="[59]"></a>VehicleCascade_ResetHeadingReference</STRONG> (Thumb, 244 bytes, Stack size 24 bytes, vehicle_cascade_control.o(.text.VehicleCascade_ResetHeadingReference))
<BR><BR>[Stack]<UL><LI>Max Depth = 60<LI>Call Chain = VehicleCascade_ResetHeadingReference &rArr; __aeabi_fadd &rArr; _float_epilogue
</UL>
<BR>[Calls]<UL><LI><a href="#[57]">&gt;&gt;</a>&nbsp;&nbsp;&nbsp;__aeabi_fcmplt
<LI><a href="#[55]">&gt;&gt;</a>&nbsp;&nbsp;&nbsp;__aeabi_fcmpgt
<LI><a href="#[54]">&gt;&gt;</a>&nbsp;&nbsp;&nbsp;__aeabi_fcmple
<LI><a href="#[33]">&gt;&gt;</a>&nbsp;&nbsp;&nbsp;__aeabi_fadd
<LI><a href="#[56]">&gt;&gt;</a>&nbsp;&nbsp;&nbsp;__aeabi_fcmpge
</UL>
<BR>[Called By]<UL><LI><a href="#[51]">&gt;&gt;</a>&nbsp;&nbsp;&nbsp;BeginHeadingControl
</UL>

<P><STRONG><a name="[58]"></a>VehicleCascade_SetEnabledLoops</STRONG> (Thumb, 118 bytes, Stack size 0 bytes, vehicle_cascade_control.o(.text.VehicleCascade_SetEnabledLoops))
<BR><BR>[Called By]<UL><LI><a href="#[79]">&gt;&gt;</a>&nbsp;&nbsp;&nbsp;DiansaiApp_Init
<LI><a href="#[51]">&gt;&gt;</a>&nbsp;&nbsp;&nbsp;BeginHeadingControl
<LI><a href="#[5a]">&gt;&gt;</a>&nbsp;&nbsp;&nbsp;BeginLineControl
<LI><a href="#[c6]">&gt;&gt;</a>&nbsp;&nbsp;&nbsp;UpdateEnabledControlLoops
<LI><a href="#[5c]">&gt;&gt;</a>&nbsp;&nbsp;&nbsp;StopControl
</UL>

<P><STRONG><a name="[84]"></a>VehicleCascade_SetMotorFeedforward</STRONG> (Thumb, 58 bytes, Stack size 8 bytes, vehicle_cascade_control.o(.text.VehicleCascade_SetMotorFeedforward))
<BR><BR>[Stack]<UL><LI>Max Depth = 8<LI>Call Chain = VehicleCascade_SetMotorFeedforward
</UL>
<BR>[Called By]<UL><LI><a href="#[79]">&gt;&gt;</a>&nbsp;&nbsp;&nbsp;DiansaiApp_Init
</UL>

<P><STRONG><a name="[9a]"></a>VehicleCascade_Step</STRONG> (Thumb, 3364 bytes, Stack size 112 bytes, vehicle_cascade_control.o(.text.VehicleCascade_Step))
<BR><BR>[Stack]<UL><LI>Max Depth = 204<LI>Call Chain = VehicleCascade_Step &rArr; IncrementalPidStep &rArr; __aeabi_fsub &rArr; __aeabi_fadd &rArr; _float_epilogue
</UL>
<BR>[Calls]<UL><LI><a href="#[a0]">&gt;&gt;</a>&nbsp;&nbsp;&nbsp;IncrementalPidStep
<LI><a href="#[57]">&gt;&gt;</a>&nbsp;&nbsp;&nbsp;__aeabi_fcmplt
<LI><a href="#[55]">&gt;&gt;</a>&nbsp;&nbsp;&nbsp;__aeabi_fcmpgt
<LI><a href="#[54]">&gt;&gt;</a>&nbsp;&nbsp;&nbsp;__aeabi_fcmple
<LI><a href="#[36]">&gt;&gt;</a>&nbsp;&nbsp;&nbsp;__aeabi_fsub
<LI><a href="#[38]">&gt;&gt;</a>&nbsp;&nbsp;&nbsp;__aeabi_fdiv
<LI><a href="#[33]">&gt;&gt;</a>&nbsp;&nbsp;&nbsp;__aeabi_fadd
<LI><a href="#[56]">&gt;&gt;</a>&nbsp;&nbsp;&nbsp;__aeabi_fcmpge
<LI><a href="#[60]">&gt;&gt;</a>&nbsp;&nbsp;&nbsp;__aeabi_fmul
<LI><a href="#[63]">&gt;&gt;</a>&nbsp;&nbsp;&nbsp;__aeabi_memclr4
</UL>
<BR>[Called By]<UL><LI><a href="#[87]">&gt;&gt;</a>&nbsp;&nbsp;&nbsp;DiansaiApp_Run
</UL>

<P><STRONG><a name="[c3]"></a>VehicleCommand_Parse</STRONG> (Thumb, 768 bytes, Stack size 48 bytes, vehicle_command.o(.text.VehicleCommand_Parse))
<BR><BR>[Stack]<UL><LI>Max Depth = 256<LI>Call Chain = VehicleCommand_Parse &rArr; __0sscanf &rArr; __vfscanf_char &rArr; __vfscanf &rArr; _scanf_int
</UL>
<BR>[Calls]<UL><LI><a href="#[c5]">&gt;&gt;</a>&nbsp;&nbsp;&nbsp;strncmp
<LI><a href="#[c4]">&gt;&gt;</a>&nbsp;&nbsp;&nbsp;strcmp
<LI><a href="#[2f]">&gt;&gt;</a>&nbsp;&nbsp;&nbsp;__0sscanf
</UL>
<BR>[Called By]<UL><LI><a href="#[24]">&gt;&gt;</a>&nbsp;&nbsp;&nbsp;ProcessCommand
</UL>

<P><STRONG><a name="[90]"></a>VehicleEncoder_GetState</STRONG> (Thumb, 4 bytes, Stack size 0 bytes, vehicle_encoder.o(.text.VehicleEncoder_GetState))
<BR><BR>[Called By]<UL><LI><a href="#[9d]">&gt;&gt;</a>&nbsp;&nbsp;&nbsp;VehicleTelemetry_SendState
<LI><a href="#[9c]">&gt;&gt;</a>&nbsp;&nbsp;&nbsp;VehicleTelemetry_SendSpeed
<LI><a href="#[87]">&gt;&gt;</a>&nbsp;&nbsp;&nbsp;DiansaiApp_Run
<LI><a href="#[24]">&gt;&gt;</a>&nbsp;&nbsp;&nbsp;ProcessCommand
</UL>

<P><STRONG><a name="[7d]"></a>VehicleEncoder_Init</STRONG> (Thumb, 84 bytes, Stack size 24 bytes, vehicle_encoder.o(.text.VehicleEncoder_Init))
<BR><BR>[Stack]<UL><LI>Max Depth = 112<LI>Call Chain = VehicleEncoder_Init &rArr; LQ_Encoder_Init &rArr; LQ_TIMER_BaseInit &rArr; DL_Timer_setCaptureCompareCtl
</UL>
<BR>[Calls]<UL><LI><a href="#[a4]">&gt;&gt;</a>&nbsp;&nbsp;&nbsp;LQ_Encoder_Init
</UL>
<BR>[Called By]<UL><LI><a href="#[79]">&gt;&gt;</a>&nbsp;&nbsp;&nbsp;DiansaiApp_Init
</UL>

<P><STRONG><a name="[c8]"></a>VehicleEncoder_Reset</STRONG> (Thumb, 40 bytes, Stack size 0 bytes, vehicle_encoder.o(.text.VehicleEncoder_Reset))
<BR><BR>[Called By]<UL><LI><a href="#[24]">&gt;&gt;</a>&nbsp;&nbsp;&nbsp;ProcessCommand
</UL>

<P><STRONG><a name="[8e]"></a>VehicleEncoder_Update</STRONG> (Thumb, 308 bytes, Stack size 32 bytes, vehicle_encoder.o(.text.VehicleEncoder_Update))
<BR><BR>[Stack]<UL><LI>Max Depth = 68<LI>Call Chain = VehicleEncoder_Update &rArr; __aeabi_fadd &rArr; _float_epilogue
</UL>
<BR>[Calls]<UL><LI><a href="#[42]">&gt;&gt;</a>&nbsp;&nbsp;&nbsp;__aeabi_i2f
<LI><a href="#[38]">&gt;&gt;</a>&nbsp;&nbsp;&nbsp;__aeabi_fdiv
<LI><a href="#[43]">&gt;&gt;</a>&nbsp;&nbsp;&nbsp;__aeabi_ui2f
<LI><a href="#[61]">&gt;&gt;</a>&nbsp;&nbsp;&nbsp;__aeabi_f2iz
<LI><a href="#[33]">&gt;&gt;</a>&nbsp;&nbsp;&nbsp;__aeabi_fadd
<LI><a href="#[56]">&gt;&gt;</a>&nbsp;&nbsp;&nbsp;__aeabi_fcmpge
<LI><a href="#[60]">&gt;&gt;</a>&nbsp;&nbsp;&nbsp;__aeabi_fmul
</UL>
<BR>[Called By]<UL><LI><a href="#[87]">&gt;&gt;</a>&nbsp;&nbsp;&nbsp;DiansaiApp_Run
</UL>

<P><STRONG><a name="[6e]"></a>VehicleGray_CaptureBackground</STRONG> (Thumb, 28 bytes, Stack size 8 bytes, vehicle_gray.o(.text.VehicleGray_CaptureBackground))
<BR><BR>[Stack]<UL><LI>Max Depth = 88<LI>Call Chain = VehicleGray_CaptureBackground &rArr; VehicleGray_Update &rArr; UpdateNormalization &rArr; __aeabi_idiv
</UL>
<BR>[Calls]<UL><LI><a href="#[d7]">&gt;&gt;</a>&nbsp;&nbsp;&nbsp;UpdateNormalization
<LI><a href="#[92]">&gt;&gt;</a>&nbsp;&nbsp;&nbsp;VehicleGray_Update
</UL>
<BR>[Called By]<UL><LI><a href="#[6d]">&gt;&gt;</a>&nbsp;&nbsp;&nbsp;CalibrateGrayReference
</UL>

<P><STRONG><a name="[6f]"></a>VehicleGray_CaptureLine</STRONG> (Thumb, 28 bytes, Stack size 8 bytes, vehicle_gray.o(.text.VehicleGray_CaptureLine))
<BR><BR>[Stack]<UL><LI>Max Depth = 88<LI>Call Chain = VehicleGray_CaptureLine &rArr; VehicleGray_Update &rArr; UpdateNormalization &rArr; __aeabi_idiv
</UL>
<BR>[Calls]<UL><LI><a href="#[d7]">&gt;&gt;</a>&nbsp;&nbsp;&nbsp;UpdateNormalization
<LI><a href="#[92]">&gt;&gt;</a>&nbsp;&nbsp;&nbsp;VehicleGray_Update
</UL>
<BR>[Called By]<UL><LI><a href="#[6d]">&gt;&gt;</a>&nbsp;&nbsp;&nbsp;CalibrateGrayReference
</UL>

<P><STRONG><a name="[df]"></a>VehicleGray_CountLineChannels</STRONG> (Thumb, 128 bytes, Stack size 0 bytes, vehicle_gray.o(.text.VehicleGray_CountLineChannels))
<BR><BR>[Called By]<UL><LI><a href="#[9d]">&gt;&gt;</a>&nbsp;&nbsp;&nbsp;VehicleTelemetry_SendState
</UL>

<P><STRONG><a name="[5b]"></a>VehicleGray_GetState</STRONG> (Thumb, 4 bytes, Stack size 0 bytes, vehicle_gray.o(.text.VehicleGray_GetState))
[...]
</UL>
<BR>[Called By]<UL><LI><a href="#[87]">&gt;&gt;</a>&nbsp;&nbsp;&nbsp;DiansaiApp_Run
<LI><a href="#[79]">&gt;&gt;</a>&nbsp;&nbsp;&nbsp;DiansaiApp_Init
<LI><a href="#[65]">&gt;&gt;</a>&nbsp;&nbsp;&nbsp;BeginSpeedControl
<LI><a href="#[24]">&gt;&gt;</a>&nbsp;&nbsp;&nbsp;ProcessCommand
<LI><a href="#[6d]">&gt;&gt;</a>&nbsp;&nbsp;&nbsp;CalibrateGrayReference
<LI><a href="#[73]">&gt;&gt;</a>&nbsp;&nbsp;&nbsp;CalibrateGyroWithFeedback
<LI><a href="#[5a]">&gt;&gt;</a>&nbsp;&nbsp;&nbsp;BeginLineControl
</UL>

<P><STRONG><a name="[86]"></a>SendModeFrame</STRONG> (Thumb, 248 bytes, Stack size 240 bytes, diansai_app.o(.text.SendModeFrame))
<BR><BR>[Stack]<UL><LI>Max Depth = 432<LI>Call Chain = SendModeFrame &rArr; VehicleTelemetry_SendMode &rArr; __2snprintf
</UL>
<BR>[Calls]<UL><LI><a href="#[d1]">&gt;&gt;</a>&nbsp;&nbsp;&nbsp;VehicleTelemetry_SendMode
<LI><a href="#[5f]">&gt;&gt;</a>&nbsp;&nbsp;&nbsp;VehicleLine_GetState
<LI><a href="#[9b]">&gt;&gt;</a>&nbsp;&nbsp;&nbsp;__aeabi_memcpy4
</UL>
<BR>[Called By]<UL><LI><a href="#[87]">&gt;&gt;</a>&nbsp;&nbsp;&nbsp;DiansaiApp_Run
<LI><a href="#[79]">&gt;&gt;</a>&nbsp;&nbsp;&nbsp;DiansaiApp_Init
<LI><a href="#[24]">&gt;&gt;</a>&nbsp;&nbsp;&nbsp;ProcessCommand
</UL>

<P><STRONG><a name="[c6]"></a>UpdateEnabledControlLoops</STRONG> (Thumb, 80 bytes, Stack size 8 bytes, diansai_app.o(.text.UpdateEnabledControlLoops))
<BR><BR>[Stack]<UL><LI>Max Depth = 8<LI>Call Chain = UpdateEnabledControlLoops
</UL>
<BR>[Calls]<UL><LI><a href="#[58]">&gt;&gt;</a>&nbsp;&nbsp;&nbsp;VehicleCascade_SetEnabledLoops
<LI><a href="#[52]">&gt;&gt;</a>&nbsp;&nbsp;&nbsp;VehicleImu_GetState
</UL>
<BR>[Called By]<UL><LI><a href="#[24]">&gt;&gt;</a>&nbsp;&nbsp;&nbsp;ProcessCommand
</UL>

<P><STRONG><a name="[70]"></a>SendGrayCalibration</STRONG> (Thumb, 248 bytes, Stack size 240 bytes, diansai_app.o(.text.SendGrayCalibration))
<BR><BR>[Stack]<UL><LI>Max Depth = 576<LI>Call Chain = SendGrayCalibration &rArr; VehicleTelemetry_SendGrayCalibration &rArr; __2snprintf
</UL>
<BR>[Calls]<UL><LI><a href="#[ce]">&gt;&gt;</a>&nbsp;&nbsp;&nbsp;VehicleTelemetry_SendGrayCalibration
<LI><a href="#[5f]">&gt;&gt;</a>&nbsp;&nbsp;&nbsp;VehicleLine_GetState
<LI><a href="#[9b]">&gt;&gt;</a>&nbsp;&nbsp;&nbsp;__aeabi_memcpy4
</UL>
<BR>[Called By]<UL><LI><a href="#[87]">&gt;&gt;</a>&nbsp;&nbsp;&nbsp;DiansaiApp_Run
<LI><a href="#[24]">&gt;&gt;</a>&nbsp;&nbsp;&nbsp;ProcessCommand
<LI><a href="#[6d]">&gt;&gt;</a>&nbsp;&nbsp;&nbsp;CalibrateGrayReference
</UL>

<P><STRONG><a name="[8d]"></a>SendKeyFrame</STRONG> (Thumb, 248 bytes, Stack size 240 bytes, diansai_app.o(.text.SendKeyFrame))
<BR><BR>[Stack]<UL><LI>Max Depth = 416<LI>Call Chain = SendKeyFrame &rArr; VehicleTelemetry_SendKey &rArr; __2snprintf
</UL>
<BR>[Calls]<UL><LI><a href="#[cf]">&gt;&gt;</a>&nbsp;&nbsp;&nbsp;VehicleTelemetry_SendKey
<LI><a href="#[5f]">&gt;&gt;</a>&nbsp;&nbsp;&nbsp;VehicleLine_GetState
<LI><a href="#[9b]">&gt;&gt;</a>&nbsp;&nbsp;&nbsp;__aeabi_memcpy4
</UL>
<BR>[Called By]<UL><LI><a href="#[87]">&gt;&gt;</a>&nbsp;&nbsp;&nbsp;DiansaiApp_Run
<LI><a href="#[24]">&gt;&gt;</a>&nbsp;&nbsp;&nbsp;ProcessCommand
</UL>

<P><STRONG><a name="[5a]"></a>BeginLineControl</STRONG> (Thumb, 252 bytes, Stack size 40 bytes, diansai_app.o(.text.BeginLineControl))
<BR><BR>[Stack]<UL><LI>Max Depth = 148<LI>Call Chain = BeginLineControl &rArr; VehicleLine_Update &rArr; __aeabi_fsub &rArr; __aeabi_fadd &rArr; _float_epilogue
</UL>
<BR>[Calls]<UL><LI><a href="#[61]">&gt;&gt;</a>&nbsp;&nbsp;&nbsp;__aeabi_f2iz
<LI><a href="#[33]">&gt;&gt;</a>&nbsp;&nbsp;&nbsp;__aeabi_fadd
<LI><a href="#[56]">&gt;&gt;</a>&nbsp;&nbsp;&nbsp;__aeabi_fcmpge
<LI><a href="#[60]">&gt;&gt;</a>&nbsp;&nbsp;&nbsp;__aeabi_fmul
<LI><a href="#[5e]">&gt;&gt;</a>&nbsp;&nbsp;&nbsp;VehicleLine_Update
<LI><a href="#[5b]">&gt;&gt;</a>&nbsp;&nbsp;&nbsp;VehicleGray_GetState
<LI><a href="#[5d]">&gt;&gt;</a>&nbsp;&nbsp;&nbsp;VehicleLine_Reset
<LI><a href="#[5f]">&gt;&gt;</a>&nbsp;&nbsp;&nbsp;VehicleLine_GetState
<LI><a href="#[58]">&gt;&gt;</a>&nbsp;&nbsp;&nbsp;VehicleCascade_SetEnabledLoops
<LI><a href="#[52]">&gt;&gt;</a>&nbsp;&nbsp;&nbsp;VehicleImu_GetState
<LI><a href="#[5c]">&gt;&gt;</a>&nbsp;&nbsp;&nbsp;StopControl
</UL>
<BR>[Called By]<UL><LI><a href="#[87]">&gt;&gt;</a>&nbsp;&nbsp;&nbsp;DiansaiApp_Run
<LI><a href="#[24]">&gt;&gt;</a>&nbsp;&nbsp;&nbsp;ProcessCommand
</UL>

<P><STRONG><a name="[73]"></a>CalibrateGyroWithFeedback</STRONG> (Thumb, 46 bytes, Stack size 8 bytes, diansai_app.o(.text.CalibrateGyroWithFeedback))
<BR><BR>[Stack]<UL><LI>Max Depth = 160<LI>Call Chain = CalibrateGyroWithFeedback &rArr; VehicleImu_CalibrateGyro &rArr; ReadSixAxis &rArr; TransferByte &rArr; LQ_GPIO_WritePin
</UL>
<BR>[Calls]<UL><LI><a href="#[68]">&gt;&gt;</a>&nbsp;&nbsp;&nbsp;BoardBuzzer_Stop
<LI><a href="#[71]">&gt;&gt;</a>&nbsp;&nbsp;&nbsp;BoardBuzzer_Play
<LI><a href="#[74]">&gt;&gt;</a>&nbsp;&nbsp;&nbsp;VehicleImu_CalibrateGyro
<LI><a href="#[5c]">&gt;&gt;</a>&nbsp;&nbsp;&nbsp;StopControl
</UL>
<BR>[Called By]<UL><LI><a href="#[87]">&gt;&gt;</a>&nbsp;&nbsp;&nbsp;DiansaiApp_Run
<LI><a href="#[24]">&gt;&gt;</a>&nbsp;&nbsp;&nbsp;ProcessCommand
</UL>

<P><STRONG><a name="[6d]"></a>CalibrateGrayReference</STRONG> (Thumb, 88 bytes, Stack size 16 bytes, diansai_app.o(.text.CalibrateGrayReference))
<BR><BR>[Stack]<UL><LI>Max Depth = 592<LI>Call Chain = CalibrateGrayReference &rArr; SendGrayCalibration &rArr; VehicleTelemetry_SendGrayCalibration &rArr; __2snprintf
</UL>
<BR>[Calls]<UL><LI><a href="#[6f]">&gt;&gt;</a>&nbsp;&nbsp;&nbsp;VehicleGray_CaptureLine
<LI><a href="#[6e]">&gt;&gt;</a>&nbsp;&nbsp;&nbsp;VehicleGray_CaptureBackground
<LI><a href="#[5b]">&gt;&gt;</a>&nbsp;&nbsp;&nbsp;VehicleGray_GetState
<LI><a href="#[68]">&gt;&gt;</a>&nbsp;&nbsp;&nbsp;BoardBuzzer_Stop
<LI><a href="#[72]">&gt;&gt;</a>&nbsp;&nbsp;&nbsp;WheeltecLink_SendText
<LI><a href="#[71]">&gt;&gt;</a>&nbsp;&nbsp;&nbsp;BoardBuzzer_Play
<LI><a href="#[70]">&gt;&gt;</a>&nbsp;&nbsp;&nbsp;SendGrayCalibration
<LI><a href="#[5c]">&gt;&gt;</a>&nbsp;&nbsp;&nbsp;StopControl
</UL>
<BR>[Called By]<UL><LI><a href="#[87]">&gt;&gt;</a>&nbsp;&nbsp;&nbsp;DiansaiApp_Run
<LI><a href="#[24]">&gt;&gt;</a>&nbsp;&nbsp;&nbsp;ProcessCommand
</UL>

<P><STRONG><a name="[93]"></a>SendLineTelemetry</STRONG> (Thumb, 248 bytes, Stack size 240 bytes, diansai_app.o(.text.SendLineTelemetry))
<BR><BR>[Stack]<UL><LI>Max Depth = 624<LI>Call Chain = SendLineTelemetry &rArr; VehicleTelemetry_SendLine &rArr; __2snprintf
</UL>
<BR>[Calls]<UL><LI><a href="#[d0]">&gt;&gt;</a>&nbsp;&nbsp;&nbsp;VehicleTelemetry_SendLine
<LI><a href="#[5f]">&gt;&gt;</a>&nbsp;&nbsp;&nbsp;VehicleLine_GetState
<LI><a href="#[9b]">&gt;&gt;</a>&nbsp;&nbsp;&nbsp;__aeabi_memcpy4
</UL>
<BR>[Called By]<UL><LI><a href="#[87]">&gt;&gt;</a>&nbsp;&nbsp;&nbsp;DiansaiApp_Run
</UL>

<P><STRONG><a name="[96]"></a>SendSquareTelemetry</STRONG> (Thumb, 248 bytes, Stack size 240 bytes, diansai_app.o(.text.SendSquareTelemetry))
<BR><BR>[Stack]<UL><LI>Max Depth = 440<LI>Call Chain = SendSquareTelemetry &rArr; VehicleTelemetry_SendSquare &rArr; __2snprintf
</UL>
<BR>[Calls]<UL><LI><a href="#[d2]">&gt;&gt;</a>&nbsp;&nbsp;&nbsp;VehicleTelemetry_SendSquare
<LI><a href="#[5f]">&gt;&gt;</a>&nbsp;&nbsp;&nbsp;VehicleLine_GetState
<LI><a href="#[9b]">&gt;&gt;</a>&nbsp;&nbsp;&nbsp;__aeabi_memcpy4
</UL>
<BR>[Called By]<UL><LI><a href="#[87]">&gt;&gt;</a>&nbsp;&nbsp;&nbsp;DiansaiApp_Run
<LI><a href="#[24]">&gt;&gt;</a>&nbsp;&nbsp;&nbsp;ProcessCommand
</UL>

<P><STRONG><a name="[24]"></a>ProcessCommand</STRONG> (Thumb, 1584 bytes, Stack size 168 bytes, diansai_app.o(.text.ProcessCommand))
<BR><BR>[Stack]<UL><LI>Max Depth = 760<LI>Call Chain = ProcessCommand &rArr; CalibrateGrayReference &rArr; SendGrayCalibration &rArr; VehicleTelemetry_SendGrayCalibration &rArr; __2snprintf
</UL>
<BR>[Calls]<UL><LI><a href="#[36]">&gt;&gt;</a>&nbsp;&nbsp;&nbsp;__aeabi_fsub
<LI><a href="#[cb]">&gt;&gt;</a>&nbsp;&nbsp;&nbsp;VehicleSquare_Start
<LI><a href="#[c9]">&gt;&gt;</a>&nbsp;&nbsp;&nbsp;VehicleImu_ResetYaw
<LI><a href="#[c8]">&gt;&gt;</a>&nbsp;&nbsp;&nbsp;VehicleEncoder_Reset
<LI><a href="#[c3]">&gt;&gt;</a>&nbsp;&nbsp;&nbsp;VehicleCommand_Parse
<LI><a href="#[42]">&gt;&gt;</a>&nbsp;&nbsp;&nbsp;__aeabi_i2f
<LI><a href="#[38]">&gt;&gt;</a>&nbsp;&nbsp;&nbsp;__aeabi_fdiv
<LI><a href="#[99]">&gt;&gt;</a>&nbsp;&nbsp;&nbsp;VehicleSquare_TakeStatusChanged
<LI><a href="#[56]">&gt;&gt;</a>&nbsp;&nbsp;&nbsp;__aeabi_fcmpge
<LI><a href="#[90]">&gt;&gt;</a>&nbsp;&nbsp;&nbsp;VehicleEncoder_GetState
<LI><a href="#[94]">&gt;&gt;</a>&nbsp;&nbsp;&nbsp;VehicleSquare_GetState
<LI><a href="#[72]">&gt;&gt;</a>&nbsp;&nbsp;&nbsp;WheeltecLink_SendText
<LI><a href="#[71]">&gt;&gt;</a>&nbsp;&nbsp;&nbsp;BoardBuzzer_Play
<LI><a href="#[52]">&gt;&gt;</a>&nbsp;&nbsp;&nbsp;VehicleImu_GetState
<LI><a href="#[cc]">&gt;&gt;</a>&nbsp;&nbsp;&nbsp;WrapAngleDegrees
<LI><a href="#[77]">&gt;&gt;</a>&nbsp;&nbsp;&nbsp;ConfigureYawPid
<LI><a href="#[75]">&gt;&gt;</a>&nbsp;&nbsp;&nbsp;ConfigureLinePid
<LI><a href="#[62]">&gt;&gt;</a>&nbsp;&nbsp;&nbsp;BeginRawControl
<LI><a href="#[65]">&gt;&gt;</a>&nbsp;&nbsp;&nbsp;BeginSpeedControl
<LI><a href="#[51]">&gt;&gt;</a>&nbsp;&nbsp;&nbsp;BeginHeadingControl
<LI><a href="#[96]">&gt;&gt;</a>&nbsp;&nbsp;&nbsp;SendSquareTelemetry
<LI><a href="#[6d]">&gt;&gt;</a>&nbsp;&nbsp;&nbsp;CalibrateGrayReference
<LI><a href="#[73]">&gt;&gt;</a>&nbsp;&nbsp;&nbsp;CalibrateGyroWithFeedback
<LI><a href="#[5a]">&gt;&gt;</a>&nbsp;&nbsp;&nbsp;BeginLineControl
<LI><a href="#[8d]">&gt;&gt;</a>&nbsp;&nbsp;&nbsp;SendKeyFrame
<LI><a href="#[70]">&gt;&gt;</a>&nbsp;&nbsp;&nbsp;SendGrayCalibration
<LI><a href="#[c6]">&gt;&gt;</a>&nbsp;&nbsp;&nbsp;UpdateEnabledControlLoops
<LI><a href="#[86]">&gt;&gt;</a>&nbsp;&nbsp;&nbsp;SendModeFrame
<LI><a href="#[5c]">&gt;&gt;</a>&nbsp;&nbsp;&nbsp;StopControl
<LI><a href="#[c5]">&gt;&gt;</a>&nbsp;&nbsp;&nbsp;strncmp
<LI><a href="#[c4]">&gt;&gt;</a>&nbsp;&nbsp;&nbsp;strcmp
<LI><a href="#[c7]">&gt;&gt;</a>&nbsp;&nbsp;&nbsp;__aeabi_idiv
<LI><a href="#[ca]">&gt;&gt;</a>&nbsp;&nbsp;&nbsp;__2snprintf
</UL>
<BR>[Address Reference Count : 1]<UL><LI> diansai_app.o(.text.DiansaiApp_Run)
</UL>
<P><STRONG><a name="[51]"></a>BeginHeadingControl</STRONG> (Thumb, 352 bytes, Stack size 32 bytes, diansai_app.o(.text.BeginHeadingControl))
<BR><BR>[Stack]<UL><LI>Max Depth = 92<LI>Call Chain = BeginHeadingControl &rArr; VehicleCascade_ResetHeadingReference &rArr; __aeabi_fadd &rArr; _float_epilogue
</UL>
<BR>[Calls]<UL><LI><a href="#[59]">&gt;&gt;</a>&nbsp;&nbsp;&nbsp;VehicleCascade_ResetHeadingReference
<LI><a href="#[57]">&gt;&gt;</a>&nbsp;&nbsp;&nbsp;__aeabi_fcmplt
<LI><a href="#[55]">&gt;&gt;</a>&nbsp;&nbsp;&nbsp;__aeabi_fcmpgt
<LI><a href="#[54]">&gt;&gt;</a>&nbsp;&nbsp;&nbsp;__aeabi_fcmple
<LI><a href="#[33]">&gt;&gt;</a>&nbsp;&nbsp;&nbsp;__aeabi_fadd
<LI><a href="#[56]">&gt;&gt;</a>&nbsp;&nbsp;&nbsp;__aeabi_fcmpge
<LI><a href="#[53]">&gt;&gt;</a>&nbsp;&nbsp;&nbsp;VehicleCascade_Reset
<LI><a href="#[58]">&gt;&gt;</a>&nbsp;&nbsp;&nbsp;VehicleCascade_SetEnabledLoops
<LI><a href="#[52]">&gt;&gt;</a>&nbsp;&nbsp;&nbsp;VehicleImu_GetState
</UL>
<BR>[Called By]<UL><LI><a href="#[87]">&gt;&gt;</a>&nbsp;&nbsp;&nbsp;DiansaiApp_Run
<LI><a href="#[24]">&gt;&gt;</a>&nbsp;&nbsp;&nbsp;ProcessCommand
</UL>

<P><STRONG><a name="[65]"></a>BeginSpeedControl</STRONG> (Thumb, 144 bytes, Stack size 24 bytes, diansai_app.o(.text.BeginSpeedControl))
<BR><BR>[Stack]<UL><LI>Max Depth = 120<LI>Call Chain = BeginSpeedControl &rArr; StopControl &rArr; VehicleMotor_Stop &rArr; SetBridge &rArr; delay_us
</UL>
<BR>[Calls]<UL><LI><a href="#[53]">&gt;&gt;</a>&nbsp;&nbsp;&nbsp;VehicleCascade_Reset
<LI><a href="#[5c]">&gt;&gt;</a>&nbsp;&nbsp;&nbsp;StopControl
</UL>
<BR>[Called By]<UL><LI><a href="#[24]">&gt;&gt;</a>&nbsp;&nbsp;&nbsp;ProcessCommand
</UL>

<P><STRONG><a name="[62]"></a>BeginRawControl</STRONG> (Thumb, 68 bytes, Stack size 24 bytes, diansai_app.o(.text.BeginRawControl))
<BR><BR>[Stack]<UL><LI>Max Depth = 96<LI>Call Chain = BeginRawControl &rArr; VehicleMotor_Set &rArr; SetBridge &rArr; delay_us
</UL>
<BR>[Calls]<UL><LI><a href="#[64]">&gt;&gt;</a>&nbsp;&nbsp;&nbsp;VehicleMotor_Set
<LI><a href="#[53]">&gt;&gt;</a>&nbsp;&nbsp;&nbsp;VehicleCascade_Reset
<LI><a href="#[63]">&gt;&gt;</a>&nbsp;&nbsp;&nbsp;__aeabi_memclr4
</UL>
<BR>[Called By]<UL><LI><a href="#[24]">&gt;&gt;</a>&nbsp;&nbsp;&nbsp;ProcessCommand
</UL>

<P><STRONG><a name="[75]"></a>ConfigureLinePid</STRONG> (Thumb, 120 bytes, Stack size 72 bytes, diansai_app.o(.text.ConfigureLinePid))
<BR><BR>[Stack]<UL><LI>Max Depth = 92<LI>Call Chain = ConfigureLinePid &rArr; __aeabi_i2f &rArr; _float_epilogue
</UL>
<BR>[Calls]<UL><LI><a href="#[42]">&gt;&gt;</a>&nbsp;&nbsp;&nbsp;__aeabi_i2f
<LI><a href="#[38]">&gt;&gt;</a>&nbsp;&nbsp;&nbsp;__aeabi_fdiv
<LI><a href="#[76]">&gt;&gt;</a>&nbsp;&nbsp;&nbsp;VehicleLine_Configure
</UL>
<BR>[Called By]<UL><LI><a href="#[24]">&gt;&gt;</a>&nbsp;&nbsp;&nbsp;ProcessCommand
</UL>

<P><STRONG><a name="[77]"></a>ConfigureYawPid</STRONG> (Thumb, 108 bytes, Stack size 48 bytes, diansai_app.o(.text.ConfigureYawPid))
<BR><BR>[Stack]<UL><LI>Max Depth = 68<LI>Call Chain = ConfigureYawPid &rArr; __aeabi_i2f &rArr; _float_epilogue
</UL>
<BR>[Calls]<UL><LI><a href="#[42]">&gt;&gt;</a>&nbsp;&nbsp;&nbsp;__aeabi_i2f
<LI><a href="#[60]">&gt;&gt;</a>&nbsp;&nbsp;&nbsp;__aeabi_fmul
<LI><a href="#[78]">&gt;&gt;</a>&nbsp;&nbsp;&nbsp;VehicleCascade_ConfigurePid
</UL>
<BR>[Called By]<UL><LI><a href="#[24]">&gt;&gt;</a>&nbsp;&nbsp;&nbsp;ProcessCommand
</UL>

<P><STRONG><a name="[cc]"></a>WrapAngleDegrees</STRONG> (Thumb, 200 bytes, Stack size 16 bytes, diansai_app.o(.text.WrapAngleDegrees))
<BR><BR>[Stack]<UL><LI>Max Depth = 52<LI>Call Chain = WrapAngleDegrees &rArr; __aeabi_fadd &rArr; _float_epilogue
</UL>
<BR>[Calls]<UL><LI><a href="#[57]">&gt;&gt;</a>&nbsp;&nbsp;&nbsp;__aeabi_fcmplt
<LI><a href="#[55]">&gt;&gt;</a>&nbsp;&nbsp;&nbsp;__aeabi_fcmpgt
<LI><a href="#[54]">&gt;&gt;</a>&nbsp;&nbsp;&nbsp;__aeabi_fcmple
<LI><a href="#[33]">&gt;&gt;</a>&nbsp;&nbsp;&nbsp;__aeabi_fadd
<LI><a href="#[56]">&gt;&gt;</a>&nbsp;&nbsp;&nbsp;__aeabi_fcmpge
</UL>
<BR>[Called By]<UL><LI><a href="#[24]">&gt;&gt;</a>&nbsp;&nbsp;&nbsp;ProcessCommand
</UL>

<P><STRONG><a name="[a0]"></a>IncrementalPidStep</STRONG> (Thumb, 464 bytes, Stack size 56 bytes, vehicle_cascade_control.o(.text.IncrementalPidStep))
<BR><BR>[Stack]<UL><LI>Max Depth = 92<LI>Call Chain = IncrementalPidStep &rArr; __aeabi_fsub &rArr; __aeabi_fadd &rArr; _float_epilogue
</UL>
<BR>[Calls]<UL><LI><a href="#[a1]">&gt;&gt;</a>&nbsp;&nbsp;&nbsp;__aeabi_fcmpeq
<LI><a href="#[57]">&gt;&gt;</a>&nbsp;&nbsp;&nbsp;__aeabi_fcmplt
<LI><a href="#[55]">&gt;&gt;</a>&nbsp;&nbsp;&nbsp;__aeabi_fcmpgt
<LI><a href="#[36]">&gt;&gt;</a>&nbsp;&nbsp;&nbsp;__aeabi_fsub
<LI><a href="#[38]">&gt;&gt;</a>&nbsp;&nbsp;&nbsp;__aeabi_fdiv
<LI><a href="#[33]">&gt;&gt;</a>&nbsp;&nbsp;&nbsp;__aeabi_fadd
<LI><a href="#[60]">&gt;&gt;</a>&nbsp;&nbsp;&nbsp;__aeabi_fmul
</UL>
<BR>[Called By]<UL><LI><a href="#[9a]">&gt;&gt;</a>&nbsp;&nbsp;&nbsp;VehicleCascade_Step
</UL>

<P><STRONG><a name="[d3]"></a>SetBridge</STRONG> (Thumb, 208 bytes, Stack size 40 bytes, vehicle_motor.o(.text.SetBridge))
<BR><BR>[Stack]<UL><LI>Max Depth = 56<LI>Call Chain = SetBridge &rArr; delay_us
</UL>
<BR>[Calls]<UL><LI><a href="#[d5]">&gt;&gt;</a>&nbsp;&nbsp;&nbsp;delay_us
<LI><a href="#[d4]">&gt;&gt;</a>&nbsp;&nbsp;&nbsp;LQ_TIMER_PWMSetCaptureCompare
<LI><a href="#[ad]">&gt;&gt;</a>&nbsp;&nbsp;&nbsp;__aeabi_uidiv
</UL>
<BR>[Called By]<UL><LI><a href="#[64]">&gt;&gt;</a>&nbsp;&nbsp;&nbsp;VehicleMotor_Set
<LI><a href="#[d6]">&gt;&gt;</a>&nbsp;&nbsp;&nbsp;VehicleMotor_Stop
<LI><a href="#[7c]">&gt;&gt;</a>&nbsp;&nbsp;&nbsp;VehicleMotor_Init
</UL>

<P><STRONG><a name="[c0]"></a>ProbePinMap</STRONG> (Thumb, 184 bytes, Stack size 32 bytes, vehicle_imu.o(.text.ProbePinMap))
<BR><BR>[Stack]<UL><LI>Max Depth = 96<LI>Call Chain = ProbePinMap &rArr; TransferByte &rArr; LQ_GPIO_WritePin
</UL>
<BR>[Calls]<UL><LI><a href="#[c2]">&gt;&gt;</a>&nbsp;&nbsp;&nbsp;delay_ms
<LI><a href="#[67]">&gt;&gt;</a>&nbsp;&nbsp;&nbsp;LQ_GPIO_WritePin
<LI><a href="#[6a]">&gt;&gt;</a>&nbsp;&nbsp;&nbsp;LQ_GPIO_Init
<LI><a href="#[c1]">&gt;&gt;</a>&nbsp;&nbsp;&nbsp;TransferByte
</UL>
<BR>[Called By]<UL><LI><a href="#[85]">&gt;&gt;</a>&nbsp;&nbsp;&nbsp;VehicleImu_Init
</UL>

<P><STRONG><a name="[c1]"></a>TransferByte</STRONG> (Thumb, 404 bytes, Stack size 56 bytes, vehicle_imu.o(.text.TransferByte))
<BR><BR>[Stack]<UL><LI>Max Depth = 64<LI>Call Chain = TransferByte &rArr; LQ_GPIO_WritePin
</UL>
<BR>[Calls]<UL><LI><a href="#[6b]">&gt;&gt;</a>&nbsp;&nbsp;&nbsp;LQ_GPIO_ReadPin
<LI><a href="#[67]">&gt;&gt;</a>&nbsp;&nbsp;&nbsp;LQ_GPIO_WritePin
</UL>
<BR>[Called By]<UL><LI><a href="#[cd]">&gt;&gt;</a>&nbsp;&nbsp;&nbsp;ReadSixAxis
<LI><a href="#[c0]">&gt;&gt;</a>&nbsp;&nbsp;&nbsp;ProbePinMap
<LI><a href="#[85]">&gt;&gt;</a>&nbsp;&nbsp;&nbsp;VehicleImu_Init
</UL>

<P><STRONG><a name="[cd]"></a>ReadSixAxis</STRONG> (Thumb, 184 bytes, Stack size 56 bytes, vehicle_imu.o(.text.ReadSixAxis))
<BR><BR>[Stack]<UL><LI>Max Depth = 120<LI>Call Chain = ReadSixAxis &rArr; TransferByte &rArr; LQ_GPIO_WritePin
</UL>
<BR>[Calls]<UL><LI><a href="#[67]">&gt;&gt;</a>&nbsp;&nbsp;&nbsp;LQ_GPIO_WritePin
<LI><a href="#[c1]">&gt;&gt;</a>&nbsp;&nbsp;&nbsp;TransferByte
</UL>
<BR>[Called By]<UL><LI><a href="#[91]">&gt;&gt;</a>&nbsp;&nbsp;&nbsp;VehicleImu_Update
<LI><a href="#[74]">&gt;&gt;</a>&nbsp;&nbsp;&nbsp;VehicleImu_CalibrateGyro
</UL>

<P><STRONG><a name="[d7]"></a>UpdateNormalization</STRONG> (Thumb, 396 bytes, Stack size 24 bytes, vehicle_gray.o(.text.UpdateNormalization))
<BR><BR>[Stack]<UL><LI>Max Depth = 40<LI>Call Chain = UpdateNormalization &rArr; __aeabi_idiv
</UL>
<BR>[Calls]<UL><LI><a href="#[c7]">&gt;&gt;</a>&nbsp;&nbsp;&nbsp;__aeabi_idiv
</UL>
<BR>[Called By]<UL><LI><a href="#[6f]">&gt;&gt;</a>&nbsp;&nbsp;&nbsp;VehicleGray_CaptureLine
<LI><a href="#[6e]">&gt;&gt;</a>&nbsp;&nbsp;&nbsp;VehicleGray_CaptureBackground
<LI><a href="#[92]">&gt;&gt;</a>&nbsp;&nbsp;&nbsp;VehicleGray_Update
</UL>

<P><STRONG><a name="[e8]"></a>_printf_core</STRONG> (Thumb, 768 bytes, Stack size 96 bytes, printf6.o(i._printf_core), UNUSED)
<BR><BR>[Calls]<UL><LI><a href="#[48]">&gt;&gt;</a>&nbsp;&nbsp;&nbsp;__aeabi_uidivmod
<LI><a href="#[ec]">&gt;&gt;</a>&nbsp;&nbsp;&nbsp;_printf_pre_padding
<LI><a href="#[ed]">&gt;&gt;</a>&nbsp;&nbsp;&nbsp;_printf_post_padding
</UL>
<BR>[Called By]<UL><LI><a href="#[e7]">&gt;&gt;</a>&nbsp;&nbsp;&nbsp;__0snprintf$6
</UL>

<P><STRONG><a name="[ed]"></a>_printf_post_padding</STRONG> (Thumb, 32 bytes, Stack size 24 bytes, printf6.o(i._printf_post_padding), UNUSED)
<BR><BR>[Called By]<UL><LI><a href="#[e8]">&gt;&gt;</a>&nbsp;&nbsp;&nbsp;_printf_core
</UL>

<P><STRONG><a name="[ec]"></a>_printf_pre_padding</STRONG> (Thumb, 44 bytes, Stack size 40 bytes, printf6.o(i._printf_pre_padding), UNUSED)
<BR><BR>[Called By]<UL><LI><a href="#[e8]">&gt;&gt;</a>&nbsp;&nbsp;&nbsp;_printf_core
</UL>

<P><STRONG><a name="[26]"></a>_snputc</STRONG> (Thumb, 22 bytes, Stack size 0 bytes, printf6.o(i._snputc))
<BR>[Address Reference Count : 1]<UL><LI> printf6.o(i.__0snprintf$6)
</UL>
<P><STRONG><a name="[22]"></a>_scanf_char_input</STRONG> (Thumb, 12 bytes, Stack size 0 bytes, scanf_char.o(.text))
<BR>[Address Reference Count : 1]<UL><LI> scanf_char.o(.text)
</UL><P>
<H3>
Undefined Global Symbols
</H3>
<P><STRONG><a name="[4f]"></a>_scanf_longlong</STRONG> (ARM, 0 bytes, Stack size 0 bytes, UNDEFINED)
<BR><BR>[Called By]<UL><LI><a href="#[49]">&gt;&gt;</a>&nbsp;&nbsp;&nbsp;__vfscanf
</UL>

<P><STRONG><a name="[4e]"></a>_scanf_real</STRONG> (ARM, 0 bytes, Stack size 0 bytes, UNDEFINED)
<BR><BR>[Called By]<UL><LI><a href="#[49]">&gt;&gt;</a>&nbsp;&nbsp;&nbsp;__vfscanf
</UL>

<P><STRONG><a name="[50]"></a>_scanf_string</STRONG> (ARM, 0 bytes, Stack size 0 bytes, UNDEFINED)
<BR><BR>[Called By]<UL><LI><a href="#[49]">&gt;&gt;</a>&nbsp;&nbsp;&nbsp;__vfscanf
</UL>
<HR></body></html>
