*** Using Compiler 'V6.19', folder: 'D:\Keil5\ARM\ARMCLANG\Bin'
Rebuild target 'car'
compiling tim.c...
assembling startup_stm32f103xb.s...
compiling gpio.c...
compiling main.c...
compiling stm32f1xx_hal_rcc.c...
compiling i2c.c...
compiling stm32f1xx_hal_exti.c...
compiling stm32f1xx_hal_flash_ex.c...
compiling stm32f1xx_hal_pwr.c...
compiling stm32f1xx_hal_rcc_ex.c...
compiling stm32f1xx_hal_msp.c...
compiling stm32f1xx_hal_gpio_ex.c...
compiling usart.c...
compiling stm32f1xx_it.c...
compiling app.c...
compiling stm32f1xx_hal.c...
compiling stm32f1xx_hal_cortex.c...
compiling stm32f1xx_hal_flash.c...
compiling stm32f1xx_hal_gpio.c...
compiling stm32f1xx_hal_dma.c...
compiling stm32f1xx_hal_tim_ex.c...
compiling system_stm32f1xx.c...
compiling motor.c...
compiling servo.c...
compiling stm32f1xx_hal_i2c.c...
compiling pid.c...
compiling filter.c...
compiling maze.c...
compiling ultrasonic.c...
compiling font.c...
compiling stm32f1xx_hal_uart.c...
compiling stm32f1xx_hal_tim.c...
compiling oled.c...
linking...
Program Size: Code=21456 RO-data=2212 RW-data=24 ZI-data=3264  
FromELF: creating hex file...
"car\car.axf" - 0 Error(s), 0 Warning(s).
Build Time Elapsed:  00:00:02
