Microsoft (R) Macro Assembler Version 6.11		    04/20/26 13:36:21
tempfile.asm						     Page 1 - 1


 0000				DATAS SEGMENT
				    
 0000				DATAS ENDS

 0000				CODES SEGMENT
				    ASSUME CS:CODES,DS:DATAS
 0000				START:
				    
 0000  B8 ---- R		    MOV AX, DATAS
 0003  8E D8			    MOV DS, AX

 0005  BA DEF0			    MOV DX, 0DEF0H
 0008  B8 11B5			    MOV AX, 11B5H
 000B  B9 884F			    MOV CX, 884FH
 000E  BB 267E			    MOV BX, 267EH

 0011  03 C1			    ADD AX, CX        
 0013  13 D3			    ADC DX, BX        

 0015  B4 4C			    MOV AH, 4CH
 0017  CD 21			    INT 21H
 0019				CODES ENDS
				END START



Microsoft (R) Macro Assembler Version 6.11		    04/20/26 13:36:21
tempfile.asm						     Symbols 2 - 1




Segments and Groups:

                N a m e                 Size     Length   Align   Combine Class

CODES  . . . . . . . . . . . . .	16 Bit	 0019	  Para	  Private 
DATAS  . . . . . . . . . . . . .	16 Bit	 0000	  Para	  Private 


Symbols:

                N a m e                 Type     Value    Attr

START  . . . . . . . . . . . . .	L Near	 0000	  CODES	

	   0 Warnings
	   0 Errors
