Log file created at: 2026/04/20 09:15:30  PID: 23064
Running on machine: F
Log line format: [IWEF]mmdd hh:mm:ss.uuuuuu threadid file:line] msg
I0420 09:15:30.323091 27872 code_page.cpp:268] in function[Unisound::OutputDebugPrintf], version: V1.0.1 
 
I0420 09:15:54.978789 27872 UniOneDebugToolDlg.cpp:957] in function[CUniOneDebugToolDlg::StartBurn], opening Serial Port 4 
I0420 09:15:54.984786 27872 code_page.cpp:268] in function[Unisound::OutputDebugPrintf], COM put_setting 921600, N, 8, 1 port:4 
 
I0420 09:15:55.495558 27872 UniOneDebugToolDlg.cpp:957] in function[CUniOneDebugToolDlg::StartBurn], opening Serial Port 6 
I0420 09:15:55.504617 27872 code_page.cpp:268] in function[Unisound::OutputDebugPrintf], COM put_setting 921600, N, 8, 1 port:6 
 
I0420 09:15:56.015390 27872 UniOneDebugToolDlg.cpp:957] in function[CUniOneDebugToolDlg::StartBurn], opening Serial Port 3 
I0420 09:16:01.209836 27872 UniOneDebugToolDlg.cpp:957] in function[CUniOneDebugToolDlg::StartBurn], opening Serial Port 5 
I0420 09:16:06.349391 27872 UniOneDebugToolDlg.cpp:957] in function[CUniOneDebugToolDlg::StartBurn], opening Serial Port 7 
I0420 09:16:06.355650 27872 code_page.cpp:268] in function[Unisound::OutputDebugPrintf], COM put_setting 921600, N, 8, 1 port:7 
 
I0420 09:16:13.590658 17316 code_page.cpp:268] in function[Unisound::OutputDebugPrintf], COM7 XmodermSendFile detected CCC, start send file 
 
I0420 09:16:13.590658 17316 code_page.cpp:268] in function[Unisound::OutputDebugPrintf], COM7 ReadSendFile C:\Users\28097\Desktop\my_code\my_code\arduino\esp_class\smart_home\固件\uni_hb_m_solution\image_demo\Hummingbird-M-Update-Tool\uni_app_release_update.bin m_iTransferTimes file not exist 0 
 
Log file created at: 2026/04/20 09:16:33  PID: 38976
Running on machine: F
Log line format: [IWEF]mmdd hh:mm:ss.uuuuuu threadid file:line] msg
I0420 09:16:33.895658 38852 code_page.cpp:268] in function[Unisound::OutputDebugPrintf], version: V1.0.1 
 
I0420 09:16:38.437366 38852 UniOneDebugToolDlg.cpp:957] in function[CUniOneDebugToolDlg::StartBurn], opening Serial Port 4 
I0420 09:16:38.444365 38852 code_page.cpp:268] in function[Unisound::OutputDebugPrintf], COM put_setting 921600, N, 8, 1 port:4 
 
I0420 09:16:38.964108 38852 UniOneDebugToolDlg.cpp:957] in function[CUniOneDebugToolDlg::StartBurn], opening Serial Port 6 
I0420 09:16:38.977113 38852 code_page.cpp:268] in function[Unisound::OutputDebugPrintf], COM put_setting 921600, N, 8, 1 port:6 
 
I0420 09:16:39.482571 38852 UniOneDebugToolDlg.cpp:957] in function[CUniOneDebugToolDlg::StartBurn], opening Serial Port 3 
I0420 09:16:44.674328 38852 UniOneDebugToolDlg.cpp:957] in function[CUniOneDebugToolDlg::StartBurn], opening Serial Port 5 
I0420 09:16:49.828446 38852 UniOneDebugToolDlg.cpp:957] in function[CUniOneDebugToolDlg::StartBurn], opening Serial Port 7 
I0420 09:16:49.835446 38852 code_page.cpp:268] in function[Unisound::OutputDebugPrintf], COM put_setting 921600, N, 8, 1 port:7 
 
I0420 09:17:00.720047 29976 code_page.cpp:268] in function[Unisound::OutputDebugPrintf], COM7 XmodermSendFile detected CCC, start send file 
 
I0420 09:17:00.720047 29976 code_page.cpp:268] in function[Unisound::OutputDebugPrintf], COM7 ReadSendFile C:\Users\28097\Desktop\my_code\my_code\arduino\esp_class\smart_home\固件\uni_hb_m_solution\image_demo\Hummingbird-M-Update-Tool\uni_app_release_update.bin m_iTransferTimes file not exist 0 
 
I0420 09:17:10.418022 38852 UniOneDebugToolDlg.cpp:957] in function[CUniOneDebugToolDlg::StartBurn], opening Serial Port 4 
I0420 09:17:10.419027 38852 code_page.cpp:268] in function[Unisound::OutputDebugPrintf], COM put_setting 921600, N, 8, 1 port:4 
 
I0420 09:17:10.929050 38852 UniOneDebugToolDlg.cpp:957] in function[CUniOneDebugToolDlg::StartBurn], opening Serial Port 6 
I0420 09:17:10.930069 38852 code_page.cpp:268] in function[Unisound::OutputDebugPrintf], COM put_setting 921600, N, 8, 1 port:6 
 
I0420 09:17:11.446528 38852 UniOneDebugToolDlg.cpp:957] in function[CUniOneDebugToolDlg::StartBurn], opening Serial Port 3 
I0420 09:17:16.638371 38852 UniOneDebugToolDlg.cpp:957] in function[CUniOneDebugToolDlg::StartBurn], opening Serial Port 5 
I0420 09:17:21.767711 38852 UniOneDebugToolDlg.cpp:957] in function[CUniOneDebugToolDlg::StartBurn], opening Serial Port 7 
I0420 09:17:21.770768 38852 code_page.cpp:268] in function[Unisound::OutputDebugPrintf], COM put_setting 921600, N, 8, 1 port:7 
 
I0420 09:17:31.680148 29976 code_page.cpp:268] in function[Unisound::OutputDebugPrintf], COM7 XmodermSendFile detected CCC, start send file 
 
I0420 09:17:31.681151 29976 code_page.cpp:268] in function[Unisound::OutputDebugPrintf], COM7 ReadSendFile C:\Users\28097\Desktop\my_code\my_code\arduino\esp_class\smart_home\固件\uni_hb_m_solution\image_demo\Hummingbird-M-Update-Tool\uni_app_release_update.bin m_iTransferTimes file not exist 0 
 
Log file created at: 2026/04/20 09:17:38  PID: 38084
Running on machine: F
Log line format: [IWEF]mmdd hh:mm:ss.uuuuuu threadid file:line] msg
I0420 09:17:38.362936 31572 code_page.cpp:268] in function[Unisound::OutputDebugPrintf], version: V1.0.1 
 
I0420 09:18:05.907703 31572 UniOneDebugToolDlg.cpp:957] in function[CUniOneDebugToolDlg::StartBurn], opening Serial Port 4 
I0420 09:18:05.915705 31572 code_page.cpp:268] in function[Unisound::OutputDebugPrintf], COM put_setting 921600, N, 8, 1 port:4 
 
I0420 09:18:06.432466 31572 UniOneDebugToolDlg.cpp:957] in function[CUniOneDebugToolDlg::StartBurn], opening Serial Port 6 
I0420 09:18:06.438666 31572 code_page.cpp:268] in function[Unisound::OutputDebugPrintf], COM put_setting 921600, N, 8, 1 port:6 
 
I0420 09:18:06.961396 31572 UniOneDebugToolDlg.cpp:957] in function[CUniOneDebugToolDlg::StartBurn], opening Serial Port 3 
I0420 09:18:12.175071 31572 UniOneDebugToolDlg.cpp:957] in function[CUniOneDebugToolDlg::StartBurn], opening Serial Port 5 
I0420 09:18:17.310673 31572 UniOneDebugToolDlg.cpp:957] in function[CUniOneDebugToolDlg::StartBurn], opening Serial Port 7 
I0420 09:18:17.316769 31572 code_page.cpp:268] in function[Unisound::OutputDebugPrintf], COM put_setting 921600, N, 8, 1 port:7 
 
I0420 09:18:39.675199 38960 code_page.cpp:268] in function[Unisound::OutputDebugPrintf], COM7 XmodermSendFile detected CCC, start send file 
 
I0420 09:18:39.676195 38960 code_page.cpp:268] in function[Unisound::OutputDebugPrintf], COM7 ReadSendFile C:\Users\28097\Desktop\my_code\my_code\arduino\esp_class\smart_home\固件\uni_hb_m_solution\image_demo\Hummingbird-M-Update-Tool\uni_app_release.bin m_iTransferTimes file not exist 0 
 
I0420 09:23:48.482795 31572 UniOneDebugToolDlg.cpp:957] in function[CUniOneDebugToolDlg::StartBurn], opening Serial Port 4 
I0420 09:23:48.483796 31572 code_page.cpp:268] in function[Unisound::OutputDebugPrintf], COM put_setting 921600, N, 8, 1 port:4 
 
I0420 09:23:49.000875 31572 UniOneDebugToolDlg.cpp:957] in function[CUniOneDebugToolDlg::StartBurn], opening Serial Port 6 
I0420 09:23:49.001881 31572 code_page.cpp:268] in function[Unisound::OutputDebugPrintf], COM put_setting 921600, N, 8, 1 port:6 
 
I0420 09:23:49.515558 31572 UniOneDebugToolDlg.cpp:957] in function[CUniOneDebugToolDlg::StartBurn], opening Serial Port 3 
I0420 09:23:54.707852 31572 UniOneDebugToolDlg.cpp:957] in function[CUniOneDebugToolDlg::StartBurn], opening Serial Port 5 
I0420 09:23:59.855849 31572 UniOneDebugToolDlg.cpp:957] in function[CUniOneDebugToolDlg::StartBurn], opening Serial Port 7 
I0420 09:23:59.862852 31572 code_page.cpp:268] in function[Unisound::OutputDebugPrintf], COM put_setting 921600, N, 8, 1 port:7 
 
I0420 09:24:04.239531 38960 code_page.cpp:268] in function[Unisound::OutputDebugPrintf], COM7 XmodermSendFile detected CCC, start send file 
 
I0420 09:24:04.239531 38960 code_page.cpp:268] in function[Unisound::OutputDebugPrintf], COM7 ReadSendFile C:\Users\28097\Desktop\my_code\my_code\arduino\esp_class\smart_home\固件\uni_hb_m_solution\image_demo\Hummingbird-M-Update-Tool\uni_app_debug.bin m_iTransferTimes file not exist 0 
 
I0420 09:24:18.230895 31572 UniOneDebugToolDlg.cpp:957] in function[CUniOneDebugToolDlg::StartBurn], opening Serial Port 4 
I0420 09:24:18.230895 31572 code_page.cpp:268] in function[Unisound::OutputDebugPrintf], COM put_setting 921600, N, 8, 1 port:4 
 
I0420 09:24:18.756248 31572 UniOneDebugToolDlg.cpp:957] in function[CUniOneDebugToolDlg::StartBurn], opening Serial Port 6 
I0420 09:24:18.757248 31572 code_page.cpp:268] in function[Unisound::OutputDebugPrintf], COM put_setting 921600, N, 8, 1 port:6 
 
I0420 09:24:19.282078 31572 UniOneDebugToolDlg.cpp:957] in function[CUniOneDebugToolDlg::StartBurn], opening Serial Port 3 
I0420 09:24:24.483337 31572 UniOneDebugToolDlg.cpp:957] in function[CUniOneDebugToolDlg::StartBurn], opening Serial Port 5 
I0420 09:24:29.620299 31572 UniOneDebugToolDlg.cpp:957] in function[CUniOneDebugToolDlg::StartBurn], opening Serial Port 7 
I0420 09:24:29.624295 31572 code_page.cpp:268] in function[Unisound::OutputDebugPrintf], COM put_setting 921600, N, 8, 1 port:7 
 
I0420 09:24:46.119100 38960 code_page.cpp:268] in function[Unisound::OutputDebugPrintf], COM7 XmodermSendFile detected CCC, start send file 
 
I0420 09:24:46.119100 38960 code_page.cpp:268] in function[Unisound::OutputDebugPrintf], COM7 ReadSendFile C:\Users\28097\Desktop\my_code\my_code\arduino\esp_class\smart_home\固件\uni_hb_m_solution\image_demo\Hummingbird-M-Update-Tool\uni_app_debug_update.bin m_iTransferTimes file not exist 0 
 
Log file created at: 2026/04/20 09:26:37  PID: 38296
Running on machine: F
Log line format: [IWEF]mmdd hh:mm:ss.uuuuuu threadid file:line] msg
I0420 09:26:37.515154 35108 code_page.cpp:268] in function[Unisound::OutputDebugPrintf], version: V1.0.1 
 
I0420 09:26:41.973814 35108 UniOneDebugToolDlg.cpp:957] in function[CUniOneDebugToolDlg::StartBurn], opening Serial Port 4 
I0420 09:26:41.982861 35108 code_page.cpp:268] in function[Unisound::OutputDebugPrintf], COM put_setting 921600, N, 8, 1 port:4 
 
I0420 09:26:42.502215 35108 UniOneDebugToolDlg.cpp:957] in function[CUniOneDebugToolDlg::StartBurn], opening Serial Port 6 
I0420 09:26:42.507221 35108 code_page.cpp:268] in function[Unisound::OutputDebugPrintf], COM put_setting 921600, N, 8, 1 port:6 
 
I0420 09:26:43.031543 35108 UniOneDebugToolDlg.cpp:957] in function[CUniOneDebugToolDlg::StartBurn], opening Serial Port 3 
I0420 09:26:48.240178 35108 UniOneDebugToolDlg.cpp:957] in function[CUniOneDebugToolDlg::StartBurn], opening Serial Port 5 
I0420 09:26:53.380585 35108 UniOneDebugToolDlg.cpp:957] in function[CUniOneDebugToolDlg::StartBurn], opening Serial Port 7 
I0420 09:26:53.387463 35108 code_page.cpp:268] in function[Unisound::OutputDebugPrintf], COM put_setting 921600, N, 8, 1 port:7 
 
I0420 09:27:07.654992 35140 code_page.cpp:268] in function[Unisound::OutputDebugPrintf], COM7 XmodermSendFile detected CCC, start send file 
 
I0420 09:27:07.656615 35140 code_page.cpp:268] in function[Unisound::OutputDebugPrintf], COM7 ReadSendFile C:\Users\28097\Desktop\my_code\my_code\arduino\esp_class\smart_home\hardware\uni_hb_m_solution\image_demo\Hummingbird-M-Update-Tool\uni_app_release_update.bin m_iTransferTimes finished 1212 
 
