<html>
<body>
<pre>
<h1>µVision Build Log</h1>
<h2>Tool Versions:</h2>
IDE-Version: ¦ÌVision V5.38.0.0
Copyright (C) 2022 ARM Ltd and ARM Germany GmbH. All rights reserved.
License Information: Ìõ ´Ì, 1, LIC=TIVNB-2HMKM-IIP5V-PX5BH-6IJFU-PE54Z
 
Tool Versions:
Toolchain:       MDK-ARM Plus  Version: 5.38.0.0
Toolchain Path:  D:\Keil5\ARM\ARMCC\Bin
C Compiler:      Armcc.exe V5.06 update 5 (build 528)
Assembler:       Armasm.exe V5.06 update 5 (build 528)
Linker/Locator:  ArmLink.exe V5.06 update 5 (build 528)
Library Manager: ArmAr.exe V5.06 update 5 (build 528)
Hex Converter:   FromElf.exe V5.06 update 5 (build 528)
CPU DLL:         SARMCM3.DLL V5.38.0.0
Dialog DLL:      DCM.DLL V1.17.5.0
Target DLL:      CMSIS_AGDI.dll V1.33.15.0
Dialog DLL:      TCM.DLL V1.56.4.0
 
<h2>Project:</h2>
C:\Users\123\Desktop\my_code\qianrushi\16th\MDK-ARM\16th.uvprojx
Project File Date:  06/05/2026

<h2>Output:</h2>
*** Using Compiler 'V5.06 update 5 (build 528)', folder: 'D:\Keil5\ARM\ARMCC\Bin'
Build target '16th'
compiling main.c...
../Core/Src/main.c(348): warning:  #181-D: argument is incompatible with corresponding format string conversion
  		if(sscanf(receiveData,"TIME:%02d%02d%02d",&H_M_S_setTime.Hours,&H_M_S_setTime.Minutes,&H_M_S_setTime.Seconds)==3){
../Core/Src/main.c(348): warning:  #181-D: argument is incompatible with corresponding format string conversion
  		if(sscanf(receiveData,"TIME:%02d%02d%02d",&H_M_S_setTime.Hours,&H_M_S_setTime.Minutes,&H_M_S_setTime.Seconds)==3){
../Core/Src/main.c(348): warning:  #181-D: argument is incompatible with corresponding format string conversion
  		if(sscanf(receiveData,"TIME:%02d%02d%02d",&H_M_S_setTime.Hours,&H_M_S_setTime.Minutes,&H_M_S_setTime.Seconds)==3){
../Core/Src/main.c(346): warning:  #177-D: variable "tmp_hour"  was declared but never referenced
  		int tmp_hour, tmp_min, tmp_sec;
../Core/Src/main.c(346): warning:  #177-D: variable "tmp_min"  was declared but never referenced
  		int tmp_hour, tmp_min, tmp_sec;
../Core/Src/main.c(346): warning:  #177-D: variable "tmp_sec"  was declared but never referenced
  		int tmp_hour, tmp_min, tmp_sec;
../Core/Src/main.c: 6 warnings, 0 errors
linking...
Program Size: Code=37134 RO-data=5610 RW-data=384 ZI-data=2608  
FromELF: creating hex file...
"16th\16th.axf" - 0 Error(s), 6 Warning(s).

<h2>Software Packages used:</h2>

Package Vendor: ARM
                http://www.keil.com/pack/ARM.CMSIS.5.9.0.pack
                ARM.CMSIS.5.9.0
                CMSIS (Common Microcontroller Software Interface Standard)
   * Component: CORE Version: 5.6.0

Package Vendor: Keil
                https://www.keil.com/pack/Keil.STM32G4xx_DFP.2.1.0.pack
                Keil.STM32G4xx_DFP.2.1.0
                STMicroelectronics STM32G4 Series Device Support

<h2>Collection of Component include folders:</h2>
  ./RTE/_16th
  D:/Keil5/ARM/PACK/ARM/CMSIS/5.9.0/CMSIS/Core/Include

<h2>Collection of Component Files used:</h2>

   * Component: ARM::CMSIS:CORE:5.6.0
Build Time Elapsed:  00:00:03
</pre>
</body>
</html>
