Component: ARM Compiler 5.06 update 5 (build 528) Tool: armlink [4d35e2]

==============================================================================

Section Cross References

    startup_stm32g431xx.o(STACK) refers (Special) to heapauxi.o(.text) for __use_two_region_memory
    startup_stm32g431xx.o(HEAP) refers (Special) to heapauxi.o(.text) for __use_two_region_memory
    startup_stm32g431xx.o(RESET) refers (Special) to heapauxi.o(.text) for __use_two_region_memory
    startup_stm32g431xx.o(RESET) refers to startup_stm32g431xx.o(STACK) for __initial_sp
    startup_stm32g431xx.o(RESET) refers to startup_stm32g431xx.o(.text) for Reset_Handler
    startup_stm32g431xx.o(RESET) refers to stm32g4xx_it.o(i.NMI_Handler) for NMI_Handler
    startup_stm32g431xx.o(RESET) refers to stm32g4xx_it.o(i.HardFault_Handler) for HardFault_Handler
    startup_stm32g431xx.o(RESET) refers to stm32g4xx_it.o(i.MemManage_Handler) for MemManage_Handler
    startup_stm32g431xx.o(RESET) refers to stm32g4xx_it.o(i.BusFault_Handler) for BusFault_Handler
    startup_stm32g431xx.o(RESET) refers to stm32g4xx_it.o(i.UsageFault_Handler) for UsageFault_Handler
    startup_stm32g431xx.o(RESET) refers to stm32g4xx_it.o(i.SVC_Handler) for SVC_Handler
    startup_stm32g431xx.o(RESET) refers to stm32g4xx_it.o(i.DebugMon_Handler) for DebugMon_Handler
    startup_stm32g431xx.o(RESET) refers to stm32g4xx_it.o(i.PendSV_Handler) for PendSV_Handler
    startup_stm32g431xx.o(RESET) refers to stm32g4xx_it.o(i.SysTick_Handler) for SysTick_Handler
    startup_stm32g431xx.o(RESET) refers to stm32g4xx_it.o(i.TIM3_IRQHandler) for TIM3_IRQHandler
    startup_stm32g431xx.o(RESET) refers to stm32g4xx_it.o(i.USART1_IRQHandler) for USART1_IRQHandler
    startup_stm32g431xx.o(.text) refers (Special) to heapauxi.o(.text) for __use_two_region_memory
    startup_stm32g431xx.o(.text) refers to system_stm32g4xx.o(i.SystemInit) for SystemInit
    startup_stm32g431xx.o(.text) refers to __main.o(!!!main) for __main
    startup_stm32g431xx.o(.text) refers to startup_stm32g431xx.o(HEAP) for Heap_Mem
    startup_stm32g431xx.o(.text) refers to startup_stm32g431xx.o(STACK) for Stack_Mem
    lcd.o(i.LCD_BusIn) refers to rt_memclr_w.o(.text) for __aeabi_memclr4
    lcd.o(i.LCD_BusIn) refers to stm32g4xx_hal_gpio.o(i.HAL_GPIO_Init) for HAL_GPIO_Init
    lcd.o(i.LCD_BusOut) refers to rt_memclr_w.o(.text) for __aeabi_memclr4
    lcd.o(i.LCD_BusOut) refers to stm32g4xx_hal_gpio.o(i.HAL_GPIO_Init) for HAL_GPIO_Init
    lcd.o(i.LCD_Clear) refers to lcd.o(i.LCD_SetCursor) for LCD_SetCursor
    lcd.o(i.LCD_Clear) refers to lcd.o(i.LCD_WriteRAM_Prepare) for LCD_WriteRAM_Prepare
    lcd.o(i.LCD_Clear) refers to lcd.o(i.LCD_WriteRAM) for LCD_WriteRAM
    lcd.o(i.LCD_ClearLine) refers to lcd.o(i.LCD_DisplayStringLine) for LCD_DisplayStringLine
    lcd.o(i.LCD_CtrlLinesConfig) refers to rt_memclr_w.o(.text) for __aeabi_memclr4
    lcd.o(i.LCD_CtrlLinesConfig) refers to stm32g4xx_hal_gpio.o(i.HAL_GPIO_Init) for HAL_GPIO_Init
    lcd.o(i.LCD_CtrlLinesConfig) refers to lcd.o(i.LCD_BusOut) for LCD_BusOut
    lcd.o(i.LCD_DisplayChar) refers to lcd.o(i.LCD_DrawChar) for LCD_DrawChar
    lcd.o(i.LCD_DisplayChar) refers to lcd.o(.constdata) for .constdata
    lcd.o(i.LCD_DisplayOff) refers to lcd.o(i.LCD_WriteReg) for LCD_WriteReg
    lcd.o(i.LCD_DisplayOn) refers to lcd.o(i.LCD_WriteReg) for LCD_WriteReg
    lcd.o(i.LCD_DisplayStringLine) refers to lcd.o(i.LCD_DisplayChar) for LCD_DisplayChar
    lcd.o(i.LCD_DrawChar) refers to lcd.o(i.LCD_SetCursor) for LCD_SetCursor
    lcd.o(i.LCD_DrawChar) refers to lcd.o(i.LCD_WriteRAM_Prepare) for LCD_WriteRAM_Prepare
    lcd.o(i.LCD_DrawChar) refers to lcd.o(i.LCD_WriteRAM) for LCD_WriteRAM
    lcd.o(i.LCD_DrawChar) refers to lcd.o(.data) for .data
    lcd.o(i.LCD_DrawCircle) refers to lcd.o(i.LCD_SetCursor) for LCD_SetCursor
    lcd.o(i.LCD_DrawCircle) refers to lcd.o(i.LCD_WriteRAM_Prepare) for LCD_WriteRAM_Prepare
    lcd.o(i.LCD_DrawCircle) refers to lcd.o(i.LCD_WriteRAM) for LCD_WriteRAM
    lcd.o(i.LCD_DrawCircle) refers to lcd.o(.data) for .data
    lcd.o(i.LCD_DrawLine) refers to lcd.o(i.LCD_SetCursor) for LCD_SetCursor
    lcd.o(i.LCD_DrawLine) refers to lcd.o(i.LCD_WriteRAM_Prepare) for LCD_WriteRAM_Prepare
    lcd.o(i.LCD_DrawLine) refers to lcd.o(i.LCD_WriteRAM) for LCD_WriteRAM
    lcd.o(i.LCD_DrawLine) refers to lcd.o(.data) for .data
    lcd.o(i.LCD_DrawMonoPict) refers to lcd.o(i.LCD_SetCursor) for LCD_SetCursor
    lcd.o(i.LCD_DrawMonoPict) refers to lcd.o(i.LCD_WriteRAM_Prepare) for LCD_WriteRAM_Prepare
    lcd.o(i.LCD_DrawMonoPict) refers to lcd.o(i.LCD_WriteRAM) for LCD_WriteRAM
    lcd.o(i.LCD_DrawMonoPict) refers to lcd.o(.data) for .data
    lcd.o(i.LCD_DrawPicture) refers to lcd.o(i.LCD_SetCursor) for LCD_SetCursor
    lcd.o(i.LCD_DrawPicture) refers to lcd.o(i.LCD_WriteRAM_Prepare) for LCD_WriteRAM_Prepare
    lcd.o(i.LCD_DrawPicture) refers to lcd.o(i.LCD_WriteRAM) for LCD_WriteRAM
[...]
    DMA1_Channel3_IRQHandler                 0x0800030b   Thumb Code     0  startup_stm32g431xx.o(.text)
    DMA1_Channel4_IRQHandler                 0x0800030b   Thumb Code     0  startup_stm32g431xx.o(.text)
    DMA1_Channel5_IRQHandler                 0x0800030b   Thumb Code     0  startup_stm32g431xx.o(.text)
    DMA1_Channel6_IRQHandler                 0x0800030b   Thumb Code     0  startup_stm32g431xx.o(.text)
    DMA2_Channel1_IRQHandler                 0x0800030b   Thumb Code     0  startup_stm32g431xx.o(.text)
    DMA2_Channel2_IRQHandler                 0x0800030b   Thumb Code     0  startup_stm32g431xx.o(.text)
    DMA2_Channel3_IRQHandler                 0x0800030b   Thumb Code     0  startup_stm32g431xx.o(.text)
    DMA2_Channel4_IRQHandler                 0x0800030b   Thumb Code     0  startup_stm32g431xx.o(.text)
    DMA2_Channel5_IRQHandler                 0x0800030b   Thumb Code     0  startup_stm32g431xx.o(.text)
    DMA2_Channel6_IRQHandler                 0x0800030b   Thumb Code     0  startup_stm32g431xx.o(.text)
    DMAMUX_OVR_IRQHandler                    0x0800030b   Thumb Code     0  startup_stm32g431xx.o(.text)
    EXTI0_IRQHandler                         0x0800030b   Thumb Code     0  startup_stm32g431xx.o(.text)
    EXTI15_10_IRQHandler                     0x0800030b   Thumb Code     0  startup_stm32g431xx.o(.text)
    EXTI1_IRQHandler                         0x0800030b   Thumb Code     0  startup_stm32g431xx.o(.text)
    EXTI2_IRQHandler                         0x0800030b   Thumb Code     0  startup_stm32g431xx.o(.text)
    EXTI3_IRQHandler                         0x0800030b   Thumb Code     0  startup_stm32g431xx.o(.text)
    EXTI4_IRQHandler                         0x0800030b   Thumb Code     0  startup_stm32g431xx.o(.text)
    EXTI9_5_IRQHandler                       0x0800030b   Thumb Code     0  startup_stm32g431xx.o(.text)
    FDCAN1_IT0_IRQHandler                    0x0800030b   Thumb Code     0  startup_stm32g431xx.o(.text)
    FDCAN1_IT1_IRQHandler                    0x0800030b   Thumb Code     0  startup_stm32g431xx.o(.text)
    FLASH_IRQHandler                         0x0800030b   Thumb Code     0  startup_stm32g431xx.o(.text)
    FMAC_IRQHandler                          0x0800030b   Thumb Code     0  startup_stm32g431xx.o(.text)
    FPU_IRQHandler                           0x0800030b   Thumb Code     0  startup_stm32g431xx.o(.text)
    I2C1_ER_IRQHandler                       0x0800030b   Thumb Code     0  startup_stm32g431xx.o(.text)
    I2C1_EV_IRQHandler                       0x0800030b   Thumb Code     0  startup_stm32g431xx.o(.text)
    I2C2_ER_IRQHandler                       0x0800030b   Thumb Code     0  startup_stm32g431xx.o(.text)
    I2C2_EV_IRQHandler                       0x0800030b   Thumb Code     0  startup_stm32g431xx.o(.text)
    I2C3_ER_IRQHandler                       0x0800030b   Thumb Code     0  startup_stm32g431xx.o(.text)
    I2C3_EV_IRQHandler                       0x0800030b   Thumb Code     0  startup_stm32g431xx.o(.text)
    LPTIM1_IRQHandler                        0x0800030b   Thumb Code     0  startup_stm32g431xx.o(.text)
    LPUART1_IRQHandler                       0x0800030b   Thumb Code     0  startup_stm32g431xx.o(.text)
    PVD_PVM_IRQHandler                       0x0800030b   Thumb Code     0  startup_stm32g431xx.o(.text)
    RCC_IRQHandler                           0x0800030b   Thumb Code     0  startup_stm32g431xx.o(.text)
    RNG_IRQHandler                           0x0800030b   Thumb Code     0  startup_stm32g431xx.o(.text)
    RTC_Alarm_IRQHandler                     0x0800030b   Thumb Code     0  startup_stm32g431xx.o(.text)
    RTC_TAMP_LSECSS_IRQHandler               0x0800030b   Thumb Code     0  startup_stm32g431xx.o(.text)
    RTC_WKUP_IRQHandler                      0x0800030b   Thumb Code     0  startup_stm32g431xx.o(.text)
    SAI1_IRQHandler                          0x0800030b   Thumb Code     0  startup_stm32g431xx.o(.text)
    SPI1_IRQHandler                          0x0800030b   Thumb Code     0  startup_stm32g431xx.o(.text)
    SPI2_IRQHandler                          0x0800030b   Thumb Code     0  startup_stm32g431xx.o(.text)
    SPI3_IRQHandler                          0x0800030b   Thumb Code     0  startup_stm32g431xx.o(.text)
    TIM1_BRK_TIM15_IRQHandler                0x0800030b   Thumb Code     0  startup_stm32g431xx.o(.text)
    TIM1_CC_IRQHandler                       0x0800030b   Thumb Code     0  startup_stm32g431xx.o(.text)
    TIM1_TRG_COM_TIM17_IRQHandler            0x0800030b   Thumb Code     0  startup_stm32g431xx.o(.text)
    TIM1_UP_TIM16_IRQHandler                 0x0800030b   Thumb Code     0  startup_stm32g431xx.o(.text)
    TIM2_IRQHandler                          0x0800030b   Thumb Code     0  startup_stm32g431xx.o(.text)
    TIM4_IRQHandler                          0x0800030b   Thumb Code     0  startup_stm32g431xx.o(.text)
    TIM6_DAC_IRQHandler                      0x0800030b   Thumb Code     0  startup_stm32g431xx.o(.text)
    TIM7_IRQHandler                          0x0800030b   Thumb Code     0  startup_stm32g431xx.o(.text)
    TIM8_BRK_IRQHandler                      0x0800030b   Thumb Code     0  startup_stm32g431xx.o(.text)
    TIM8_CC_IRQHandler                       0x0800030b   Thumb Code     0  startup_stm32g431xx.o(.text)
    TIM8_TRG_COM_IRQHandler                  0x0800030b   Thumb Code     0  startup_stm32g431xx.o(.text)
    TIM8_UP_IRQHandler                       0x0800030b   Thumb Code     0  startup_stm32g431xx.o(.text)
    UART4_IRQHandler                         0x0800030b   Thumb Code     0  startup_stm32g431xx.o(.text)
    UCPD1_IRQHandler                         0x0800030b   Thumb Code     0  startup_stm32g431xx.o(.text)
    USART2_IRQHandler                        0x0800030b   Thumb Code     0  startup_stm32g431xx.o(.text)
    USART3_IRQHandler                        0x0800030b   Thumb Code     0  startup_stm32g431xx.o(.text)
    USBWakeUp_IRQHandler                     0x0800030b   Thumb Code     0  startup_stm32g431xx.o(.text)
    USB_HP_IRQHandler                        0x0800030b   Thumb Code     0  startup_stm32g431xx.o(.text)
    USB_LP_IRQHandler                        0x0800030b   Thumb Code     0  startup_stm32g431xx.o(.text)
    WWDG_IRQHandler                          0x0800030b   Thumb Code     0  startup_stm32g431xx.o(.text)
    __user_initial_stackheap                 0x0800030d   Thumb Code     0  startup_stm32g431xx.o(.text)
    __aeabi_uldivmod                         0x08000331   Thumb Code     0  lludivv7m.o(.text)
    _ll_udiv                                 0x08000331   Thumb Code   238  lludivv7m.o(.text)
    __2sprintf                               0x08000421   Thumb Code    34  noretval__2sprintf.o(.text)
    _printf_pre_padding                      0x08000449   Thumb Code    44  _printf_pad.o(.text)
    _printf_post_padding                     0x08000475   Thumb Code    34  _printf_pad.o(.text)
    _printf_str                              0x08000497   Thumb Code    82  _printf_str.o(.text)
    _printf_int_dec                          0x080004e9   Thumb Code   104  _printf_dec.o(.text)
    __printf                                 0x08000561   Thumb Code   308  __printf_flags_wp.o(.text)
    __0sscanf                                0x08000699   Thumb Code    52  __0sscanf.o(.text)
    _scanf_int                               0x080006d5   Thumb Code   332  _scanf_int.o(.text)
    _scanf_string                            0x08000821   Thumb Code   224  _scanf_str.o(.text)
    strcpy                                   0x08000901   Thumb Code    72  strcpy.o(.text)
    strlen                                   0x08000949   Thumb Code    62  strlen.o(.text)
    __aeabi_memclr4                          0x08000987   Thumb Code     0  rt_memclr_w.o(.text)
    __aeabi_memclr8                          0x08000987   Thumb Code     0  rt_memclr_w.o(.text)
    __rt_memclr_w                            0x08000987   Thumb Code    78  rt_memclr_w.o(.text)
    _memset_w                                0x0800098b   Thumb Code     0  rt_memclr_w.o(.text)
    strcmp                                   0x080009d5   Thumb Code   128  strcmpv7m.o(.text)
    __use_two_region_memory                  0x08000a55   Thumb Code     2  heapauxi.o(.text)
    __rt_heap_escrow$2region                 0x08000a57   Thumb Code     2  heapauxi.o(.text)
    __rt_heap_expand$2region                 0x08000a59   Thumb Code     2  heapauxi.o(.text)
    _printf_int_common                       0x08000a5b   Thumb Code   178  _printf_intcommon.o(.text)
    __lib_sel_fp_printf                      0x08000b0d   Thumb Code     2  _printf_fp_dec.o(.text)
    _printf_fp_dec_real                      0x08000cbf   Thumb Code   620  _printf_fp_dec.o(.text)
    _printf_char_common                      0x08000f37   Thumb Code    32  _printf_char_common.o(.text)
    _sputc                                   0x08000f5d   Thumb Code    10  _sputc.o(.text)
    _printf_cs_common                        0x08000f67   Thumb Code    20  _printf_char.o(.text)
    _printf_char                             0x08000f7b   Thumb Code    16  _printf_char.o(.text)
    _printf_string                           0x08000f8b   Thumb Code     8  _printf_char.o(.text)
    _chval                                   0x08000f93   Thumb Code    28  _chval.o(.text)
    _scanf_really_real                       0x080011fd   Thumb Code   684  scanf_fp.o(.text)
    __vfscanf_char                           0x080014b5   Thumb Code    24  scanf_char.o(.text)
    _sgetc                                   0x080014d5   Thumb Code    30  _sgetc.o(.text)
    _sbackspace                              0x080014f3   Thumb Code    34  _sgetc.o(.text)
    __rt_locale                              0x08001515   Thumb Code     8  rt_locale_intlibspace.o(.text)
    __aeabi_errno_addr                       0x0800151d   Thumb Code     8  rt_errno_addr_intlibspace.o(.text)
    __errno$intlibspace                      0x0800151d   Thumb Code     0  rt_errno_addr_intlibspace.o(.text)
    __rt_errno_addr$intlibspace              0x0800151d   Thumb Code     0  rt_errno_addr_intlibspace.o(.text)
    _ll_udiv10                               0x08001525   Thumb Code   138  lludiv10.o(.text)
    isspace                                  0x080015af   Thumb Code    18  isspace.o(.text)
    _printf_fp_infnan                        0x080015c1   Thumb Code   112  _printf_fp_infnan.o(.text)
    __vfscanf                                0x08001641   Thumb Code   878  _scanf.o(.text)
    _btod_etento                             0x080019b5   Thumb Code   224  bigflt0.o(.text)
    __user_libspace                          0x08001a99   Thumb Code     8  libspace.o(.text)
    __user_perproc_libspace                  0x08001a99   Thumb Code     0  libspace.o(.text)
    __user_perthread_libspace                0x08001a99   Thumb Code     0  libspace.o(.text)
    __user_setup_stackheap                   0x08001aa1   Thumb Code    74  sys_stackheap_outer.o(.text)
    __rt_ctype_table                         0x08001aed   Thumb Code    16  rt_ctype_table.o(.text)
    __read_errno                             0x08001afd   Thumb Code    10  _rserrno.o(.text)
    __set_errno                              0x08001b07   Thumb Code    12  _rserrno.o(.text)
    _scanf_really_hex_real                   0x08001b15   Thumb Code   786  scanf_hexfp.o(.text)
    _scanf_really_infnan                     0x08001e35   Thumb Code   292  scanf_infnan.o(.text)
    exit                                     0x08001f69   Thumb Code    18  exit.o(.text)
    __aeabi_llsl                             0x08001f7b   Thumb Code     0  llshl.o(.text)
    _ll_shift_l                              0x08001f7b   Thumb Code    38  llshl.o(.text)
    _sys_exit                                0x08001fa1   Thumb Code     8  sys_exit.o(.text)
    __I$use$semihosting                      0x08001fad   Thumb Code     0  use_no_semi.o(.text)
    __use_no_semihosting_swi                 0x08001fad   Thumb Code     2  use_no_semi.o(.text)
    __semihosting_library_function           0x08001faf   Thumb Code     0  indicate_semi.o(.text)
    _btod_d2e                                0x08001faf   Thumb Code    62  btod.o(CL$$btod_d2e)
    _d2e_denorm_low                          0x08001fed   Thumb Code    70  btod.o(CL$$btod_d2e_denorm_low)
    _d2e_norm_op1                            0x08002033   Thumb Code    96  btod.o(CL$$btod_d2e_norm_op1)
    __btod_div_common                        0x08002093   Thumb Code   696  btod.o(CL$$btod_div_common)
    _e2d                                     0x080023cd   Thumb Code   122  btod.o(CL$$btod_e2d)
    _e2e                                     0x08002451   Thumb Code   220  btod.o(CL$$btod_e2e)
    _btod_ediv                               0x0800252d   Thumb Code    42  btod.o(CL$$btod_ediv)
    _btod_edivd                              0x08002557   Thumb Code    42  btod.o(CL$$btod_edivd)
    _btod_emul                               0x08002581   Thumb Code    42  btod.o(CL$$btod_emul)
    _btod_emuld                              0x080025ab   Thumb Code    42  btod.o(CL$$btod_emuld)
    __btod_mult_common                       0x080025d5   Thumb Code   580  btod.o(CL$$btod_mult_common)
    ADC_Disable                              0x08002819   Thumb Code   106  stm32g4xx_hal_adc.o(i.ADC_Disable)
    ADC_Enable                               0x08002889   Thumb Code   154  stm32g4xx_hal_adc.o(i.ADC_Enable)
    BusFault_Handler                         0x08002935   Thumb Code     2  stm32g4xx_it.o(i.BusFault_Handler)
    DebugMon_Handler                         0x08002937   Thumb Code     2  stm32g4xx_it.o(i.DebugMon_Handler)
    Delay_LCD                                0x08002939   Thumb Code    28  lcd.o(i.Delay_LCD)
    Error_Handler                            0x08002955   Thumb Code     4  main.o(i.Error_Handler)
    HAL_ADCEx_Calibration_Start              0x08002959   Thumb Code   138  stm32g4xx_hal_adc_ex.o(i.HAL_ADCEx_Calibration_Start)
    HAL_ADCEx_MultiModeConfigChannel         0x080029ed   Thumb Code   208  stm32g4xx_hal_adc_ex.o(i.HAL_ADCEx_MultiModeConfigChannel)
    HAL_ADC_ConfigChannel                    0x08002ac5   Thumb Code  1006  stm32g4xx_hal_adc.o(i.HAL_ADC_ConfigChannel)
    HAL_ADC_GetValue                         0x08002ee9   Thumb Code     6  stm32g4xx_hal_adc.o(i.HAL_ADC_GetValue)
    HAL_ADC_Init                             0x08002ef1   Thumb Code   466  stm32g4xx_hal_adc.o(i.HAL_ADC_Init)
    HAL_ADC_MspInit                          0x080030e5   Thumb Code   210  adc.o(i.HAL_ADC_MspInit)
    HAL_ADC_PollForConversion                0x080031c9   Thumb Code   242  stm32g4xx_hal_adc.o(i.HAL_ADC_PollForConversion)
    HAL_ADC_Start                            0x080032c5   Thumb Code   230  stm32g4xx_hal_adc.o(i.HAL_ADC_Start)
    HAL_DMA_Abort                            0x080033b9   Thumb Code   112  stm32g4xx_hal_dma.o(i.HAL_DMA_Abort)
    HAL_DMA_Abort_IT                         0x08003429   Thumb Code   120  stm32g4xx_hal_dma.o(i.HAL_DMA_Abort_IT)
    HAL_Delay                                0x080034a1   Thumb Code    32  stm32g4xx_hal.o(i.HAL_Delay)
    HAL_GPIO_Init                            0x080034c5   Thumb Code   532  stm32g4xx_hal_gpio.o(i.HAL_GPIO_Init)
    HAL_GPIO_ReadPin                         0x080036f9   Thumb Code    10  stm32g4xx_hal_gpio.o(i.HAL_GPIO_ReadPin)
    HAL_GPIO_WritePin                        0x08003703   Thumb Code    10  stm32g4xx_hal_gpio.o(i.HAL_GPIO_WritePin)
    HAL_GetTick                              0x0800370d   Thumb Code     6  stm32g4xx_hal.o(i.HAL_GetTick)
    HAL_IncTick                              0x08003719   Thumb Code    12  stm32g4xx_hal.o(i.HAL_IncTick)
    HAL_Init                                 0x08003729   Thumb Code    30  stm32g4xx_hal.o(i.HAL_Init)
    HAL_InitTick                             0x08003749   Thumb Code    58  stm32g4xx_hal.o(i.HAL_InitTick)
    HAL_MspInit                              0x0800378d   Thumb Code    42  stm32g4xx_hal_msp.o(i.HAL_MspInit)
    HAL_NVIC_EnableIRQ                       0x080037bd   Thumb Code    26  stm32g4xx_hal_cortex.o(i.HAL_NVIC_EnableIRQ)
    HAL_NVIC_SetPriority                     0x080037d9   Thumb Code    60  stm32g4xx_hal_cortex.o(i.HAL_NVIC_SetPriority)
    HAL_NVIC_SetPriorityGrouping             0x08003819   Thumb Code    26  stm32g4xx_hal_cortex.o(i.HAL_NVIC_SetPriorityGrouping)
    HAL_PWREx_ControlVoltageScaling          0x0800383d   Thumb Code   174  stm32g4xx_hal_pwr_ex.o(i.HAL_PWREx_ControlVoltageScaling)
    HAL_PWREx_DisableUCPDDeadBattery         0x080038f9   Thumb Code    12  stm32g4xx_hal_pwr_ex.o(i.HAL_PWREx_DisableUCPDDeadBattery)
    HAL_RCCEx_PeriphCLKConfig                0x08003909   Thumb Code   638  stm32g4xx_hal_rcc_ex.o(i.HAL_RCCEx_PeriphCLKConfig)
    HAL_RCC_ClockConfig                      0x08003b91   Thumb Code   444  stm32g4xx_hal_rcc.o(i.HAL_RCC_ClockConfig)
    HAL_RCC_GetPCLK1Freq                     0x08003d6d   Thumb Code    24  stm32g4xx_hal_rcc.o(i.HAL_RCC_GetPCLK1Freq)
    HAL_RCC_GetPCLK2Freq                     0x08003d91   Thumb Code    24  stm32g4xx_hal_rcc.o(i.HAL_RCC_GetPCLK2Freq)
    HAL_RCC_GetSysClockFreq                  0x08003db5   Thumb Code    98  stm32g4xx_hal_rcc.o(i.HAL_RCC_GetSysClockFreq)
    HAL_RCC_OscConfig                        0x08003e25   Thumb Code  1028  stm32g4xx_hal_rcc.o(i.HAL_RCC_OscConfig)
    HAL_RTC_GetDate                          0x08004229   Thumb Code    62  stm32g4xx_hal_rtc.o(i.HAL_RTC_GetDate)
    HAL_RTC_GetTime                          0x0800426d   Thumb Code    78  stm32g4xx_hal_rtc.o(i.HAL_RTC_GetTime)
    HAL_RTC_Init                             0x080042c1   Thumb Code   152  stm32g4xx_hal_rtc.o(i.HAL_RTC_Init)
    HAL_RTC_MspInit                          0x0800435d   Thumb Code    78  rtc.o(i.HAL_RTC_MspInit)
    HAL_RTC_SetDate                          0x080043b5   Thumb Code   156  stm32g4xx_hal_rtc.o(i.HAL_RTC_SetDate)
    HAL_RTC_SetTime                          0x08004455   Thumb Code   198  stm32g4xx_hal_rtc.o(i.HAL_RTC_SetTime)
    HAL_RTC_WaitForSynchro                   0x08004521   Thumb Code    50  stm32g4xx_hal_rtc.o(i.HAL_RTC_WaitForSynchro)
    HAL_SYSTICK_Config                       0x08004559   Thumb Code    40  stm32g4xx_hal_cortex.o(i.HAL_SYSTICK_Config)
    HAL_TIMEx_Break2Callback                 0x08004581   Thumb Code     2  stm32g4xx_hal_tim_ex.o(i.HAL_TIMEx_Break2Callback)
    HAL_TIMEx_BreakCallback                  0x08004583   Thumb Code     2  stm32g4xx_hal_tim_ex.o(i.HAL_TIMEx_BreakCallback)
    HAL_TIMEx_CommutCallback                 0x08004585   Thumb Code     2  stm32g4xx_hal_tim_ex.o(i.HAL_TIMEx_CommutCallback)
    HAL_TIMEx_ConfigBreakDeadTime            0x08004589   Thumb Code   148  stm32g4xx_hal_tim_ex.o(i.HAL_TIMEx_ConfigBreakDeadTime)
    HAL_TIMEx_DirectionChangeCallback        0x08004625   Thumb Code     2  stm32g4xx_hal_tim_ex.o(i.HAL_TIMEx_DirectionChangeCallback)
    HAL_TIMEx_EncoderIndexCallback           0x08004627   Thumb Code     2  stm32g4xx_hal_tim_ex.o(i.HAL_TIMEx_EncoderIndexCallback)
    HAL_TIMEx_IndexErrorCallback             0x08004629   Thumb Code     2  stm32g4xx_hal_tim_ex.o(i.HAL_TIMEx_IndexErrorCallback)
    HAL_TIMEx_MasterConfigSynchronization    0x0800462d   Thumb Code   132  stm32g4xx_hal_tim_ex.o(i.HAL_TIMEx_MasterConfigSynchronization)
    HAL_TIMEx_TransitionErrorCallback        0x080046c9   Thumb Code     2  stm32g4xx_hal_tim_ex.o(i.HAL_TIMEx_TransitionErrorCallback)
    HAL_TIM_Base_Init                        0x080046cb   Thumb Code    98  stm32g4xx_hal_tim.o(i.HAL_TIM_Base_Init)
    HAL_TIM_Base_MspInit                     0x0800472d   Thumb Code   146  tim.o(i.HAL_TIM_Base_MspInit)
    HAL_TIM_ConfigClockSource                0x080047d5   Thumb Code   246  stm32g4xx_hal_tim.o(i.HAL_TIM_ConfigClockSource)
    HAL_TIM_IC_CaptureCallback               0x080048d5   Thumb Code    48  main.o(i.HAL_TIM_IC_CaptureCallback)
    HAL_TIM_IC_ConfigChannel                 0x08004915   Thumb Code   332  stm32g4xx_hal_tim.o(i.HAL_TIM_IC_ConfigChannel)
    HAL_TIM_IC_Init                          0x08004a69   Thumb Code    98  stm32g4xx_hal_tim.o(i.HAL_TIM_IC_Init)
    HAL_TIM_IC_MspInit                       0x08004acb   Thumb Code     2  stm32g4xx_hal_tim.o(i.HAL_TIM_IC_MspInit)
    HAL_TIM_IC_Start_IT                      0x08004acd   Thumb Code   274  stm32g4xx_hal_tim.o(i.HAL_TIM_IC_Start_IT)
    HAL_TIM_IRQHandler                       0x08004bf9   Thumb Code   418  stm32g4xx_hal_tim.o(i.HAL_TIM_IRQHandler)
    HAL_TIM_MspPostInit                      0x08004d9d   Thumb Code    98  tim.o(i.HAL_TIM_MspPostInit)
    HAL_TIM_OC_DelayElapsedCallback          0x08004e0d   Thumb Code     2  stm32g4xx_hal_tim.o(i.HAL_TIM_OC_DelayElapsedCallback)
    HAL_TIM_PWM_ConfigChannel                0x08004e0f   Thumb Code   292  stm32g4xx_hal_tim.o(i.HAL_TIM_PWM_ConfigChannel)
    HAL_TIM_PWM_Init                         0x08004f33   Thumb Code    98  stm32g4xx_hal_tim.o(i.HAL_TIM_PWM_Init)
    HAL_TIM_PWM_MspInit                      0x08004f95   Thumb Code     2  stm32g4xx_hal_tim.o(i.HAL_TIM_PWM_MspInit)
    HAL_TIM_PWM_PulseFinishedCallback        0x08004f97   Thumb Code     2  stm32g4xx_hal_tim.o(i.HAL_TIM_PWM_PulseFinishedCallback)
    HAL_TIM_PWM_Start                        0x08004f99   Thumb Code   218  stm32g4xx_hal_tim.o(i.HAL_TIM_PWM_Start)
    HAL_TIM_PeriodElapsedCallback            0x08005095   Thumb Code     2  stm32g4xx_hal_tim.o(i.HAL_TIM_PeriodElapsedCallback)
    HAL_TIM_ReadCapturedValue                0x08005097   Thumb Code    42  stm32g4xx_hal_tim.o(i.HAL_TIM_ReadCapturedValue)
    HAL_TIM_TriggerCallback                  0x080050c1   Thumb Code     2  stm32g4xx_hal_tim.o(i.HAL_TIM_TriggerCallback)
    HAL_UARTEx_DisableFifoMode               0x080050c3   Thumb Code    62  stm32g4xx_hal_uart_ex.o(i.HAL_UARTEx_DisableFifoMode)
    HAL_UARTEx_ReceiveToIdle_IT              0x08005101   Thumb Code    78  stm32g4xx_hal_uart_ex.o(i.HAL_UARTEx_ReceiveToIdle_IT)
    HAL_UARTEx_RxEventCallback               0x08005151   Thumb Code    30  main.o(i.HAL_UARTEx_RxEventCallback)
    HAL_UARTEx_RxFifoFullCallback            0x0800517d   Thumb Code     2  stm32g4xx_hal_uart_ex.o(i.HAL_UARTEx_RxFifoFullCallback)
    HAL_UARTEx_SetRxFifoThreshold            0x0800517f   Thumb Code    76  stm32g4xx_hal_uart_ex.o(i.HAL_UARTEx_SetRxFifoThreshold)
    HAL_UARTEx_SetTxFifoThreshold            0x080051cb   Thumb Code    76  stm32g4xx_hal_uart_ex.o(i.HAL_UARTEx_SetTxFifoThreshold)
    HAL_UARTEx_TxFifoEmptyCallback           0x08005217   Thumb Code     2  stm32g4xx_hal_uart_ex.o(i.HAL_UARTEx_TxFifoEmptyCallback)
    HAL_UARTEx_WakeupCallback                0x08005219   Thumb Code     2  stm32g4xx_hal_uart_ex.o(i.HAL_UARTEx_WakeupCallback)
    HAL_UART_ErrorCallback                   0x0800521b   Thumb Code     2  stm32g4xx_hal_uart.o(i.HAL_UART_ErrorCallback)
    HAL_UART_IRQHandler                      0x0800521d   Thumb Code   782  stm32g4xx_hal_uart.o(i.HAL_UART_IRQHandler)
    HAL_UART_Init                            0x08005539   Thumb Code   106  stm32g4xx_hal_uart.o(i.HAL_UART_Init)
    HAL_UART_MspInit                         0x080055a5   Thumb Code   132  usart.o(i.HAL_UART_MspInit)
    HAL_UART_RxCpltCallback                  0x08005631   Thumb Code     2  stm32g4xx_hal_uart.o(i.HAL_UART_RxCpltCallback)
    HAL_UART_Transmit                        0x08005635   Thumb Code   182  stm32g4xx_hal_uart.o(i.HAL_UART_Transmit)
    HAL_UART_TxCpltCallback                  0x080056eb   Thumb Code     2  stm32g4xx_hal_uart.o(i.HAL_UART_TxCpltCallback)
    HardFault_Handler                        0x080056ed   Thumb Code     2  stm32g4xx_it.o(i.HardFault_Handler)
    LCD_BusIn                                0x080056f1   Thumb Code    40  lcd.o(i.LCD_BusIn)
    LCD_BusOut                               0x0800571d   Thumb Code    42  lcd.o(i.LCD_BusOut)
    LCD_Clear                                0x0800574d   Thumb Code    36  lcd.o(i.LCD_Clear)
    LCD_CtrlLinesConfig                      0x08005771   Thumb Code   134  lcd.o(i.LCD_CtrlLinesConfig)
    LCD_DisplayChar                          0x08005801   Thumb Code    18  lcd.o(i.LCD_DisplayChar)
    LCD_DisplayStringLine                    0x08005819   Thumb Code    42  lcd.o(i.LCD_DisplayStringLine)
    LCD_DrawChar                             0x08005845   Thumb Code    84  lcd.o(i.LCD_DrawChar)
    LCD_Init                                 0x0800589d   Thumb Code    46  lcd.o(i.LCD_Init)
    LCD_ReadReg                              0x080058d1   Thumb Code   120  lcd.o(i.LCD_ReadReg)
    LCD_SetBackColor                         0x08005951   Thumb Code    12  lcd.o(i.LCD_SetBackColor)
    LCD_SetCursor                            0x08005961   Thumb Code    24  lcd.o(i.LCD_SetCursor)
    LCD_SetTextColor                         0x08005979   Thumb Code    12  lcd.o(i.LCD_SetTextColor)
    LCD_WriteRAM                             0x08005989   Thumb Code    80  lcd.o(i.LCD_WriteRAM)
    LCD_WriteRAM_Prepare                     0x080059e1   Thumb Code    82  lcd.o(i.LCD_WriteRAM_Prepare)
    LCD_WriteReg                             0x08005a3d   Thumb Code   100  lcd.o(i.LCD_WriteReg)
    MX_ADC1_Init                             0x08005b0d   Thumb Code   136  adc.o(i.MX_ADC1_Init)
    MX_ADC2_Init                             0x08005b9d   Thumb Code   110  adc.o(i.MX_ADC2_Init)
    MX_GPIO_Init                             0x08005c19   Thumb Code   196  gpio.o(i.MX_GPIO_Init)
    MX_RTC_Init                              0x08005ced   Thumb Code   142  rtc.o(i.MX_RTC_Init)
    MX_TIM16_Init                            0x08005d85   Thumb Code   144  tim.o(i.MX_TIM16_Init)
    MX_TIM17_Init                            0x08005e1d   Thumb Code   142  tim.o(i.MX_TIM17_Init)
    MX_TIM3_Init                             0x08005eb5   Thumb Code   142  tim.o(i.MX_TIM3_Init)
    MX_USART1_UART_Init                      0x08005f4d   Thumb Code    94  usart.o(i.MX_USART1_UART_Init)
    MemManage_Handler                        0x08005fb5   Thumb Code     2  stm32g4xx_it.o(i.MemManage_Handler)
    NMI_Handler                              0x08005fb7   Thumb Code     2  stm32g4xx_it.o(i.NMI_Handler)
    PendSV_Handler                           0x08005fb9   Thumb Code     2  stm32g4xx_it.o(i.PendSV_Handler)
    REG_8230_Init                            0x08005fbb   Thumb Code   274  lcd.o(i.REG_8230_Init)
    REG_932X_Init                            0x080060cd   Thumb Code   514  lcd.o(i.REG_932X_Init)
    RTC_Bcd2ToByte                           0x080062cf   Thumb Code    18  stm32g4xx_hal_rtc.o(i.RTC_Bcd2ToByte)
    RTC_ByteToBcd2                           0x080062e1   Thumb Code    24  stm32g4xx_hal_rtc.o(i.RTC_ByteToBcd2)
    RTC_EnterInitMode                        0x080062f9   Thumb Code    74  stm32g4xx_hal_rtc.o(i.RTC_EnterInitMode)
    RTC_ExitInitMode                         0x08006343   Thumb Code    80  stm32g4xx_hal_rtc.o(i.RTC_ExitInitMode)
    SVC_Handler                              0x08006393   Thumb Code     2  stm32g4xx_it.o(i.SVC_Handler)
    SysTick_Handler                          0x08006395   Thumb Code     4  stm32g4xx_it.o(i.SysTick_Handler)
    SystemClock_Config                       0x08006399   Thumb Code   108  main.o(i.SystemClock_Config)
    SystemInit                               0x08006405   Thumb Code    12  system_stm32g4xx.o(i.SystemInit)
    TIM3_IRQHandler                          0x08006415   Thumb Code     6  stm32g4xx_it.o(i.TIM3_IRQHandler)
    TIM_Base_SetConfig                       0x08006421   Thumb Code   154  stm32g4xx_hal_tim.o(i.TIM_Base_SetConfig)
    TIM_CCxChannelCmd                        0x080064d9   Thumb Code    26  stm32g4xx_hal_tim.o(i.TIM_CCxChannelCmd)
    TIM_ETR_SetConfig                        0x080064f3   Thumb Code    20  stm32g4xx_hal_tim.o(i.TIM_ETR_SetConfig)
    TIM_OC2_SetConfig                        0x080065c1   Thumb Code   124  stm32g4xx_hal_tim.o(i.TIM_OC2_SetConfig)
    TIM_TI1_SetConfig                        0x080068b9   Thumb Code   122  stm32g4xx_hal_tim.o(i.TIM_TI1_SetConfig)
    UART_AdvFeatureConfig                    0x08006a29   Thumb Code   200  stm32g4xx_hal_uart.o(i.UART_AdvFeatureConfig)
    UART_CheckIdleState                      0x08006af1   Thumb Code   172  stm32g4xx_hal_uart.o(i.UART_CheckIdleState)
    UART_SetConfig                           0x080070cd   Thumb Code   582  stm32g4xx_hal_uart.o(i.UART_SetConfig)
    UART_Start_Receive_IT                    0x08007341   Thumb Code   256  stm32g4xx_hal_uart.o(i.UART_Start_Receive_IT)
    UART_WaitOnFlagUntilTimeout              0x08007451   Thumb Code   148  stm32g4xx_hal_uart.o(i.UART_WaitOnFlagUntilTimeout)
    USART1_IRQHandler                        0x080074e5   Thumb Code     6  stm32g4xx_it.o(i.USART1_IRQHandler)
    UsageFault_Handler                       0x080074f1   Thumb Code     2  stm32g4xx_it.o(i.UsageFault_Handler)
    __ARM_fpclassify                         0x080074f3   Thumb Code    48  fpclassify.o(i.__ARM_fpclassify)
    __hardfp___mathlib_tofloat               0x08007549   Thumb Code   232  narrow.o(i.__hardfp___mathlib_tofloat)
    __hardfp_ldexp                           0x08007641   Thumb Code   200  ldexp.o(i.__hardfp_ldexp)
    __mathlib_dbl_overflow                   0x08007711   Thumb Code    24  dunder.o(i.__mathlib_dbl_overflow)
    __mathlib_dbl_underflow                  0x08007731   Thumb Code    24  dunder.o(i.__mathlib_dbl_underflow)
    __mathlib_narrow                         0x08007751   Thumb Code    18  narrow.o(i.__mathlib_narrow)
    __support_ldexp                          0x08007763   Thumb Code    20  ldexp.o(i.__support_ldexp)
    _is_digit                                0x08007777   Thumb Code    14  __printf_wp.o(i._is_digit)
    adc_pro                                  0x08007785   Thumb Code   164  main.o(i.adc_pro)
    frexp                                    0x08007861   Thumb Code   118  frexp.o(i.frexp)
    key_pro                                  0x080078ed   Thumb Code   662  main.o(i.key_pro)
    key_scanf                                0x08007bed   Thumb Code   286  gpio.o(i.key_scanf)
    lcd_pro                                  0x08007d15   Thumb Code   778  main.o(i.lcd_pro)
    led_app                                  0x08008265   Thumb Code    92  main.o(i.led_app)
    led_blink                                0x080082c5   Thumb Code    28  main.o(i.led_blink)
    led_disp                                 0x080082e9   Thumb Code    74  main.o(i.led_disp)
    main                                     0x0800833d   Thumb Code   146  main.o(i.main)
    pwm_pro                                  0x080083ed   Thumb Code   264  main.o(i.pwm_pro)
    rx_pro                                   0x08008521   Thumb Code   364  main.o(i.rx_pro)
    _get_lc_numeric                          0x0800870d   Thumb Code    44  lc_numeric_c.o(locale$$code)
    _get_lc_ctype                            0x08008739   Thumb Code    44  lc_ctype_c.o(locale$$code)
    __aeabi_d2f                              0x08008765   Thumb Code     0  d2f.o(x$fpl$d2f)
    _d2f                                     0x08008765   Thumb Code    98  d2f.o(x$fpl$d2f)
    __aeabi_dadd                             0x080087c9   Thumb Code     0  daddsub_clz.o(x$fpl$dadd)
    _dadd                                    0x080087c9   Thumb Code   332  daddsub_clz.o(x$fpl$dadd)
    __fpl_dcheck_NaN1                        0x08008919   Thumb Code    10  dcheck1.o(x$fpl$dcheck1)
    __fpl_dcmp_Inf                           0x08008929   Thumb Code    24  dcmpi.o(x$fpl$dcmpinf)
    __aeabi_ddiv                             0x08008941   Thumb Code     0  ddiv.o(x$fpl$ddiv)
    _ddiv                                    0x08008941   Thumb Code   552  ddiv.o(x$fpl$ddiv)
    __aeabi_cdcmpeq                          0x08008bf1   Thumb Code     0  deqf.o(x$fpl$deqf)
    _dcmpeq                                  0x08008bf1   Thumb Code   120  deqf.o(x$fpl$deqf)
    __aeabi_d2uiz                            0x08008c69   Thumb Code     0  dfixu.o(x$fpl$dfixu)
    _dfixu                                   0x08008c69   Thumb Code    90  dfixu.o(x$fpl$dfixu)
    __aeabi_i2d                              0x08008cc3   Thumb Code     0  dflt_clz.o(x$fpl$dflt)
    _dflt                                    0x08008cc3   Thumb Code    46  dflt_clz.o(x$fpl$dflt)
    __aeabi_ui2d                             0x08008cf1   Thumb Code     0  dflt_clz.o(x$fpl$dfltu)
    _dfltu                                   0x08008cf1   Thumb Code    38  dflt_clz.o(x$fpl$dfltu)
    __aeabi_cdcmple                          0x08008d19   Thumb Code     0  dleqf.o(x$fpl$dleqf)
    _dcmple                                  0x08008d19   Thumb Code   120  dleqf.o(x$fpl$dleqf)
    __fpl_dcmple_InfNaN                      0x08008d7b   Thumb Code     0  dleqf.o(x$fpl$dleqf)
    __aeabi_dmul                             0x08008d91   Thumb Code     0  dmul.o(x$fpl$dmul)
    _dmul                                    0x08008d91   Thumb Code   332  dmul.o(x$fpl$dmul)
    __fpl_dnaninf                            0x08008ee5   Thumb Code   156  dnaninf.o(x$fpl$dnaninf)
    __fpl_dretinf                            0x08008f81   Thumb Code    12  dretinf.o(x$fpl$dretinf)
    __aeabi_cdrcmple                         0x08008f8d   Thumb Code     0  drleqf.o(x$fpl$drleqf)
    _drcmple                                 0x08008f8d   Thumb Code   108  drleqf.o(x$fpl$drleqf)
    __aeabi_dsub                             0x08008ff9   Thumb Code     0  daddsub_clz.o(x$fpl$dsub)
    _dsub                                    0x08008ff9   Thumb Code   464  daddsub_clz.o(x$fpl$dsub)
    _fp_init                                 0x080091cd   Thumb Code    10  fpinit.o(x$fpl$fpinit)
    __fplib_config_fpu_vfp                   0x080091d5   Thumb Code     0  fpinit.o(x$fpl$fpinit)
    __fplib_config_pureend_doubles           0x080091d5   Thumb Code     0  fpinit.o(x$fpl$fpinit)
    __fpl_fretinf                            0x080091d7   Thumb Code    10  fretinf.o(x$fpl$fretinf)
    __ieee_status                            0x080091e1   Thumb Code     6  istatus.o(x$fpl$ieeestatus)
    _printf_fp_dec                           0x080091e7   Thumb Code     4  printf1.o(x$fpl$printf1)
    __fpl_return_NaN                         0x080091eb   Thumb Code   100  retnan.o(x$fpl$retnan)
    __ARM_scalbn                             0x0800924f   Thumb Code    92  scalbn.o(x$fpl$scalbn)
    _scanf_real                              0x080092ab   Thumb Code     4  scanf1.o(x$fpl$scanf1)
    _scanf_hex_real                          0x080092af   Thumb Code     4  scanf2.o(x$fpl$scanf2)
    _scanf_infnan                            0x080092b3   Thumb Code     4  scanf2.o(x$fpl$scanf2)
    __fpl_cmpreturn                          0x080092b7   Thumb Code    48  trapv.o(x$fpl$trapveneer)
    ASCII_Table                              0x080092e6   Data        4560  lcd.o(.constdata)
    __I$use$fp                               0x080092e6   Number         0  usenofp.o(x$fpl$usenofp)
    UARTPrescTable                           0x0800a4b6   Data          24  stm32g4xx_hal_uart.o(.constdata)
    AHBPrescTable                            0x0800a4de   Data          16  system_stm32g4xx.o(.constdata)
    APBPrescTable                            0x0800a4ee   Data           8  system_stm32g4xx.o(.constdata)
    Region$$Table$$Base                      0x0800a59c   Number         0  anon$$obj.o(Region$$Table)
    Region$$Table$$Limit                     0x0800a5bc   Number         0  anon$$obj.o(Region$$Table)
    __aeabi_HUGE_VAL                         0x0800a5bc   Data           0  fpconst.o(c$$dinf)
    __aeabi_HUGE_VALL                        0x0800a5bc   Data           0  fpconst.o(c$$dinf)
    __aeabi_INFINITY                         0x0800a5bc   Data           0  fpconst.o(c$$dinf)
    __dInf                                   0x0800a5bc   Data           0  fpconst.o(c$$dinf)
    __huge_val                               0x0800a5bc   Data           0  fpconst.o(c$$dinf)
    __dbl_max                                0x0800a5c4   Data           0  fpconst.o(c$$dmax)
    __ctype                                  0x0800a5f5   Data           0  lc_ctype_c.o(locale$$data)
    dummy                                    0x20000004   Data           2  lcd.o(.data)
    lcd_state                                0x20000008   Data           1  main.o(.data)
    key_value                                0x20000009   Data           1  main.o(.data)
    key_state                                0x2000000a   Data           1  main.o(.data)
    rx_flg                                   0x2000000b   Data           1  main.o(.data)
    channel_flg                              0x2000000c   Data           1  main.o(.data)
    password_flg                             0x2000000d   Data           1  main.o(.data)
    choose_flg                               0x2000000e   Data           1  main.o(.data)
    chance_count                             0x2000000f   Data           1  main.o(.data)
    first_s_flg                              0x20000010   Data           1  main.o(.data)
    first_f_flg                              0x20000011   Data           1  main.o(.data)
    led1                                     0x20000012   Data           1  main.o(.data)
    led2                                     0x20000013   Data           1  main.o(.data)
    led3                                     0x20000014   Data           1  main.o(.data)
    led_total                                0x20000015   Data           1  main.o(.data)
    blink_flg                                0x20000016   Data           1  main.o(.data)
    lock_flg                                 0x20000017   Data           1  main.o(.data)
    mima                                     0x20000018   Data           1  main.o(.data)
    key_time                                 0x2000001c   Data           4  main.o(.data)
    lcd_time                                 0x20000020   Data           4  main.o(.data)
    uart_duty                                0x20000024   Data           4  main.o(.data)
    uart_time                                0x20000028   Data           4  main.o(.data)
    adc_time                                 0x2000002c   Data           4  main.o(.data)
    ccr                                      0x20000030   Data           4  main.o(.data)
    out_time                                 0x20000034   Data           4  main.o(.data)
    out_flg                                  0x20000038   Data           4  main.o(.data)
    pwm_time                                 0x2000003c   Data           4  main.o(.data)
    rest_time                                0x20000040   Data           4  main.o(.data)
    success_count                            0x20000044   Data           4  main.o(.data)
    fail_count                               0x20000048   Data           4  main.o(.data)
    mima_wei                                 0x2000004c   Data           4  main.o(.data)
    fail_time                                0x20000050   Data           4  main.o(.data)
    blink_time                               0x20000054   Data           4  main.o(.data)
    Y_M_D_Time                               0x20000058   Data           4  main.o(.data)
    Y_M_D_setTime                            0x2000005c   Data           4  main.o(.data)
    uart_fre                                 0x20000060   Data           8  main.o(.data)
    vol1                                     0x20000068   Data           8  main.o(.data)
    vol2                                     0x20000070   Data           8  main.o(.data)
    fre                                      0x20000078   Data           8  main.o(.data)
    fre_fin                                  0x20000080   Data           8  main.o(.data)
    out_fre                                  0x20000088   Data           8  main.o(.data)
    duty                                     0x20000090   Data           8  main.o(.data)
    ARR                                      0x20000098   Data           8  main.o(.data)
    last_s_fre                               0x200000a0   Data           8  main.o(.data)
    last_f_fre                               0x200000a8   Data           8  main.o(.data)
    title1                                   0x200000b0   Data          30  main.o(.data)
    title2                                   0x200000ce   Data          30  main.o(.data)
    title3                                   0x200000ec   Data          30  main.o(.data)
    title4                                   0x2000010a   Data          30  main.o(.data)
    zidian                                   0x20000128   Data          26  main.o(.data)
    set_password                             0x20000142   Data          30  main.o(.data)
    b2_flg                                   0x20000160   Data           1  gpio.o(.data)
    b2_time                                  0x20000164   Data           4  gpio.o(.data)
    qingkong_flg                             0x20000168   Data           4  gpio.o(.data)
    uwTickPrio                               0x20000170   Data           4  stm32g4xx_hal.o(.data)
    uwTickFreq                               0x20000174   Data           4  stm32g4xx_hal.o(.data)
    uwTick                                   0x20000178   Data           4  stm32g4xx_hal.o(.data)
    SystemCoreClock                          0x2000017c   Data           4  system_stm32g4xx.o(.data)
    str                                      0x20000180   Data         100  main.o(.bss)
    receiveData                              0x200001e4   Data         100  main.o(.bss)
    password                                 0x20000248   Data          30  main.o(.bss)
    uart_set_password                        0x20000266   Data          30  main.o(.bss)
    H_M_S_Time                               0x20000284   Data          20  main.o(.bss)
    H_M_S_setTime                            0x20000298   Data          20  main.o(.bss)
    H_M_S_last_s_Time                        0x200002ac   Data          20  main.o(.bss)
    H_M_S_last_f_Time                        0x200002c0   Data          20  main.o(.bss)
    hadc1                                    0x200002d4   Data         108  adc.o(.bss)
    hadc2                                    0x20000340   Data         108  adc.o(.bss)
    hrtc                                     0x200003ac   Data          40  rtc.o(.bss)
    htim3                                    0x200003d4   Data          76  tim.o(.bss)
    htim16                                   0x20000420   Data          76  tim.o(.bss)
    htim17                                   0x2000046c   Data          76  tim.o(.bss)
    huart1                                   0x200004b8   Data         148  usart.o(.bss)
    __libspace_start                         0x2000054c   Data          96  libspace.o(.bss)
    __temporary_stack_top$libspace           0x200005ac   Data           0  libspace.o(.bss)



==============================================================================

Memory Map of the image

  Image Entry point : 0x080001d9

  Load Region LR_IROM1 (Base: 0x08000000, Size: 0x0000a878, Max: 0x00020000, ABSOLUTE, COMPRESSED[0x0000a758])

    Execution Region ER_IROM1 (Exec base: 0x08000000, Load base: 0x08000000, Size: 0x0000a6f8, Max: 0x00020000, ABSOLUTE)

    Exec Addr    Load Addr    Size         Type   Attr      Idx    E Section Name        Object

    0x08000000   0x08000000   0x000001d8   Data   RO            3    RESET               startup_stm32g431xx.o
    0x080001d8   0x080001d8   0x00000008   Code   RO         4989  * !!!main             c_w.l(__main.o)
    0x080001e0   0x080001e0   0x00000034   Code   RO         5348    !!!scatter          c_w.l(__scatter.o)
    0x08000214   0x08000214   0x0000005a   Code   RO         5346    !!dczerorl2         c_w.l(__dczerorl2.o)
    0x0800026e   0x0800026e   0x00000002   PAD
    0x08000270   0x08000270   0x0000001c   Code   RO         5350    !!handler_zi        c_w.l(__scatter_zi.o)
    0x0800028c   0x0800028c   0x00000000   Code   RO         4972    .ARM.Collect$$_printf_percent$$00000000  c_w.l(_printf_percent.o)
    0x0800028c   0x0800028c   0x00000006   Code   RO         4971    .ARM.Collect$$_printf_percent$$00000003  c_w.l(_printf_f.o)
    0x08000292   0x08000292   0x00000006   Code   RO         4970    .ARM.Collect$$_printf_percent$$00000009  c_w.l(_printf_d.o)
    0x08000298   0x08000298   0x00000006   Code   RO         4968    .ARM.Collect$$_printf_percent$$00000013  c_w.l(_printf_c.o)
    0x0800029e   0x0800029e   0x00000006   Code   RO         4969    .ARM.Collect$$_printf_percent$$00000014  c_w.l(_printf_s.o)
    0x080002a4   0x080002a4   0x00000004   Code   RO         5032    .ARM.Collect$$_printf_percent$$00000017  c_w.l(_printf_percent_end.o)
    0x080002a8   0x080002a8   0x00000002   Code   RO         5157    .ARM.Collect$$libinit$$00000000  c_w.l(libinit.o)
    0x080002aa   0x080002aa   0x00000004   Code   RO         5158    .ARM.Collect$$libinit$$00000001  c_w.l(libinit2.o)
    0x080002ae   0x080002ae   0x00000000   Code   RO         5161    .ARM.Collect$$libinit$$00000004  c_w.l(libinit2.o)
    0x080002ae   0x080002ae   0x00000000   Code   RO         5164    .ARM.Collect$$libinit$$0000000A  c_w.l(libinit2.o)
    0x080002ae   0x080002ae   0x00000000   Code   RO         5166    .ARM.Collect$$libinit$$0000000C  c_w.l(libinit2.o)
    0x080002ae   0x080002ae   0x00000000   Code   RO         5168    .ARM.Collect$$libinit$$0000000E  c_w.l(libinit2.o)
    0x080002ae   0x080002ae   0x00000006   Code   RO         5169    .ARM.Collect$$libinit$$0000000F  c_w.l(libinit2.o)
    0x080002b4   0x080002b4   0x00000000   Code   RO         5171    .ARM.Collect$$libinit$$00000011  c_w.l(libinit2.o)
    0x080002b4   0x080002b4   0x0000000c   Code   RO         5172    .ARM.Collect$$libinit$$00000012  c_w.l(libinit2.o)
    0x080002c0   0x080002c0   0x00000000   Code   RO         5173    .ARM.Collect$$libinit$$00000013  c_w.l(libinit2.o)
    0x080002c0   0x080002c0   0x00000000   Code   RO         5175    .ARM.Collect$$libinit$$00000015  c_w.l(libinit2.o)
    0x080002c0   0x080002c0   0x0000000a   Code   RO         5176    .ARM.Collect$$libinit$$00000016  c_w.l(libinit2.o)
    0x080002ca   0x080002ca   0x00000000   Code   RO         5177    .ARM.Collect$$libinit$$00000017  c_w.l(libinit2.o)
    0x080002ca   0x080002ca   0x00000000   Code   RO         5179    .ARM.Collect$$libinit$$00000019  c_w.l(libinit2.o)
    0x080002ca   0x080002ca   0x00000000   Code   RO         5181    .ARM.Collect$$libinit$$0000001B  c_w.l(libinit2.o)
    0x080002ca   0x080002ca   0x00000000   Code   RO         5183    .ARM.Collect$$libinit$$0000001D  c_w.l(libinit2.o)
    0x080002ca   0x080002ca   0x00000000   Code   RO         5185    .ARM.Collect$$libinit$$0000001F  c_w.l(libinit2.o)
    0x080002ca   0x080002ca   0x00000000   Code   RO         5187    .ARM.Collect$$libinit$$00000021  c_w.l(libinit2.o)
    0x080002ca   0x080002ca   0x00000000   Code   RO         5189    .ARM.Collect$$libinit$$00000023  c_w.l(libinit2.o)
    0x080002ca   0x080002ca   0x00000000   Code   RO         5191    .ARM.Collect$$libinit$$00000025  c_w.l(libinit2.o)
    0x080002ca   0x080002ca   0x00000000   Code   RO         5195    .ARM.Collect$$libinit$$0000002C  c_w.l(libinit2.o)
    0x080002ca   0x080002ca   0x00000000   Code   RO         5197    .ARM.Collect$$libinit$$0000002E  c_w.l(libinit2.o)
    0x080002ca   0x080002ca   0x00000000   Code   RO         5199    .ARM.Collect$$libinit$$00000030  c_w.l(libinit2.o)
    0x080002ca   0x080002ca   0x00000000   Code   RO         5201    .ARM.Collect$$libinit$$00000032  c_w.l(libinit2.o)
    0x080002ca   0x080002ca   0x00000002   Code   RO         5202    .ARM.Collect$$libinit$$00000033  c_w.l(libinit2.o)
    0x080002cc   0x080002cc   0x00000002   Code   RO         5305    .ARM.Collect$$libshutdown$$00000000  c_w.l(libshutdown.o)
    0x080002ce   0x080002ce   0x00000000   Code   RO         5325    .ARM.Collect$$libshutdown$$00000002  c_w.l(libshutdown2.o)
    0x080002ce   0x080002ce   0x00000000   Code   RO         5327    .ARM.Collect$$libshutdown$$00000004  c_w.l(libshutdown2.o)
    0x080002ce   0x080002ce   0x00000000   Code   RO         5330    .ARM.Collect$$libshutdown$$00000007  c_w.l(libshutdown2.o)
    0x080002ce   0x080002ce   0x00000000   Code   RO         5333    .ARM.Collect$$libshutdown$$0000000A  c_w.l(libshutdown2.o)
    0x080002ce   0x080002ce   0x00000000   Code   RO         5335    .ARM.Collect$$libshutdown$$0000000C  c_w.l(libshutdown2.o)
    0x080002ce   0x080002ce   0x00000000   Code   RO         5338    .ARM.Collect$$libshutdown$$0000000F  c_w.l(libshutdown2.o)
    0x080002ce   0x080002ce   0x00000002   Code   RO         5339    .ARM.Collect$$libshutdown$$00000010  c_w.l(libshutdown2.o)
    0x080002d0   0x080002d0   0x00000000   Code   RO         5017    .ARM.Collect$$rtentry$$00000000  c_w.l(__rtentry.o)
    0x080002d0   0x080002d0   0x00000000   Code   RO         5047    .ARM.Collect$$rtentry$$00000002  c_w.l(__rtentry2.o)
    0x080002d0   0x080002d0   0x00000006   Code   RO         5059    .ARM.Collect$$rtentry$$00000004  c_w.l(__rtentry4.o)
    0x080002d6   0x080002d6   0x00000000   Code   RO         5049    .ARM.Collect$$rtentry$$00000009  c_w.l(__rtentry2.o)
    0x080002d6   0x080002d6   0x00000004   Code   RO         5050    .ARM.Collect$$rtentry$$0000000A  c_w.l(__rtentry2.o)
    0x080002da   0x080002da   0x00000000   Code   RO         5052    .ARM.Collect$$rtentry$$0000000C  c_w.l(__rtentry2.o)
    0x080002da   0x080002da   0x00000008   Code   RO         5053    .ARM.Collect$$rtentry$$0000000D  c_w.l(__rtentry2.o)
    0x080002e2   0x080002e2   0x00000002   Code   RO         5215    .ARM.Collect$$rtexit$$00000000  c_w.l(rtexit.o)
    0x080002e4   0x080002e4   0x00000000   Code   RO         5257    .ARM.Collect$$rtexit$$00000002  c_w.l(rtexit2.o)
    0x080002e4   0x080002e4   0x00000004   Code   RO         5258    .ARM.Collect$$rtexit$$00000003  c_w.l(rtexit2.o)
    0x080002e8   0x080002e8   0x00000006   Code   RO         5259    .ARM.Collect$$rtexit$$00000004  c_w.l(rtexit2.o)
    0x080002ee   0x080002ee   0x00000002   PAD
    0x080002f0   0x080002f0   0x00000040   Code   RO            4    .text               startup_stm32g431xx.o
    0x08000330   0x08000330   0x000000ee   Code   RO         4934    .text               c_w.l(lludivv7m.o)
    0x0800041e   0x0800041e   0x00000002   PAD
    0x08000420   0x08000420   0x00000028   Code   RO         4938    .text               c_w.l(noretval__2sprintf.o)
    0x08000448   0x08000448   0x0000004e   Code   RO         4942    .text               c_w.l(_printf_pad.o)
    0x08000496   0x08000496   0x00000052   Code   RO         4944    .text               c_w.l(_printf_str.o)
    0x080004e8   0x080004e8   0x00000078   Code   RO         4946    .text               c_w.l(_printf_dec.o)
    0x08000560   0x08000560   0x00000138   Code   RO         4960    .text               c_w.l(__printf_flags_wp.o)
    0x08000698   0x08000698   0x0000003c   Code   RO         4973    .text               c_w.l(__0sscanf.o)
    0x080006d4   0x080006d4   0x0000014c   Code   RO         4975    .text               c_w.l(_scanf_int.o)
    0x08000820   0x08000820   0x000000e0   Code   RO         4977    .text               c_w.l(_scanf_str.o)
    0x08000900   0x08000900   0x00000048   Code   RO         4979    .text               c_w.l(strcpy.o)
    0x08000948   0x08000948   0x0000003e   Code   RO         4981    .text               c_w.l(strlen.o)
    0x08000986   0x08000986   0x0000004e   Code   RO         4983    .text               c_w.l(rt_memclr_w.o)
    0x080009d4   0x080009d4   0x00000080   Code   RO         4985    .text               c_w.l(strcmpv7m.o)
    0x08000a54   0x08000a54   0x00000006   Code   RO         4987    .text               c_w.l(heapauxi.o)
    0x08000a5a   0x08000a5a   0x000000b2   Code   RO         5022    .text               c_w.l(_printf_intcommon.o)
    0x08000b0c   0x08000b0c   0x0000041e   Code   RO         5024    .text               c_w.l(_printf_fp_dec.o)
    0x08000f2a   0x08000f2a   0x00000002   PAD
    0x08000f2c   0x08000f2c   0x00000030   Code   RO         5026    .text               c_w.l(_printf_char_common.o)
    0x08000f5c   0x08000f5c   0x0000000a   Code   RO         5028    .text               c_w.l(_sputc.o)
    0x08000f66   0x08000f66   0x0000002c   Code   RO         5030    .text               c_w.l(_printf_char.o)
    0x08000f92   0x08000f92   0x0000001c   Code   RO         5033    .text               c_w.l(_chval.o)
    0x08000fae   0x08000fae   0x00000002   PAD
    0x08000fb0   0x08000fb0   0x000004f8   Code   RO         5035    .text               c_w.l(scanf_fp.o)
    0x080014a8   0x080014a8   0x0000002c   Code   RO         5037    .text               c_w.l(scanf_char.o)
    0x080014d4   0x080014d4   0x00000040   Code   RO         5039    .text               c_w.l(_sgetc.o)
    0x08001514   0x08001514   0x00000008   Code   RO         5066    .text               c_w.l(rt_locale_intlibspace.o)
    0x0800151c   0x0800151c   0x00000008   Code   RO         5071    .text               c_w.l(rt_errno_addr_intlibspace.o)
    0x08001524   0x08001524   0x0000008a   Code   RO         5073    .text               c_w.l(lludiv10.o)
    0x080015ae   0x080015ae   0x00000012   Code   RO         5075    .text               c_w.l(isspace.o)
    0x080015c0   0x080015c0   0x00000080   Code   RO         5077    .text               c_w.l(_printf_fp_infnan.o)
    0x08001640   0x08001640   0x00000374   Code   RO         5081    .text               c_w.l(_scanf.o)
    0x080019b4   0x080019b4   0x000000e4   Code   RO         5083    .text               c_w.l(bigflt0.o)
    0x08001a98   0x08001a98   0x00000008   Code   RO         5133    .text               c_w.l(libspace.o)
    0x08001aa0   0x08001aa0   0x0000004a   Code   RO         5136    .text               c_w.l(sys_stackheap_outer.o)
    0x08001aea   0x08001aea   0x00000002   PAD
    0x08001aec   0x08001aec   0x00000010   Code   RO         5138    .text               c_w.l(rt_ctype_table.o)
    0x08001afc   0x08001afc   0x00000016   Code   RO         5140    .text               c_w.l(_rserrno.o)
    0x08001b12   0x08001b12   0x00000002   PAD
    0x08001b14   0x08001b14   0x00000320   Code   RO         5142    .text               c_w.l(scanf_hexfp.o)
    0x08001e34   0x08001e34   0x00000134   Code   RO         5144    .text               c_w.l(scanf_infnan.o)
    0x08001f68   0x08001f68   0x00000012   Code   RO         5146    .text               c_w.l(exit.o)
    0x08001f7a   0x08001f7a   0x00000026   Code   RO         5219    .text               c_w.l(llshl.o)
    0x08001fa0   0x08001fa0   0x0000000c   Code   RO         5254    .text               c_w.l(sys_exit.o)
    0x08001fac   0x08001fac   0x00000002   Code   RO         5292    .text               c_w.l(use_no_semi.o)
    0x08001fae   0x08001fae   0x00000000   Code   RO         5294    .text               c_w.l(indicate_semi.o)
    0x08001fae   0x08001fae   0x0000003e   Code   RO         5086    CL$$btod_d2e        c_w.l(btod.o)
    0x08001fec   0x08001fec   0x00000046   Code   RO         5088    CL$$btod_d2e_denorm_low  c_w.l(btod.o)
    0x08002032   0x08002032   0x00000060   Code   RO         5087    CL$$btod_d2e_norm_op1  c_w.l(btod.o)
    0x08002092   0x08002092   0x00000338   Code   RO         5096    CL$$btod_div_common  c_w.l(btod.o)
    0x080023ca   0x080023ca   0x00000002   PAD
    0x080023cc   0x080023cc   0x00000084   Code   RO         5094    CL$$btod_e2d        c_w.l(btod.o)
    0x08002450   0x08002450   0x000000dc   Code   RO         5093    CL$$btod_e2e        c_w.l(btod.o)
    0x0800252c   0x0800252c   0x0000002a   Code   RO         5090    CL$$btod_ediv       c_w.l(btod.o)
    0x08002556   0x08002556   0x0000002a   Code   RO         5092    CL$$btod_edivd      c_w.l(btod.o)
    0x08002580   0x08002580   0x0000002a   Code   RO         5089    CL$$btod_emul       c_w.l(btod.o)
    0x080025aa   0x080025aa   0x0000002a   Code   RO         5091    CL$$btod_emuld      c_w.l(btod.o)
    0x080025d4   0x080025d4   0x00000244   Code   RO         5095    CL$$btod_mult_common  c_w.l(btod.o)
    0x08002818   0x08002818   0x00000070   Code   RO          812    i.ADC_Disable       stm32g4xx_hal_adc.o
    0x08002888   0x08002888   0x000000ac   Code   RO          813    i.ADC_Enable        stm32g4xx_hal_adc.o
    0x08002934   0x08002934   0x00000002   Code   RO          696    i.BusFault_Handler  stm32g4xx_it.o
    0x08002936   0x08002936   0x00000002   Code   RO          697    i.DebugMon_Handler  stm32g4xx_it.o
    0x08002938   0x08002938   0x0000001c   Code   RO           13    i.Delay_LCD         lcd.o
    0x08002954   0x08002954   0x00000004   Code   RO          339    i.Error_Handler     main.o
    0x08002958   0x08002958   0x00000094   Code   RO         1046    i.HAL_ADCEx_Calibration_Start  stm32g4xx_hal_adc_ex.o
    0x080029ec   0x080029ec   0x000000d8   Code   RO         1063    i.HAL_ADCEx_MultiModeConfigChannel  stm32g4xx_hal_adc_ex.o
    0x08002ac4   0x08002ac4   0x00000424   Code   RO          815    i.HAL_ADC_ConfigChannel  stm32g4xx_hal_adc.o
    0x08002ee8   0x08002ee8   0x00000006   Code   RO          822    i.HAL_ADC_GetValue  stm32g4xx_hal_adc.o
    0x08002eee   0x08002eee   0x00000002   PAD
    0x08002ef0   0x08002ef0   0x000001f4   Code   RO          824    i.HAL_ADC_Init      stm32g4xx_hal_adc.o
    0x080030e4   0x080030e4   0x000000e4   Code   RO          504    i.HAL_ADC_MspInit   adc.o
    0x080031c8   0x080031c8   0x000000fc   Code   RO          828    i.HAL_ADC_PollForConversion  stm32g4xx_hal_adc.o
    0x080032c4   0x080032c4   0x000000f4   Code   RO          830    i.HAL_ADC_Start     stm32g4xx_hal_adc.o
    0x080033b8   0x080033b8   0x00000070   Code   RO         2109    i.HAL_DMA_Abort     stm32g4xx_hal_dma.o
    0x08003428   0x08003428   0x00000078   Code   RO         2110    i.HAL_DMA_Abort_IT  stm32g4xx_hal_dma.o
    0x080034a0   0x080034a0   0x00000024   Code   RO         1262    i.HAL_Delay         stm32g4xx_hal.o
    0x080034c4   0x080034c4   0x00000234   Code   RO         1971    i.HAL_GPIO_Init     stm32g4xx_hal_gpio.o
    0x080036f8   0x080036f8   0x0000000a   Code   RO         1973    i.HAL_GPIO_ReadPin  stm32g4xx_hal_gpio.o
    0x08003702   0x08003702   0x0000000a   Code   RO         1975    i.HAL_GPIO_WritePin  stm32g4xx_hal_gpio.o
    0x0800370c   0x0800370c   0x0000000c   Code   RO         1266    i.HAL_GetTick       stm32g4xx_hal.o
    0x08003718   0x08003718   0x00000010   Code   RO         1272    i.HAL_IncTick       stm32g4xx_hal.o
    0x08003728   0x08003728   0x0000001e   Code   RO         1273    i.HAL_Init          stm32g4xx_hal.o
    0x08003746   0x08003746   0x00000002   PAD
    0x08003748   0x08003748   0x00000044   Code   RO         1274    i.HAL_InitTick      stm32g4xx_hal.o
    0x0800378c   0x0800378c   0x00000030   Code   RO          784    i.HAL_MspInit       stm32g4xx_hal_msp.o
    0x080037bc   0x080037bc   0x0000001a   Code   RO         2620    i.HAL_NVIC_EnableIRQ  stm32g4xx_hal_cortex.o
    0x080037d6   0x080037d6   0x00000002   PAD
    0x080037d8   0x080037d8   0x00000040   Code   RO         2626    i.HAL_NVIC_SetPriority  stm32g4xx_hal_cortex.o
    0x08003818   0x08003818   0x00000024   Code   RO         2627    i.HAL_NVIC_SetPriorityGrouping  stm32g4xx_hal_cortex.o
    0x0800383c   0x0800383c   0x000000bc   Code   RO         2374    i.HAL_PWREx_ControlVoltageScaling  stm32g4xx_hal_pwr_ex.o
    0x080038f8   0x080038f8   0x00000010   Code   RO         2386    i.HAL_PWREx_DisableUCPDDeadBattery  stm32g4xx_hal_pwr_ex.o
    0x08003908   0x08003908   0x00000288   Code   RO         1633    i.HAL_RCCEx_PeriphCLKConfig  stm32g4xx_hal_rcc_ex.o
    0x08003b90   0x08003b90   0x000001dc   Code   RO         1508    i.HAL_RCC_ClockConfig  stm32g4xx_hal_rcc.o
    0x08003d6c   0x08003d6c   0x00000024   Code   RO         1516    i.HAL_RCC_GetPCLK1Freq  stm32g4xx_hal_rcc.o
    0x08003d90   0x08003d90   0x00000024   Code   RO         1517    i.HAL_RCC_GetPCLK2Freq  stm32g4xx_hal_rcc.o
    0x08003db4   0x08003db4   0x00000070   Code   RO         1518    i.HAL_RCC_GetSysClockFreq  stm32g4xx_hal_rcc.o
    0x08003e24   0x08003e24   0x00000404   Code   RO         1521    i.HAL_RCC_OscConfig  stm32g4xx_hal_rcc.o
    0x08004228   0x08004228   0x00000044   Code   RO         2770    i.HAL_RTC_GetDate   stm32g4xx_hal_rtc.o
    0x0800426c   0x0800426c   0x00000054   Code   RO         2772    i.HAL_RTC_GetTime   stm32g4xx_hal_rtc.o
    0x080042c0   0x080042c0   0x0000009c   Code   RO         2773    i.HAL_RTC_Init      stm32g4xx_hal_rtc.o
    0x0800435c   0x0800435c   0x00000058   Code   RO          553    i.HAL_RTC_MspInit   rtc.o
    0x080043b4   0x080043b4   0x000000a0   Code   RO         2779    i.HAL_RTC_SetDate   stm32g4xx_hal_rtc.o
    0x08004454   0x08004454   0x000000cc   Code   RO         2780    i.HAL_RTC_SetTime   stm32g4xx_hal_rtc.o
    0x08004520   0x08004520   0x00000038   Code   RO         2781    i.HAL_RTC_WaitForSynchro  stm32g4xx_hal_rtc.o
    0x08004558   0x08004558   0x00000028   Code   RO         2631    i.HAL_SYSTICK_Config  stm32g4xx_hal_cortex.o
    0x08004580   0x08004580   0x00000002   Code   RO         3930    i.HAL_TIMEx_Break2Callback  stm32g4xx_hal_tim_ex.o
    0x08004582   0x08004582   0x00000002   Code   RO         3931    i.HAL_TIMEx_BreakCallback  stm32g4xx_hal_tim_ex.o
    0x08004584   0x08004584   0x00000002   Code   RO         3932    i.HAL_TIMEx_CommutCallback  stm32g4xx_hal_tim_ex.o
    0x08004586   0x08004586   0x00000002   PAD
    0x08004588   0x08004588   0x0000009c   Code   RO         3935    i.HAL_TIMEx_ConfigBreakDeadTime  stm32g4xx_hal_tim_ex.o
    0x08004624   0x08004624   0x00000002   Code   RO         3943    i.HAL_TIMEx_DirectionChangeCallback  stm32g4xx_hal_tim_ex.o
    0x08004626   0x08004626   0x00000002   Code   RO         3957    i.HAL_TIMEx_EncoderIndexCallback  stm32g4xx_hal_tim_ex.o
    0x08004628   0x08004628   0x00000002   Code   RO         3971    i.HAL_TIMEx_IndexErrorCallback  stm32g4xx_hal_tim_ex.o
    0x0800462a   0x0800462a   0x00000002   PAD
    0x0800462c   0x0800462c   0x0000009c   Code   RO         3972    i.HAL_TIMEx_MasterConfigSynchronization  stm32g4xx_hal_tim_ex.o
    0x080046c8   0x080046c8   0x00000002   Code   RO         3993    i.HAL_TIMEx_TransitionErrorCallback  stm32g4xx_hal_tim_ex.o
    0x080046ca   0x080046ca   0x00000062   Code   RO         3216    i.HAL_TIM_Base_Init  stm32g4xx_hal_tim.o
    0x0800472c   0x0800472c   0x000000a8   Code   RO          595    i.HAL_TIM_Base_MspInit  tim.o
    0x080047d4   0x080047d4   0x00000100   Code   RO         3225    i.HAL_TIM_ConfigClockSource  stm32g4xx_hal_tim.o
    0x080048d4   0x080048d4   0x00000040   Code   RO          340    i.HAL_TIM_IC_CaptureCallback  main.o
    0x08004914   0x08004914   0x00000154   Code   RO         3252    i.HAL_TIM_IC_ConfigChannel  stm32g4xx_hal_tim.o
    0x08004a68   0x08004a68   0x00000062   Code   RO         3255    i.HAL_TIM_IC_Init   stm32g4xx_hal_tim.o
    0x08004aca   0x08004aca   0x00000002   Code   RO         3257    i.HAL_TIM_IC_MspInit  stm32g4xx_hal_tim.o
    0x08004acc   0x08004acc   0x0000012c   Code   RO         3260    i.HAL_TIM_IC_Start_IT  stm32g4xx_hal_tim.o
    0x08004bf8   0x08004bf8   0x000001a2   Code   RO         3264    i.HAL_TIM_IRQHandler  stm32g4xx_hal_tim.o
    0x08004d9a   0x08004d9a   0x00000002   PAD
    0x08004d9c   0x08004d9c   0x00000070   Code   RO          596    i.HAL_TIM_MspPostInit  tim.o
    0x08004e0c   0x08004e0c   0x00000002   Code   RO         3267    i.HAL_TIM_OC_DelayElapsedCallback  stm32g4xx_hal_tim.o
    0x08004e0e   0x08004e0e   0x00000124   Code   RO         3288    i.HAL_TIM_PWM_ConfigChannel  stm32g4xx_hal_tim.o
    0x08004f32   0x08004f32   0x00000062   Code   RO         3291    i.HAL_TIM_PWM_Init  stm32g4xx_hal_tim.o
    0x08004f94   0x08004f94   0x00000002   Code   RO         3293    i.HAL_TIM_PWM_MspInit  stm32g4xx_hal_tim.o
    0x08004f96   0x08004f96   0x00000002   Code   RO         3294    i.HAL_TIM_PWM_PulseFinishedCallback  stm32g4xx_hal_tim.o
    0x08004f98   0x08004f98   0x000000fc   Code   RO         3296    i.HAL_TIM_PWM_Start  stm32g4xx_hal_tim.o
    0x08005094   0x08005094   0x00000002   Code   RO         3302    i.HAL_TIM_PeriodElapsedCallback  stm32g4xx_hal_tim.o
    0x08005096   0x08005096   0x0000002a   Code   RO         3304    i.HAL_TIM_ReadCapturedValue  stm32g4xx_hal_tim.o
    0x080050c0   0x080050c0   0x00000002   Code   RO         3307    i.HAL_TIM_TriggerCallback  stm32g4xx_hal_tim.o
    0x080050c2   0x080050c2   0x0000003e   Code   RO         4779    i.HAL_UARTEx_DisableFifoMode  stm32g4xx_hal_uart_ex.o
    0x08005100   0x08005100   0x0000004e   Code   RO         4786    i.HAL_UARTEx_ReceiveToIdle_IT  stm32g4xx_hal_uart_ex.o
    0x0800514e   0x0800514e   0x00000002   PAD
    0x08005150   0x08005150   0x0000002c   Code   RO          341    i.HAL_UARTEx_RxEventCallback  main.o
    0x0800517c   0x0800517c   0x00000002   Code   RO         4787    i.HAL_UARTEx_RxFifoFullCallback  stm32g4xx_hal_uart_ex.o
    0x0800517e   0x0800517e   0x0000004c   Code   RO         4788    i.HAL_UARTEx_SetRxFifoThreshold  stm32g4xx_hal_uart_ex.o
    0x080051ca   0x080051ca   0x0000004c   Code   RO         4789    i.HAL_UARTEx_SetTxFifoThreshold  stm32g4xx_hal_uart_ex.o
    0x08005216   0x08005216   0x00000002   Code   RO         4791    i.HAL_UARTEx_TxFifoEmptyCallback  stm32g4xx_hal_uart_ex.o
    0x08005218   0x08005218   0x00000002   Code   RO         4792    i.HAL_UARTEx_WakeupCallback  stm32g4xx_hal_uart_ex.o
    0x0800521a   0x0800521a   0x00000002   Code   RO         4384    i.HAL_UART_ErrorCallback  stm32g4xx_hal_uart.o
    0x0800521c   0x0800521c   0x0000031c   Code   RO         4387    i.HAL_UART_IRQHandler  stm32g4xx_hal_uart.o
    0x08005538   0x08005538   0x0000006a   Code   RO         4388    i.HAL_UART_Init     stm32g4xx_hal_uart.o
    0x080055a2   0x080055a2   0x00000002   PAD
    0x080055a4   0x080055a4   0x0000008c   Code   RO          655    i.HAL_UART_MspInit  usart.o
    0x08005630   0x08005630   0x00000002   Code   RO         4395    i.HAL_UART_RxCpltCallback  stm32g4xx_hal_uart.o
    0x08005632   0x08005632   0x00000002   PAD
    0x08005634   0x08005634   0x000000b6   Code   RO         4397    i.HAL_UART_Transmit  stm32g4xx_hal_uart.o
    0x080056ea   0x080056ea   0x00000002   Code   RO         4400    i.HAL_UART_TxCpltCallback  stm32g4xx_hal_uart.o
    0x080056ec   0x080056ec   0x00000002   Code   RO          698    i.HardFault_Handler  stm32g4xx_it.o
    0x080056ee   0x080056ee   0x00000002   PAD
    0x080056f0   0x080056f0   0x0000002c   Code   RO           14    i.LCD_BusIn         lcd.o
    0x0800571c   0x0800571c   0x00000030   Code   RO           15    i.LCD_BusOut        lcd.o
    0x0800574c   0x0800574c   0x00000024   Code   RO           16    i.LCD_Clear         lcd.o
    0x08005770   0x08005770   0x00000090   Code   RO           18    i.LCD_CtrlLinesConfig  lcd.o
    0x08005800   0x08005800   0x00000018   Code   RO           19    i.LCD_DisplayChar   lcd.o
    0x08005818   0x08005818   0x0000002a   Code   RO           22    i.LCD_DisplayStringLine  lcd.o
    0x08005842   0x08005842   0x00000002   PAD
    0x08005844   0x08005844   0x00000058   Code   RO           23    i.LCD_DrawChar      lcd.o
    0x0800589c   0x0800589c   0x00000034   Code   RO           29    i.LCD_Init          lcd.o
    0x080058d0   0x080058d0   0x00000080   Code   RO           32    i.LCD_ReadReg       lcd.o
    0x08005950   0x08005950   0x00000010   Code   RO           33    i.LCD_SetBackColor  lcd.o
    0x08005960   0x08005960   0x00000018   Code   RO           34    i.LCD_SetCursor     lcd.o
    0x08005978   0x08005978   0x00000010   Code   RO           36    i.LCD_SetTextColor  lcd.o
    0x08005988   0x08005988   0x00000058   Code   RO           39    i.LCD_WriteRAM      lcd.o
    0x080059e0   0x080059e0   0x0000005c   Code   RO           40    i.LCD_WriteRAM_Prepare  lcd.o
    0x08005a3c   0x08005a3c   0x0000006c   Code   RO           41    i.LCD_WriteReg      lcd.o
    0x08005aa8   0x08005aa8   0x0000000c   Code   RO          838    i.LL_ADC_GetOffsetChannel  stm32g4xx_hal_adc.o
    0x08005ab4   0x08005ab4   0x00000008   Code   RO          839    i.LL_ADC_INJ_IsConversionOngoing  stm32g4xx_hal_adc.o
    0x08005abc   0x08005abc   0x00000008   Code   RO          840    i.LL_ADC_REG_IsConversionOngoing  stm32g4xx_hal_adc.o
    0x08005ac4   0x08005ac4   0x00000008   Code   RO         1073    i.LL_ADC_REG_IsConversionOngoing  stm32g4xx_hal_adc_ex.o
    0x08005acc   0x08005acc   0x00000010   Code   RO          841    i.LL_ADC_REG_IsTriggerSourceSWStart  stm32g4xx_hal_adc.o
    0x08005adc   0x08005adc   0x0000001e   Code   RO          843    i.LL_ADC_SetChannelSamplingTime  stm32g4xx_hal_adc.o
    0x08005afa   0x08005afa   0x00000010   Code   RO          844    i.LL_ADC_SetOffsetState  stm32g4xx_hal_adc.o
    0x08005b0a   0x08005b0a   0x00000002   PAD
    0x08005b0c   0x08005b0c   0x00000090   Code   RO          505    i.MX_ADC1_Init      adc.o
    0x08005b9c   0x08005b9c   0x0000007c   Code   RO          506    i.MX_ADC2_Init      adc.o
    0x08005c18   0x08005c18   0x000000d4   Code   RO          467    i.MX_GPIO_Init      gpio.o
    0x08005cec   0x08005cec   0x00000098   Code   RO          554    i.MX_RTC_Init       rtc.o
    0x08005d84   0x08005d84   0x00000098   Code   RO          597    i.MX_TIM16_Init     tim.o
    0x08005e1c   0x08005e1c   0x00000098   Code   RO          598    i.MX_TIM17_Init     tim.o
    0x08005eb4   0x08005eb4   0x00000098   Code   RO          599    i.MX_TIM3_Init      tim.o
    0x08005f4c   0x08005f4c   0x00000068   Code   RO          656    i.MX_USART1_UART_Init  usart.o
    0x08005fb4   0x08005fb4   0x00000002   Code   RO          699    i.MemManage_Handler  stm32g4xx_it.o
    0x08005fb6   0x08005fb6   0x00000002   Code   RO          700    i.NMI_Handler       stm32g4xx_it.o
    0x08005fb8   0x08005fb8   0x00000002   Code   RO          701    i.PendSV_Handler    stm32g4xx_it.o
    0x08005fba   0x08005fba   0x00000112   Code   RO           42    i.REG_8230_Init     lcd.o
    0x080060cc   0x080060cc   0x00000202   Code   RO           43    i.REG_932X_Init     lcd.o
    0x080062ce   0x080062ce   0x00000012   Code   RO         2782    i.RTC_Bcd2ToByte    stm32g4xx_hal_rtc.o
    0x080062e0   0x080062e0   0x00000018   Code   RO         2783    i.RTC_ByteToBcd2    stm32g4xx_hal_rtc.o
    0x080062f8   0x080062f8   0x0000004a   Code   RO         2784    i.RTC_EnterInitMode  stm32g4xx_hal_rtc.o
    0x08006342   0x08006342   0x00000050   Code   RO         2785    i.RTC_ExitInitMode  stm32g4xx_hal_rtc.o
    0x08006392   0x08006392   0x00000002   Code   RO          702    i.SVC_Handler       stm32g4xx_it.o
    0x08006394   0x08006394   0x00000004   Code   RO          703    i.SysTick_Handler   stm32g4xx_it.o
    0x08006398   0x08006398   0x0000006c   Code   RO          342    i.SystemClock_Config  main.o
    0x08006404   0x08006404   0x00000010   Code   RO         4898    i.SystemInit        system_stm32g4xx.o
    0x08006414   0x08006414   0x0000000c   Code   RO          704    i.TIM3_IRQHandler   stm32g4xx_it.o
    0x08006420   0x08006420   0x000000b8   Code   RO         3309    i.TIM_Base_SetConfig  stm32g4xx_hal_tim.o
    0x080064d8   0x080064d8   0x0000001a   Code   RO         3310    i.TIM_CCxChannelCmd  stm32g4xx_hal_tim.o
    0x080064f2   0x080064f2   0x00000014   Code   RO         3320    i.TIM_ETR_SetConfig  stm32g4xx_hal_tim.o
    0x08006506   0x08006506   0x00000002   PAD
    0x08006508   0x08006508   0x00000014   Code   RO         3321    i.TIM_ITRx_SetConfig  stm32g4xx_hal_tim.o
    0x0800651c   0x0800651c   0x000000a4   Code   RO         3322    i.TIM_OC1_SetConfig  stm32g4xx_hal_tim.o
    0x080065c0   0x080065c0   0x00000094   Code   RO         3323    i.TIM_OC2_SetConfig  stm32g4xx_hal_tim.o
    0x08006654   0x08006654   0x00000094   Code   RO         3324    i.TIM_OC3_SetConfig  stm32g4xx_hal_tim.o
    0x080066e8   0x080066e8   0x00000094   Code   RO         3325    i.TIM_OC4_SetConfig  stm32g4xx_hal_tim.o
    0x0800677c   0x0800677c   0x00000070   Code   RO         3326    i.TIM_OC5_SetConfig  stm32g4xx_hal_tim.o
    0x080067ec   0x080067ec   0x00000070   Code   RO         3327    i.TIM_OC6_SetConfig  stm32g4xx_hal_tim.o
    0x0800685c   0x0800685c   0x0000005c   Code   RO         3329    i.TIM_TI1_ConfigInputStage  stm32g4xx_hal_tim.o
    0x080068b8   0x080068b8   0x00000098   Code   RO         3330    i.TIM_TI1_SetConfig  stm32g4xx_hal_tim.o
    0x08006950   0x08006950   0x00000040   Code   RO         3331    i.TIM_TI2_ConfigInputStage  stm32g4xx_hal_tim.o
    0x08006990   0x08006990   0x00000054   Code   RO         3332    i.TIM_TI2_SetConfig  stm32g4xx_hal_tim.o
    0x080069e4   0x080069e4   0x00000044   Code   RO         4793    i.UARTEx_SetNbDataToProcess  stm32g4xx_hal_uart_ex.o
    0x08006a28   0x08006a28   0x000000c8   Code   RO         4402    i.UART_AdvFeatureConfig  stm32g4xx_hal_uart.o
    0x08006af0   0x08006af0   0x000000ac   Code   RO         4403    i.UART_CheckIdleState  stm32g4xx_hal_uart.o
    0x08006b9c   0x08006b9c   0x0000000a   Code   RO         4404    i.UART_DMAAbortOnError  stm32g4xx_hal_uart.o
    0x08006ba6   0x08006ba6   0x00000002   PAD
    0x08006ba8   0x08006ba8   0x00000054   Code   RO         4414    i.UART_EndRxTransfer  stm32g4xx_hal_uart.o
    0x08006bfc   0x08006bfc   0x000000c8   Code   RO         4416    i.UART_RxISR_16BIT  stm32g4xx_hal_uart.o
    0x08006cc4   0x08006cc4   0x000001a0   Code   RO         4417    i.UART_RxISR_16BIT_FIFOEN  stm32g4xx_hal_uart.o
    0x08006e64   0x08006e64   0x000000c8   Code   RO         4418    i.UART_RxISR_8BIT   stm32g4xx_hal_uart.o
    0x08006f2c   0x08006f2c   0x000001a0   Code   RO         4419    i.UART_RxISR_8BIT_FIFOEN  stm32g4xx_hal_uart.o
    0x080070cc   0x080070cc   0x00000274   Code   RO         4420    i.UART_SetConfig    stm32g4xx_hal_uart.o
    0x08007340   0x08007340   0x00000110   Code   RO         4422    i.UART_Start_Receive_IT  stm32g4xx_hal_uart.o
    0x08007450   0x08007450   0x00000094   Code   RO         4427    i.UART_WaitOnFlagUntilTimeout  stm32g4xx_hal_uart.o
    0x080074e4   0x080074e4   0x0000000c   Code   RO          705    i.USART1_IRQHandler  stm32g4xx_it.o
    0x080074f0   0x080074f0   0x00000002   Code   RO          706    i.UsageFault_Handler  stm32g4xx_it.o
    0x080074f2   0x080074f2   0x00000030   Code   RO         5123    i.__ARM_fpclassify  m_wm.l(fpclassify.o)
    0x08007522   0x08007522   0x00000020   Code   RO         2633    i.__NVIC_SetPriority  stm32g4xx_hal_cortex.o
    0x08007542   0x08007542   0x00000006   PAD
    0x08007548   0x08007548   0x000000f8   Code   RO         5125    i.__hardfp___mathlib_tofloat  m_wm.l(narrow.o)
    0x08007640   0x08007640   0x000000d0   Code   RO         5238    i.__hardfp_ldexp    m_wm.l(ldexp.o)
    0x08007710   0x08007710   0x00000020   Code   RO         5277    i.__mathlib_dbl_overflow  m_wm.l(dunder.o)
    0x08007730   0x08007730   0x00000020   Code   RO         5279    i.__mathlib_dbl_underflow  m_wm.l(dunder.o)
    0x08007750   0x08007750   0x00000012   Code   RO         5126    i.__mathlib_narrow  m_wm.l(narrow.o)
    0x08007762   0x08007762   0x00000014   Code   RO         5240    i.__support_ldexp   m_wm.l(ldexp.o)
    0x08007776   0x08007776   0x0000000e   Code   RO         4958    i._is_digit         c_w.l(__printf_wp.o)
    0x08007784   0x08007784   0x000000dc   Code   RO          343    i.adc_pro           main.o
    0x08007860   0x08007860   0x0000008c   Code   RO         5211    i.frexp             m_wm.l(frexp.o)
    0x080078ec   0x080078ec   0x00000300   Code   RO          344    i.key_pro           main.o
    0x08007bec   0x08007bec   0x00000128   Code   RO          468    i.key_scanf         gpio.o
    0x08007d14   0x08007d14   0x00000550   Code   RO          345    i.lcd_pro           main.o
    0x08008264   0x08008264   0x00000060   Code   RO          346    i.led_app           main.o
    0x080082c4   0x080082c4   0x00000024   Code   RO          347    i.led_blink         main.o
    0x080082e8   0x080082e8   0x00000054   Code   RO          348    i.led_disp          main.o
    0x0800833c   0x0800833c   0x000000b0   Code   RO          349    i.main              main.o
    0x080083ec   0x080083ec   0x00000134   Code   RO          350    i.pwm_pro           main.o
    0x08008520   0x08008520   0x000001ec   Code   RO          351    i.rx_pro            main.o
    0x0800870c   0x0800870c   0x0000002c   Code   RO         5109    locale$$code        c_w.l(lc_numeric_c.o)
    0x08008738   0x08008738   0x0000002c   Code   RO         5222    locale$$code        c_w.l(lc_ctype_c.o)
    0x08008764   0x08008764   0x00000062   Code   RO         5203    x$fpl$d2f           fz_wm.l(d2f.o)
    0x080087c6   0x080087c6   0x00000002   PAD
    0x080087c8   0x080087c8   0x00000150   Code   RO         4991    x$fpl$dadd          fz_wm.l(daddsub_clz.o)
    0x08008918   0x08008918   0x00000010   Code   RO         5306    x$fpl$dcheck1       fz_wm.l(dcheck1.o)
    0x08008928   0x08008928   0x00000018   Code   RO         5230    x$fpl$dcmpinf       fz_wm.l(dcmpi.o)
    0x08008940   0x08008940   0x000002b0   Code   RO         4998    x$fpl$ddiv          fz_wm.l(ddiv.o)
    0x08008bf0   0x08008bf0   0x00000078   Code   RO         5205    x$fpl$deqf          fz_wm.l(deqf.o)
    0x08008c68   0x08008c68   0x0000005a   Code   RO         5001    x$fpl$dfixu         fz_wm.l(dfixu.o)
    0x08008cc2   0x08008cc2   0x0000002e   Code   RO         5006    x$fpl$dflt          fz_wm.l(dflt_clz.o)
    0x08008cf0   0x08008cf0   0x00000026   Code   RO         5005    x$fpl$dfltu         fz_wm.l(dflt_clz.o)
    0x08008d16   0x08008d16   0x00000002   PAD
    0x08008d18   0x08008d18   0x00000078   Code   RO         5232    x$fpl$dleqf         fz_wm.l(dleqf.o)
    0x08008d90   0x08008d90   0x00000154   Code   RO         5011    x$fpl$dmul          fz_wm.l(dmul.o)
    0x08008ee4   0x08008ee4   0x0000009c   Code   RO         5041    x$fpl$dnaninf       fz_wm.l(dnaninf.o)
    0x08008f80   0x08008f80   0x0000000c   Code   RO         5043    x$fpl$dretinf       fz_wm.l(dretinf.o)
    0x08008f8c   0x08008f8c   0x0000006c   Code   RO         5207    x$fpl$drleqf        fz_wm.l(drleqf.o)
    0x08008ff8   0x08008ff8   0x000001d4   Code   RO         4993    x$fpl$dsub          fz_wm.l(daddsub_clz.o)
    0x080091cc   0x080091cc   0x0000000a   Code   RO         5234    x$fpl$fpinit        fz_wm.l(fpinit.o)
    0x080091d6   0x080091d6   0x0000000a   Code   RO         5236    x$fpl$fretinf       fz_wm.l(fretinf.o)
    0x080091e0   0x080091e0   0x00000006   Code   RO         5115    x$fpl$ieeestatus    fz_wm.l(istatus.o)
    0x080091e6   0x080091e6   0x00000004   Code   RO         5013    x$fpl$printf1       fz_wm.l(printf1.o)
    0x080091ea   0x080091ea   0x00000064   Code   RO         5340    x$fpl$retnan        fz_wm.l(retnan.o)
    0x0800924e   0x0800924e   0x0000005c   Code   RO         5271    x$fpl$scalbn        fz_wm.l(scalbn.o)
    0x080092aa   0x080092aa   0x00000004   Code   RO         5015    x$fpl$scanf1        fz_wm.l(scanf1.o)
    0x080092ae   0x080092ae   0x00000008   Code   RO         5117    x$fpl$scanf2        fz_wm.l(scanf2.o)
    0x080092b6   0x080092b6   0x00000030   Code   RO         5342    x$fpl$trapveneer    fz_wm.l(trapv.o)
    0x080092e6   0x080092e6   0x00000000   Code   RO         5045    x$fpl$usenofp       fz_wm.l(usenofp.o)
    0x080092e6   0x080092e6   0x000011d0   Data   RO           44    .constdata          lcd.o
    0x0800a4b6   0x0800a4b6   0x00000018   Data   RO         4428    .constdata          stm32g4xx_hal_uart.o
    0x0800a4ce   0x0800a4ce   0x00000010   Data   RO         4794    .constdata          stm32g4xx_hal_uart_ex.o
    0x0800a4de   0x0800a4de   0x00000010   Data   RO         4899    .constdata          system_stm32g4xx.o
    0x0800a4ee   0x0800a4ee   0x00000008   Data   RO         4900    .constdata          system_stm32g4xx.o
    0x0800a4f6   0x0800a4f6   0x00000011   Data   RO         4961    .constdata          c_w.l(__printf_flags_wp.o)
    0x0800a507   0x0800a507   0x00000001   PAD
    0x0800a508   0x0800a508   0x00000094   Data   RO         5084    .constdata          c_w.l(bigflt0.o)
    0x0800a59c   0x0800a59c   0x00000020   Data   RO         5344    Region$$Table       anon$$obj.o
    0x0800a5bc   0x0800a5bc   0x00000008   Data   RO         5111    c$$dinf             fz_wm.l(fpconst.o)
    0x0800a5c4   0x0800a5c4   0x00000008   Data   RO         5114    c$$dmax             fz_wm.l(fpconst.o)
    0x0800a5cc   0x0800a5cc   0x0000001c   Data   RO         5108    locale$$data        c_w.l(lc_numeric_c.o)
    0x0800a5e8   0x0800a5e8   0x00000110   Data   RO         5221    locale$$data        c_w.l(lc_ctype_c.o)


    Execution Region RW_IRAM1 (Exec base: 0x20000000, Load base: 0x0800a6f8, Size: 0x00000bb0, Max: 0x00008000, ABSOLUTE, COMPRESSED[0x00000060])

    Exec Addr    Load Addr    Size         Type   Attr      Idx    E Section Name        Object

    0x20000000   COMPRESSED   0x00000006   Data   RW           45    .data               lcd.o
    0x20000006   COMPRESSED   0x00000002   PAD
    0x20000008   COMPRESSED   0x00000158   Data   RW          353    .data               main.o
    0x20000160   COMPRESSED   0x0000000c   Data   RW          469    .data               gpio.o
    0x2000016c   COMPRESSED   0x00000004   Data   RW          508    .data               adc.o
    0x20000170   COMPRESSED   0x0000000c   Data   RW         1293    .data               stm32g4xx_hal.o
    0x2000017c   COMPRESSED   0x00000004   Data   RW         4901    .data               system_stm32g4xx.o
    0x20000180        -       0x00000154   Zero   RW          352    .bss                main.o
    0x200002d4        -       0x000000d8   Zero   RW          507    .bss                adc.o
    0x200003ac        -       0x00000028   Zero   RW          555    .bss                rtc.o
    0x200003d4        -       0x000000e4   Zero   RW          600    .bss                tim.o
    0x200004b8        -       0x00000094   Zero   RW          657    .bss                usart.o
    0x2000054c        -       0x00000060   Zero   RW         5134    .bss                c_w.l(libspace.o)
    0x200005ac   COMPRESSED   0x00000004   PAD
    0x200005b0        -       0x00000200   Zero   RW            2    HEAP                startup_stm32g431xx.o
    0x200007b0        -       0x00000400   Zero   RW            1    STACK               startup_stm32g431xx.o


==============================================================================

Image component sizes


      Code (inc. data)   RO Data    RW Data    ZI Data      Debug   Object Name

       496         40          0          4        216       2690   adc.o
       508         26          0         12          0       2289   gpio.o
      1766         78       4560          6          0     704367   lcd.o
      3760        998          0        344        340      11361   main.o
       240         20          0          0         40       1771   rtc.o
        64         26        472          0       1536        852   startup_stm32g431xx.o
       162         24          0         12          0       4369   stm32g4xx_hal.o
      2436        136          0          0          0      79345   stm32g4xx_hal_adc.o
       372         18          0          0          0      69249   stm32g4xx_hal_adc_ex.o
       198         14          0          0          0      33871   stm32g4xx_hal_cortex.o
       232          0          0          0          0       2011   stm32g4xx_hal_dma.o
       584         32          0          0          0       2999   stm32g4xx_hal_gpio.o
        48          6          0          0          0        882   stm32g4xx_hal_msp.o
       204         18          0          0          0       1417   stm32g4xx_hal_pwr_ex.o
      1688         92          0          0          0       6332   stm32g4xx_hal_rcc.o
       648         10          0          0          0       1912   stm32g4xx_hal_rcc_ex.o
       924         32          0          0          0       8321   stm32g4xx_hal_rtc.o
      3680        336          0          0          0      24633   stm32g4xx_hal_tim.o
       326         32          0          0          0       6380   stm32g4xx_hal_tim_ex.o
      3836        138         24          0          0      36057   stm32g4xx_hal_uart.o
       366          6         16          0          0       6356   stm32g4xx_hal_uart_ex.o
        44         12          0          0          0       5172   stm32g4xx_it.o
        16          4         24          4          0       1151   system_stm32g4xx.o
       736         64          0          0        228       4158   tim.o
       244         18          0          0        148       1826   usart.o

    ----------------------------------------------------------------------
     23612       2180       5128        384       2508    1019771   Object Totals
         0          0         32          0          0          0   (incl. Generated)
        34          0          0          2          0          0   (incl. Padding)

    ----------------------------------------------------------------------

      Code (inc. data)   RO Data    RW Data    ZI Data      Debug   Library Member Name

        60          8          0          0          0         84   __0sscanf.o
        90          0          0          0          0          0   __dczerorl2.o
         8          0          0          0          0         68   __main.o
       312          4         17          0          0         92   __printf_flags_wp.o
        14          0          0          0          0         68   __printf_wp.o
         0          0          0          0          0          0   __rtentry.o
        12          0          0          0          0          0   __rtentry2.o
         6          0          0          0          0          0   __rtentry4.o
        52          8          0          0          0          0   __scatter.o
        28          0          0          0          0          0   __scatter_zi.o
        28          0          0          0          0         68   _chval.o
         6          0          0          0          0          0   _printf_c.o
        44          0          0          0          0        108   _printf_char.o
        48          6          0          0          0         96   _printf_char_common.o
         6          0          0          0          0          0   _printf_d.o
       120         16          0          0          0         92   _printf_dec.o
         6          0          0          0          0          0   _printf_f.o
      1054          0          0          0          0        216   _printf_fp_dec.o
       128         16          0          0          0         84   _printf_fp_infnan.o
       178          0          0          0          0         88   _printf_intcommon.o
        78          0          0          0          0        108   _printf_pad.o
         0          0          0          0          0          0   _printf_percent.o
         4          0          0          0          0          0   _printf_percent_end.o
         6          0          0          0          0          0   _printf_s.o
        82          0          0          0          0         80   _printf_str.o
        22          0          0          0          0        100   _rserrno.o
       884          6          0          0          0        100   _scanf.o
       332          0          0          0          0         96   _scanf_int.o
       224          0          0          0          0         96   _scanf_str.o
        64          0          0          0          0         84   _sgetc.o
        10          0          0          0          0         68   _sputc.o
       228          4        148          0          0         96   bigflt0.o
      2152        136          0          0          0        960   btod.o
        18          0          0          0          0         80   exit.o
         6          0          0          0          0        152   heapauxi.o
         0          0          0          0          0          0   indicate_semi.o
        18          0          0          0          0         76   isspace.o
        44         10        272          0          0         76   lc_ctype_c.o
        44         10         28          0          0         76   lc_numeric_c.o
         2          0          0          0          0          0   libinit.o
        34          0          0          0          0          0   libinit2.o
         2          0          0          0          0          0   libshutdown.o
         2          0          0          0          0          0   libshutdown2.o
         8          4          0          0         96         68   libspace.o
        38          0          0          0          0         68   llshl.o
       138          0          0          0          0         80   lludiv10.o
       238          0          0          0          0        100   lludivv7m.o
        40          6          0          0          0         84   noretval__2sprintf.o
        16          4          0          0          0         76   rt_ctype_table.o
         8          4          0          0          0         68   rt_errno_addr_intlibspace.o
         8          4          0          0          0         68   rt_locale_intlibspace.o
        78          0          0          0          0         80   rt_memclr_w.o
         2          0          0          0          0          0   rtexit.o
        10          0          0          0          0          0   rtexit2.o
        44          8          0          0          0         84   scanf_char.o
      1272         16          0          0          0        168   scanf_fp.o
       800         14          0          0          0        100   scanf_hexfp.o
       308         16          0          0          0        100   scanf_infnan.o
       128          0          0          0          0         68   strcmpv7m.o
        72          0          0          0          0         80   strcpy.o
        62          0          0          0          0         76   strlen.o
        12          4          0          0          0         68   sys_exit.o
        74          0          0          0          0         80   sys_stackheap_outer.o
         2          0          0          0          0         68   use_no_semi.o
        98          4          0          0          0        140   d2f.o
       804         16          0          0          0        368   daddsub_clz.o
        16          4          0          0          0        116   dcheck1.o
        24          0          0          0          0        116   dcmpi.o
       688        140          0          0          0        256   ddiv.o
       120          4          0          0          0        140   deqf.o
        90          4          0          0          0        140   dfixu.o
        84          0          0          0          0        232   dflt_clz.o
       120          4          0          0          0        140   dleqf.o
       340         12          0          0          0        152   dmul.o
       156          4          0          0          0        140   dnaninf.o
        12          0          0          0          0        116   dretinf.o
       108          0          0          0          0        128   drleqf.o
         0          0         16          0          0          0   fpconst.o
        10          0          0          0          0        116   fpinit.o
        10          0          0          0          0        116   fretinf.o
         6          0          0          0          0        116   istatus.o
         4          0          0          0          0        116   printf1.o
       100          0          0          0          0        116   retnan.o
        92          0          0          0          0        116   scalbn.o
         4          0          0          0          0        116   scanf1.o
         8          0          0          0          0        132   scanf2.o
        48          0          0          0          0        116   trapv.o
         0          0          0          0          0          0   usenofp.o
        64         16          0          0          0        248   dunder.o
        48          0          0          0          0        124   fpclassify.o
       140         22          0          0          0        132   frexp.o
       228          8          0          0          0        308   ldexp.o
       266         16          0          0          0        308   narrow.o

    ----------------------------------------------------------------------
     13522        560        482          0        100       9260   Library Totals
        20          2          1          0          4          0   (incl. Padding)

    ----------------------------------------------------------------------

      Code (inc. data)   RO Data    RW Data    ZI Data      Debug   Library Name

      9814        304        465          0         96       4896   c_w.l
      2942        192         16          0          0       3244   fz_wm.l
       746         62          0          0          0       1120   m_wm.l

    ----------------------------------------------------------------------
     13522        560        482          0        100       9260   Library Totals

    ----------------------------------------------------------------------

==============================================================================


      Code (inc. data)   RO Data    RW Data    ZI Data      Debug   

     37134       2740       5610        384       2608    1006927   Grand Totals
     37134       2740       5610         96       2608    1006927   ELF Image Totals (compressed)
     37134       2740       5610         96          0          0   ROM Totals

==============================================================================

    Total RO  Size (Code + RO Data)                42744 (  41.74kB)
    Total RW  Size (RW Data + ZI Data)              2992 (   2.92kB)
    Total ROM Size (Code + RO Data + RW Data)      42840 (  41.84kB)

==============================================================================

