*** Using Compiler 'V5.06 update 5 (build 528)', folder: 'D:\Keil5\ARM\ARMCC\Bin'
Rebuild target 'STM32F407_UART_CMD'
assembling startup_stm32f407xx.s...
compiling font.c...
compiling stm32f4xx_hal_msp.c...
compiling system_stm32f4xx.c...
compiling stm32f4xx_hal_rcc_ex.c...
compiling stm32f4xx_hal_flash_ex.c...
compiling oled_app.c...
compiling motor_app.c...
compiling key_app.c...
compiling bluetooth_app.c...
compiling stm32f4xx_hal_dma.c...
compiling main.c...
compiling dma.c...
compiling stm32f4xx_it.c...
compiling stm32f4xx_hal_dma_ex.c...
compiling oled.c...
compiling stm32f4xx_hal_flash_ramfunc.c...
compiling stm32f4xx_hal_gpio.c...
compiling usart.c...
compiling motor_uart.c...
compiling Emm_V5.c...
compiling stm32f4xx_hal_flash.c...
compiling gpio.c...
compiling stm32f4xx_hal_rcc.c...
compiling stm32f4xx_hal_uart.c...
compiling stm32f4xx_hal_pwr.c...
compiling stm32f4xx_hal_pwr_ex.c...
compiling stm32f4xx_hal_cortex.c...
compiling stm32f4xx_hal.c...
compiling stm32f4xx_hal_exti.c...
linking...
Program Size: Code=18480 RO-data=7628 RW-data=328 ZI-data=5928  
FromELF: creating hex file...
"STM32F407_UART_CMD\STM32F407_UART_CMD.axf" - 0 Error(s), 0 Warning(s).
Build Time Elapsed:  00:00:06
