<html>
<body>
<pre>
<h1>µVision Build Log</h1>
<h2>Tool Versions:</h2>
IDE-Version: ¦ÌVision V5.38.0.0
Copyright (C) 2022 ARM Ltd and ARM Germany GmbH. All rights reserved.
License Information: Ìõ ´Ì, 1, LIC=QF82M-X59CT-2Z8W4-FIV4K-DLA2K-YACBL
 
Tool Versions:
Toolchain:       MDK-ARM Plus  Version: 5.38.0.0
Toolchain Path:  D:\Keil5\ARM\ARMCLANG\Bin
C Compiler:      ArmClang.exe V6.19
Assembler:       Armasm.exe V6.19
Linker/Locator:  ArmLink.exe V6.19
Library Manager: ArmAr.exe V6.19
Hex Converter:   FromElf.exe V6.19
CPU DLL:         SARMCM3.DLL V5.38.0.0
Dialog DLL:      DARMCM1.DLL V1.19.6.0
Target DLL:      Segger\JL2CM3.dll V2.99.42.0
Dialog DLL:      TARMCM1.DLL V1.14.6.0
 
<h2>Project:</h2>
D:\my_code\my_code\diansai\LQ-M0G3507_Library-master\LQ-M0G3507_Library-master\LQ_MSPM0GX_LIB_V2.0.0\Keil\LQ_MSPM0GX_LIB.uvprojx
Project File Date:  07/13/2026

<h2>Output:</h2>
*** Using Compiler 'V6.19', folder: 'D:\Keil5\ARM\ARMCLANG\Bin'
Rebuild target 'LQ_MSPM0G3X_LIB'
assembling startup_mspm0g350x_uvision.s...
compiling main.c...
compiling dl_gpamp.c...
compiling dl_aesadv.c...
compiling dl_comp.c...
compiling dl_crcp.c...
compiling dl_sysctl_mspm0g1x0x_g3x0x.c...
compiling dl_i2c.c...
compiling dl_lcd.c...
compiling dl_dma.c...
compiling dl_gpio.c...
compiling dl_flashctl.c...
compiling dl_lfss.c...
compiling dl_keystorectl.c...
compiling dl_iwdt.c...
compiling dl_common.c...
compiling dl_mathacl.c...
compiling dl_adc12.c...
compiling dl_dac12.c...
compiling dl_crc.c...
compiling dl_aes.c...
compiling dl_opa.c...
compiling dl_rtc.c...
compiling LQ_isr.c...
compiling dl_rtc_a.c...
compiling dl_mcan.c...
compiling dl_rtc_b.c...
compiling dl_scratchpad.c...
compiling dl_rtc_common.c...
compiling dl_tamperio.c...
compiling dl_spi.c...
compiling dl_timera.c...
compiling dl_timerg.c...
compiling dl_trng.c...
compiling dl_timer.c...
compiling dl_vref.c...
compiling dl_wwdt.c...
compiling dl_uart.c...
compiling LQ_lsm6dsr.c...
compiling LQ_font.c...
compiling LQ_servo.c...
compiling LQ_motor.c...
compiling LQ_tracking.c...
compiling LQ_pid.c...
compiling LQ_encoder.c...
compiling LQ_mpu6050.c...
compiling LQ_key.c...
compiling LQ_oled.c...
compiling LQ_ccd.c...
compiling LQ_adc.c...
compiling LQ_1306_motor.c...
compiling LQ_clock.c...
compiling LQ_gpio.c...
compiling LQ_exti.c...
compiling LQ_spi.c...
compiling LQ_time.c...
compiling LQ_utils.c...
compiling LQ_uart.c...
compiling LQ_dma.c...
compiling LQ_soft_spi.c...
compiling LQ_soft_i2c.c...
compiling LQ_pwm.c...
linking...
Program Size: Code=3590 RO-data=658 RW-data=8 ZI-data=20560  
FromELF: creating hex file...
".\Objects\LQ_MSPM0GX_LIB.axf" - 0 Error(s), 0 Warning(s).

<h2>Software Packages used:</h2>

Package Vendor: TexasInstruments
                https://software-dl.ti.com/msp430/esd/MSPM0-CMSIS/MSPM0G1X0X_G3X0X/latest/exports/TexasInstruments.MSPM0G1X0X_G3X0X_DFP.1.3.1.pack
                TexasInstruments.MSPM0G1X0X_G3X0X_DFP.1.3.1
                Device Family Pack for Texas Instruments MSPM0G1X0X_G3X0X Series

<h2>Collection of Component include folders:</h2>

<h2>Collection of Component Files used:</h2>
Build Time Elapsed:  00:00:04
</pre>
</body>
</html>
