Component: ARM Compiler 5.06 update 5 (build 528) Tool: armlink [4d35e2]

==============================================================================

Section Cross References

    startup_stm32g431xx.o(STACK) refers (Special) to heapauxi.o(.text) for __use_two_region_memory
    startup_stm32g431xx.o(HEAP) refers (Special) to heapauxi.o(.text) for __use_two_region_memory
    startup_stm32g431xx.o(RESET) refers (Special) to heapauxi.o(.text) for __use_two_region_memory
    startup_stm32g431xx.o(RESET) refers to startup_stm32g431xx.o(STACK) for __initial_sp
    startup_stm32g431xx.o(RESET) refers to startup_stm32g431xx.o(.text) for Reset_Handler
    startup_stm32g431xx.o(RESET) refers to stm32g4xx_it.o(i.NMI_Handler) for NMI_Handler
    startup_stm32g431xx.o(RESET) refers to stm32g4xx_it.o(i.HardFault_Handler) for HardFault_Handler
    startup_stm32g431xx.o(RESET) refers to stm32g4xx_it.o(i.MemManage_Handler) for MemManage_Handler
    startup_stm32g431xx.o(RESET) refers to stm32g4xx_it.o(i.BusFault_Handler) for BusFault_Handler
    startup_stm32g431xx.o(RESET) refers to stm32g4xx_it.o(i.UsageFault_Handler) for UsageFault_Handler
    startup_stm32g431xx.o(RESET) refers to stm32g4xx_it.o(i.SVC_Handler) for SVC_Handler
    startup_stm32g431xx.o(RESET) refers to stm32g4xx_it.o(i.DebugMon_Handler) for DebugMon_Handler
    startup_stm32g431xx.o(RESET) refers to stm32g4xx_it.o(i.PendSV_Handler) for PendSV_Handler
    startup_stm32g431xx.o(RESET) refers to stm32g4xx_it.o(i.SysTick_Handler) for SysTick_Handler
    startup_stm32g431xx.o(.text) refers (Special) to heapauxi.o(.text) for __use_two_region_memory
    startup_stm32g431xx.o(.text) refers to system_stm32g4xx.o(i.SystemInit) for SystemInit
    startup_stm32g431xx.o(.text) refers to __main.o(!!!main) for __main
    startup_stm32g431xx.o(.text) refers to startup_stm32g431xx.o(HEAP) for Heap_Mem
    startup_stm32g431xx.o(.text) refers to startup_stm32g431xx.o(STACK) for Stack_Mem
    lcd.o(i.LCD_BusIn) refers to rt_memclr_w.o(.text) for __aeabi_memclr4
    lcd.o(i.LCD_BusIn) refers to stm32g4xx_hal_gpio.o(i.HAL_GPIO_Init) for HAL_GPIO_Init
    lcd.o(i.LCD_BusOut) refers to rt_memclr_w.o(.text) for __aeabi_memclr4
    lcd.o(i.LCD_BusOut) refers to stm32g4xx_hal_gpio.o(i.HAL_GPIO_Init) for HAL_GPIO_Init
    lcd.o(i.LCD_Clear) refers to lcd.o(i.LCD_SetCursor) for LCD_SetCursor
    lcd.o(i.LCD_Clear) refers to lcd.o(i.LCD_WriteRAM_Prepare) for LCD_WriteRAM_Prepare
    lcd.o(i.LCD_Clear) refers to lcd.o(i.LCD_WriteRAM) for LCD_WriteRAM
    lcd.o(i.LCD_ClearLine) refers to lcd.o(i.LCD_DisplayStringLine) for LCD_DisplayStringLine
    lcd.o(i.LCD_CtrlLinesConfig) refers to rt_memclr_w.o(.text) for __aeabi_memclr4
    lcd.o(i.LCD_CtrlLinesConfig) refers to stm32g4xx_hal_gpio.o(i.HAL_GPIO_Init) for HAL_GPIO_Init
    lcd.o(i.LCD_CtrlLinesConfig) refers to lcd.o(i.LCD_BusOut) for LCD_BusOut
    lcd.o(i.LCD_DisplayChar) refers to lcd.o(i.LCD_DrawChar) for LCD_DrawChar
    lcd.o(i.LCD_DisplayChar) refers to lcd.o(.constdata) for .constdata
    lcd.o(i.LCD_DisplayOff) refers to lcd.o(i.LCD_WriteReg) for LCD_WriteReg
    lcd.o(i.LCD_DisplayOn) refers to lcd.o(i.LCD_WriteReg) for LCD_WriteReg
    lcd.o(i.LCD_DisplayStringLine) refers to lcd.o(i.LCD_DisplayChar) for LCD_DisplayChar
    lcd.o(i.LCD_DrawChar) refers to lcd.o(i.LCD_SetCursor) for LCD_SetCursor
    lcd.o(i.LCD_DrawChar) refers to lcd.o(i.LCD_WriteRAM_Prepare) for LCD_WriteRAM_Prepare
    lcd.o(i.LCD_DrawChar) refers to lcd.o(i.LCD_WriteRAM) for LCD_WriteRAM
    lcd.o(i.LCD_DrawChar) refers to lcd.o(.data) for .data
    lcd.o(i.LCD_DrawCircle) refers to lcd.o(i.LCD_SetCursor) for LCD_SetCursor
    lcd.o(i.LCD_DrawCircle) refers to lcd.o(i.LCD_WriteRAM_Prepare) for LCD_WriteRAM_Prepare
    lcd.o(i.LCD_DrawCircle) refers to lcd.o(i.LCD_WriteRAM) for LCD_WriteRAM
    lcd.o(i.LCD_DrawCircle) refers to lcd.o(.data) for .data
    lcd.o(i.LCD_DrawLine) refers to lcd.o(i.LCD_SetCursor) for LCD_SetCursor
    lcd.o(i.LCD_DrawLine) refers to lcd.o(i.LCD_WriteRAM_Prepare) for LCD_WriteRAM_Prepare
    lcd.o(i.LCD_DrawLine) refers to lcd.o(i.LCD_WriteRAM) for LCD_WriteRAM
    lcd.o(i.LCD_DrawLine) refers to lcd.o(.data) for .data
    lcd.o(i.LCD_DrawMonoPict) refers to lcd.o(i.LCD_SetCursor) for LCD_SetCursor
    lcd.o(i.LCD_DrawMonoPict) refers to lcd.o(i.LCD_WriteRAM_Prepare) for LCD_WriteRAM_Prepare
    lcd.o(i.LCD_DrawMonoPict) refers to lcd.o(i.LCD_WriteRAM) for LCD_WriteRAM
    lcd.o(i.LCD_DrawMonoPict) refers to lcd.o(.data) for .data
    lcd.o(i.LCD_DrawPicture) refers to lcd.o(i.LCD_SetCursor) for LCD_SetCursor
    lcd.o(i.LCD_DrawPicture) refers to lcd.o(i.LCD_WriteRAM_Prepare) for LCD_WriteRAM_Prepare
    lcd.o(i.LCD_DrawPicture) refers to lcd.o(i.LCD_WriteRAM) for LCD_WriteRAM
    lcd.o(i.LCD_DrawRect) refers to lcd.o(i.LCD_DrawLine) for LCD_DrawLine
    lcd.o(i.LCD_HighlightLine) refers to _printf_pad.o(.text) for _printf_pre_padding
[...]
    .ARM.Collect$$libinit$$00000021          0x08000278   Section        0  libinit2.o(.ARM.Collect$$libinit$$00000021)
    .ARM.Collect$$libinit$$00000023          0x08000278   Section        0  libinit2.o(.ARM.Collect$$libinit$$00000023)
    .ARM.Collect$$libinit$$00000025          0x08000278   Section        0  libinit2.o(.ARM.Collect$$libinit$$00000025)
    .ARM.Collect$$libinit$$0000002C          0x08000278   Section        0  libinit2.o(.ARM.Collect$$libinit$$0000002C)
    .ARM.Collect$$libinit$$0000002E          0x08000278   Section        0  libinit2.o(.ARM.Collect$$libinit$$0000002E)
    .ARM.Collect$$libinit$$00000030          0x08000278   Section        0  libinit2.o(.ARM.Collect$$libinit$$00000030)
    .ARM.Collect$$libinit$$00000032          0x08000278   Section        0  libinit2.o(.ARM.Collect$$libinit$$00000032)
    .ARM.Collect$$libinit$$00000033          0x08000278   Section        2  libinit2.o(.ARM.Collect$$libinit$$00000033)
    .ARM.Collect$$libshutdown$$00000000      0x0800027a   Section        2  libshutdown.o(.ARM.Collect$$libshutdown$$00000000)
    .ARM.Collect$$libshutdown$$00000002      0x0800027c   Section        0  libshutdown2.o(.ARM.Collect$$libshutdown$$00000002)
    .ARM.Collect$$libshutdown$$00000004      0x0800027c   Section        0  libshutdown2.o(.ARM.Collect$$libshutdown$$00000004)
    .ARM.Collect$$libshutdown$$00000007      0x0800027c   Section        0  libshutdown2.o(.ARM.Collect$$libshutdown$$00000007)
    .ARM.Collect$$libshutdown$$0000000A      0x0800027c   Section        0  libshutdown2.o(.ARM.Collect$$libshutdown$$0000000A)
    .ARM.Collect$$libshutdown$$0000000C      0x0800027c   Section        0  libshutdown2.o(.ARM.Collect$$libshutdown$$0000000C)
    .ARM.Collect$$libshutdown$$0000000F      0x0800027c   Section        0  libshutdown2.o(.ARM.Collect$$libshutdown$$0000000F)
    .ARM.Collect$$libshutdown$$00000010      0x0800027c   Section        2  libshutdown2.o(.ARM.Collect$$libshutdown$$00000010)
    .ARM.Collect$$rtentry$$00000000          0x0800027e   Section        0  __rtentry.o(.ARM.Collect$$rtentry$$00000000)
    .ARM.Collect$$rtentry$$00000002          0x0800027e   Section        0  __rtentry2.o(.ARM.Collect$$rtentry$$00000002)
    .ARM.Collect$$rtentry$$00000004          0x0800027e   Section        6  __rtentry4.o(.ARM.Collect$$rtentry$$00000004)
    .ARM.Collect$$rtentry$$00000009          0x08000284   Section        0  __rtentry2.o(.ARM.Collect$$rtentry$$00000009)
    .ARM.Collect$$rtentry$$0000000A          0x08000284   Section        4  __rtentry2.o(.ARM.Collect$$rtentry$$0000000A)
    .ARM.Collect$$rtentry$$0000000C          0x08000288   Section        0  __rtentry2.o(.ARM.Collect$$rtentry$$0000000C)
    .ARM.Collect$$rtentry$$0000000D          0x08000288   Section        8  __rtentry2.o(.ARM.Collect$$rtentry$$0000000D)
    .ARM.Collect$$rtexit$$00000000           0x08000290   Section        2  rtexit.o(.ARM.Collect$$rtexit$$00000000)
    .ARM.Collect$$rtexit$$00000002           0x08000292   Section        0  rtexit2.o(.ARM.Collect$$rtexit$$00000002)
    .ARM.Collect$$rtexit$$00000003           0x08000292   Section        4  rtexit2.o(.ARM.Collect$$rtexit$$00000003)
    .ARM.Collect$$rtexit$$00000004           0x08000296   Section        6  rtexit2.o(.ARM.Collect$$rtexit$$00000004)
    .text                                    0x0800029c   Section       64  startup_stm32g431xx.o(.text)
    $v0                                      0x0800029c   Number         0  startup_stm32g431xx.o(.text)
    .text                                    0x080002dc   Section      238  lludivv7m.o(.text)
    .text                                    0x080003cc   Section        0  noretval__2sprintf.o(.text)
    .text                                    0x080003f4   Section        0  noretval__2snprintf.o(.text)
    .text                                    0x08000428   Section        0  _printf_pad.o(.text)
    .text                                    0x08000476   Section        0  _printf_str.o(.text)
    .text                                    0x080004c8   Section        0  _printf_dec.o(.text)
    .text                                    0x08000540   Section        0  __printf_wp.o(.text)
    .text                                    0x0800064e   Section        0  strlen.o(.text)
    .text                                    0x0800068c   Section       78  rt_memclr_w.o(.text)
    .text                                    0x080006da   Section        0  heapauxi.o(.text)
    .text                                    0x080006e0   Section        0  _printf_intcommon.o(.text)
    .text                                    0x08000792   Section        0  _printf_fp_dec.o(.text)
    _fp_digits                               0x08000795   Thumb Code   432  _printf_fp_dec.o(.text)
    .text                                    0x08000bb0   Section        0  _printf_char_common.o(.text)
    _printf_input_char                       0x08000bb1   Thumb Code    10  _printf_char_common.o(.text)
    .text                                    0x08000be0   Section        0  _sputc.o(.text)
    .text                                    0x08000bea   Section        0  _snputc.o(.text)
    .text                                    0x08000bfa   Section        0  _printf_char.o(.text)
    .text                                    0x08000c28   Section        8  rt_locale_intlibspace.o(.text)
    .text                                    0x08000c30   Section      138  lludiv10.o(.text)
    .text                                    0x08000cbc   Section        0  _printf_fp_infnan.o(.text)
    .text                                    0x08000d3c   Section        0  bigflt0.o(.text)
    .text                                    0x08000e20   Section        8  libspace.o(.text)
    .text                                    0x08000e28   Section       74  sys_stackheap_outer.o(.text)
    .text                                    0x08000e72   Section        0  exit.o(.text)
    .text                                    0x08000e84   Section      128  strcmpv7m.o(.text)
    .text                                    0x08000f04   Section        0  sys_exit.o(.text)
    .text                                    0x08000f10   Section        2  use_no_semi.o(.text)
    .text                                    0x08000f12   Section        0  indicate_semi.o(.text)
    CL$$btod_d2e                             0x08000f12   Section       62  btod.o(CL$$btod_d2e)
    CL$$btod_d2e_denorm_low                  0x08000f50   Section       70  btod.o(CL$$btod_d2e_denorm_low)
    CL$$btod_d2e_norm_op1                    0x08000f96   Section       96  btod.o(CL$$btod_d2e_norm_op1)
    CL$$btod_div_common                      0x08000ff6   Section      824  btod.o(CL$$btod_div_common)
    CL$$btod_e2e                             0x0800132e   Section      220  btod.o(CL$$btod_e2e)
    CL$$btod_ediv                            0x0800140a   Section       42  btod.o(CL$$btod_ediv)
    CL$$btod_emul                            0x08001434   Section       42  btod.o(CL$$btod_emul)
    CL$$btod_mult_common                     0x0800145e   Section      580  btod.o(CL$$btod_mult_common)
    i.ADC_Enable                             0x080016a4   Section        0  stm32g4xx_hal_adc.o(i.ADC_Enable)
    i.Adc_Pro                                0x08001750   Section        0  main.o(i.Adc_Pro)
    i.App_Low4Blink                          0x080017b8   Section        0  main.o(i.App_Low4Blink)
    i.BusFault_Handler                       0x080017e0   Section        0  stm32g4xx_it.o(i.BusFault_Handler)
    i.DebugMon_Handler                       0x080017e2   Section        0  stm32g4xx_it.o(i.DebugMon_Handler)
    i.Delay_LCD                              0x080017e4   Section        0  lcd.o(i.Delay_LCD)
    i.Error_Handler                          0x08001800   Section        0  main.o(i.Error_Handler)
    i.HAL_ADC_ConfigChannel                  0x08001804   Section        0  stm32g4xx_hal_adc.o(i.HAL_ADC_ConfigChannel)
    i.HAL_ADC_GetValue                       0x08001c28   Section        0  stm32g4xx_hal_adc.o(i.HAL_ADC_GetValue)
    i.HAL_ADC_Init                           0x08001c30   Section        0  stm32g4xx_hal_adc.o(i.HAL_ADC_Init)
    i.HAL_ADC_MspInit                        0x08001e24   Section        0  adc.o(i.HAL_ADC_MspInit)
    i.HAL_ADC_PollForConversion              0x08001e9c   Section        0  stm32g4xx_hal_adc.o(i.HAL_ADC_PollForConversion)
    i.HAL_ADC_Start                          0x08001f98   Section        0  stm32g4xx_hal_adc.o(i.HAL_ADC_Start)
    i.HAL_Delay                              0x0800208c   Section        0  stm32g4xx_hal.o(i.HAL_Delay)
    i.HAL_GPIO_Init                          0x080020b0   Section        0  stm32g4xx_hal_gpio.o(i.HAL_GPIO_Init)
    i.HAL_GPIO_ReadPin                       0x080022f8   Section        0  stm32g4xx_hal_gpio.o(i.HAL_GPIO_ReadPin)
    i.HAL_GPIO_WritePin                      0x08002302   Section        0  stm32g4xx_hal_gpio.o(i.HAL_GPIO_WritePin)
    i.HAL_GetTick                            0x0800230c   Section        0  stm32g4xx_hal.o(i.HAL_GetTick)
    i.HAL_IncTick                            0x08002318   Section        0  stm32g4xx_hal.o(i.HAL_IncTick)
    i.HAL_Init                               0x08002328   Section        0  stm32g4xx_hal.o(i.HAL_Init)
    i.HAL_InitTick                           0x08002348   Section        0  stm32g4xx_hal.o(i.HAL_InitTick)
    i.HAL_MspInit                            0x0800238c   Section        0  stm32g4xx_hal_msp.o(i.HAL_MspInit)
    i.HAL_NVIC_SetPriority                   0x080023bc   Section        0  stm32g4xx_hal_cortex.o(i.HAL_NVIC_SetPriority)
    i.HAL_NVIC_SetPriorityGrouping           0x080023fc   Section        0  stm32g4xx_hal_cortex.o(i.HAL_NVIC_SetPriorityGrouping)
    i.HAL_PWREx_ControlVoltageScaling        0x08002420   Section        0  stm32g4xx_hal_pwr_ex.o(i.HAL_PWREx_ControlVoltageScaling)
    i.HAL_PWREx_DisableUCPDDeadBattery       0x080024dc   Section        0  stm32g4xx_hal_pwr_ex.o(i.HAL_PWREx_DisableUCPDDeadBattery)
    i.HAL_RCCEx_PeriphCLKConfig              0x080024ec   Section        0  stm32g4xx_hal_rcc_ex.o(i.HAL_RCCEx_PeriphCLKConfig)
    i.HAL_RCC_ClockConfig                    0x08002774   Section        0  stm32g4xx_hal_rcc.o(i.HAL_RCC_ClockConfig)
    i.HAL_RCC_GetPCLK1Freq                   0x08002950   Section        0  stm32g4xx_hal_rcc.o(i.HAL_RCC_GetPCLK1Freq)
    i.HAL_RCC_GetPCLK2Freq                   0x08002974   Section        0  stm32g4xx_hal_rcc.o(i.HAL_RCC_GetPCLK2Freq)
    i.HAL_RCC_GetSysClockFreq                0x08002998   Section        0  stm32g4xx_hal_rcc.o(i.HAL_RCC_GetSysClockFreq)
    i.HAL_RCC_OscConfig                      0x08002a08   Section        0  stm32g4xx_hal_rcc.o(i.HAL_RCC_OscConfig)
    i.HAL_SYSTICK_Config                     0x08002e0c   Section        0  stm32g4xx_hal_cortex.o(i.HAL_SYSTICK_Config)
    i.HAL_UARTEx_DisableFifoMode             0x08002e34   Section        0  stm32g4xx_hal_uart_ex.o(i.HAL_UARTEx_DisableFifoMode)
    i.HAL_UARTEx_SetRxFifoThreshold          0x08002e72   Section        0  stm32g4xx_hal_uart_ex.o(i.HAL_UARTEx_SetRxFifoThreshold)
    i.HAL_UARTEx_SetTxFifoThreshold          0x08002ebe   Section        0  stm32g4xx_hal_uart_ex.o(i.HAL_UARTEx_SetTxFifoThreshold)
    i.HAL_UART_Init                          0x08002f0a   Section        0  stm32g4xx_hal_uart.o(i.HAL_UART_Init)
    i.HAL_UART_MspInit                       0x08002f74   Section        0  usart.o(i.HAL_UART_MspInit)
    i.HardFault_Handler                      0x08002ff0   Section        0  stm32g4xx_it.o(i.HardFault_Handler)
    i.Key_Pro                                0x08002ff4   Section        0  main.o(i.Key_Pro)
    i.LCD_BusIn                              0x080032b4   Section        0  lcd.o(i.LCD_BusIn)
    i.LCD_BusOut                             0x080032e0   Section        0  lcd.o(i.LCD_BusOut)
    i.LCD_Clear                              0x08003310   Section        0  lcd.o(i.LCD_Clear)
    i.LCD_ClearLine                          0x08003334   Section        0  lcd.o(i.LCD_ClearLine)
    i.LCD_CtrlLinesConfig                    0x08003354   Section        0  lcd.o(i.LCD_CtrlLinesConfig)
    i.LCD_DisplayChar                        0x080033e4   Section        0  lcd.o(i.LCD_DisplayChar)
    i.LCD_DisplayStringLine                  0x080033fc   Section        0  lcd.o(i.LCD_DisplayStringLine)
    i.LCD_DrawChar                           0x08003428   Section        0  lcd.o(i.LCD_DrawChar)
    i.LCD_HighlightLine                      0x08003480   Section        0  lcd.o(i.LCD_HighlightLine)
    i.LCD_HighlightLineDefault               0x08003530   Section        0  lcd.o(i.LCD_HighlightLineDefault)
    i.LCD_Init                               0x0800353c   Section        0  lcd.o(i.LCD_Init)
    i.LCD_ReadReg                            0x08003570   Section        0  lcd.o(i.LCD_ReadReg)
    i.LCD_SetCursor                          0x080035f0   Section        0  lcd.o(i.LCD_SetCursor)
    i.LCD_WriteRAM                           0x08003608   Section        0  lcd.o(i.LCD_WriteRAM)
    i.LCD_WriteRAM_Prepare                   0x08003660   Section        0  lcd.o(i.LCD_WriteRAM_Prepare)
    i.LCD_WriteReg                           0x080036bc   Section        0  lcd.o(i.LCD_WriteReg)
    i.LED_Disp                               0x08003728   Section        0  main.o(i.LED_Disp)
    i.LL_ADC_GetOffsetChannel                0x0800377c   Section        0  stm32g4xx_hal_adc.o(i.LL_ADC_GetOffsetChannel)
    LL_ADC_GetOffsetChannel                  0x0800377d   Thumb Code    12  stm32g4xx_hal_adc.o(i.LL_ADC_GetOffsetChannel)
    i.LL_ADC_INJ_IsConversionOngoing         0x08003788   Section        0  stm32g4xx_hal_adc.o(i.LL_ADC_INJ_IsConversionOngoing)
    LL_ADC_INJ_IsConversionOngoing           0x08003789   Thumb Code     8  stm32g4xx_hal_adc.o(i.LL_ADC_INJ_IsConversionOngoing)
    i.LL_ADC_REG_IsConversionOngoing         0x08003790   Section        0  stm32g4xx_hal_adc.o(i.LL_ADC_REG_IsConversionOngoing)
    LL_ADC_REG_IsConversionOngoing           0x08003791   Thumb Code     8  stm32g4xx_hal_adc.o(i.LL_ADC_REG_IsConversionOngoing)
    i.LL_ADC_REG_IsTriggerSourceSWStart      0x08003798   Section        0  stm32g4xx_hal_adc.o(i.LL_ADC_REG_IsTriggerSourceSWStart)
    LL_ADC_REG_IsTriggerSourceSWStart        0x08003799   Thumb Code    16  stm32g4xx_hal_adc.o(i.LL_ADC_REG_IsTriggerSourceSWStart)
    i.LL_ADC_SetChannelSamplingTime          0x080037a8   Section        0  stm32g4xx_hal_adc.o(i.LL_ADC_SetChannelSamplingTime)
    LL_ADC_SetChannelSamplingTime            0x080037a9   Thumb Code    30  stm32g4xx_hal_adc.o(i.LL_ADC_SetChannelSamplingTime)
    i.LL_ADC_SetOffsetState                  0x080037c6   Section        0  stm32g4xx_hal_adc.o(i.LL_ADC_SetOffsetState)
    LL_ADC_SetOffsetState                    0x080037c7   Thumb Code    16  stm32g4xx_hal_adc.o(i.LL_ADC_SetOffsetState)
    i.Lcd_Pro                                0x080037d8   Section        0  main.o(i.Lcd_Pro)
    i.MX_ADC2_Init                           0x080039e8   Section        0  adc.o(i.MX_ADC2_Init)
    i.MX_GPIO_Init                           0x08003a64   Section        0  gpio.o(i.MX_GPIO_Init)
    i.MX_USART1_UART_Init                    0x08003b38   Section        0  usart.o(i.MX_USART1_UART_Init)
    i.MemManage_Handler                      0x08003ba0   Section        0  stm32g4xx_it.o(i.MemManage_Handler)
    i.NMI_Handler                            0x08003ba2   Section        0  stm32g4xx_it.o(i.NMI_Handler)
    i.PendSV_Handler                         0x08003ba4   Section        0  stm32g4xx_it.o(i.PendSV_Handler)
    i.REG_8230_Init                          0x08003ba6   Section        0  lcd.o(i.REG_8230_Init)
    i.REG_932X_Init                          0x08003cb8   Section        0  lcd.o(i.REG_932X_Init)
    i.SVC_Handler                            0x08003eba   Section        0  stm32g4xx_it.o(i.SVC_Handler)
    i.SysTick_Handler                        0x08003ebc   Section        0  stm32g4xx_it.o(i.SysTick_Handler)
    i.SystemClock_Config                     0x08003ec0   Section        0  main.o(i.SystemClock_Config)
    i.SystemInit                             0x08003f28   Section        0  system_stm32g4xx.o(i.SystemInit)
    i.UARTEx_SetNbDataToProcess              0x08003f38   Section        0  stm32g4xx_hal_uart_ex.o(i.UARTEx_SetNbDataToProcess)
    UARTEx_SetNbDataToProcess                0x08003f39   Thumb Code    62  stm32g4xx_hal_uart_ex.o(i.UARTEx_SetNbDataToProcess)
    i.UART_AdvFeatureConfig                  0x08003f7c   Section        0  stm32g4xx_hal_uart.o(i.UART_AdvFeatureConfig)
    i.UART_CheckIdleState                    0x08004044   Section        0  stm32g4xx_hal_uart.o(i.UART_CheckIdleState)
    i.UART_EndRxTransfer                     0x080040f0   Section        0  stm32g4xx_hal_uart.o(i.UART_EndRxTransfer)
    UART_EndRxTransfer                       0x080040f1   Thumb Code    78  stm32g4xx_hal_uart.o(i.UART_EndRxTransfer)
    i.UART_SetConfig                         0x08004144   Section        0  stm32g4xx_hal_uart.o(i.UART_SetConfig)
    i.UART_WaitOnFlagUntilTimeout            0x080043b8   Section        0  stm32g4xx_hal_uart.o(i.UART_WaitOnFlagUntilTimeout)
    i.UsageFault_Handler                     0x0800444c   Section        0  stm32g4xx_it.o(i.UsageFault_Handler)
    i.__ARM_fpclassify                       0x0800444e   Section        0  fpclassify.o(i.__ARM_fpclassify)
    i.__NVIC_SetPriority                     0x0800447e   Section        0  stm32g4xx_hal_cortex.o(i.__NVIC_SetPriority)
    __NVIC_SetPriority                       0x0800447f   Thumb Code    32  stm32g4xx_hal_cortex.o(i.__NVIC_SetPriority)
    i._is_digit                              0x0800449e   Section        0  __printf_wp.o(i._is_digit)
    i.key_scanf                              0x080044ac   Section        0  gpio.o(i.key_scanf)
    i.lcd_middledisplay                      0x08004598   Section        0  main.o(i.lcd_middledisplay)
    i.main                                   0x080045e4   Section        0  main.o(i.main)
    locale$$code                             0x0800466c   Section       44  lc_numeric_c.o(locale$$code)
    x$fpl$dadd                               0x08004698   Section      336  daddsub_clz.o(x$fpl$dadd)
    $v0                                      0x08004698   Number         0  daddsub_clz.o(x$fpl$dadd)
    _dadd1                                   0x080046a9   Thumb Code     0  daddsub_clz.o(x$fpl$dadd)
    x$fpl$dcmpinf                            0x080047e8   Section       24  dcmpi.o(x$fpl$dcmpinf)
    $v0                                      0x080047e8   Number         0  dcmpi.o(x$fpl$dcmpinf)
    x$fpl$dfltu                              0x08004800   Section       38  dflt_clz.o(x$fpl$dfltu)
    $v0                                      0x08004800   Number         0  dflt_clz.o(x$fpl$dfltu)
    x$fpl$dleqf                              0x08004828   Section      120  dleqf.o(x$fpl$dleqf)
    $v0                                      0x08004828   Number         0  dleqf.o(x$fpl$dleqf)
    x$fpl$dmul                               0x080048a0   Section      340  dmul.o(x$fpl$dmul)
    $v0                                      0x080048a0   Number         0  dmul.o(x$fpl$dmul)
    x$fpl$dnaninf                            0x080049f4   Section      156  dnaninf.o(x$fpl$dnaninf)
    $v0                                      0x080049f4   Number         0  dnaninf.o(x$fpl$dnaninf)
    x$fpl$dretinf                            0x08004a90   Section       12  dretinf.o(x$fpl$dretinf)
    $v0                                      0x08004a90   Number         0  dretinf.o(x$fpl$dretinf)
    x$fpl$drleqf                             0x08004a9c   Section      108  drleqf.o(x$fpl$drleqf)
    $v0                                      0x08004a9c   Number         0  drleqf.o(x$fpl$drleqf)
    x$fpl$dsub                               0x08004b08   Section      468  daddsub_clz.o(x$fpl$dsub)
    $v0                                      0x08004b08   Number         0  daddsub_clz.o(x$fpl$dsub)
    _dsub1                                   0x08004b19   Thumb Code     0  daddsub_clz.o(x$fpl$dsub)
    x$fpl$fpinit                             0x08004cdc   Section       10  fpinit.o(x$fpl$fpinit)
    $v0                                      0x08004cdc   Number         0  fpinit.o(x$fpl$fpinit)
    x$fpl$printf1                            0x08004ce6   Section        4  printf1.o(x$fpl$printf1)
    $v0                                      0x08004ce6   Number         0  printf1.o(x$fpl$printf1)
    .constdata                               0x08004cea   Section     4560  lcd.o(.constdata)
    x$fpl$usenofp                            0x08004cea   Section        0  usenofp.o(x$fpl$usenofp)
    .constdata                               0x08005eba   Section       24  stm32g4xx_hal_uart.o(.constdata)
    .constdata                               0x08005ed2   Section       16  stm32g4xx_hal_uart_ex.o(.constdata)
    numerator                                0x08005ed2   Data           8  stm32g4xx_hal_uart_ex.o(.constdata)
    denominator                              0x08005eda   Data           8  stm32g4xx_hal_uart_ex.o(.constdata)
    .constdata                               0x08005ee2   Section       16  system_stm32g4xx.o(.constdata)
    .constdata                               0x08005ef2   Section        8  system_stm32g4xx.o(.constdata)
    .constdata                               0x08005efc   Section      148  bigflt0.o(.constdata)
    tenpwrs_x                                0x08005efc   Data          60  bigflt0.o(.constdata)
    tenpwrs_i                                0x08005f38   Data          64  bigflt0.o(.constdata)
    .conststring                             0x08005f90   Section       46  main.o(.conststring)
    locale$$data                             0x08005fe0   Section       28  lc_numeric_c.o(locale$$data)
    __lcnum_c_name                           0x08005fe4   Data           2  lc_numeric_c.o(locale$$data)
    __lcnum_c_start                          0x08005fec   Data           0  lc_numeric_c.o(locale$$data)
    __lcnum_c_point                          0x08005ff8   Data           0  lc_numeric_c.o(locale$$data)
    __lcnum_c_thousands                      0x08005ffa   Data           0  lc_numeric_c.o(locale$$data)
    __lcnum_c_grouping                       0x08005ffb   Data           0  lc_numeric_c.o(locale$$data)
    __lcnum_c_end                            0x08005ffc   Data           0  lc_numeric_c.o(locale$$data)
    .data                                    0x20000000   Section        6  lcd.o(.data)
    TextColor                                0x20000000   Data           2  lcd.o(.data)
    BackColor                                0x20000002   Data           2  lcd.o(.data)
    .data                                    0x20000008   Section       80  main.o(.data)
    .data                                    0x20000058   Section        1  gpio.o(.data)
    key_state                                0x20000058   Data           1  gpio.o(.data)
    .data                                    0x2000005c   Section       12  stm32g4xx_hal.o(.data)
    .data                                    0x20000068   Section        4  system_stm32g4xx.o(.data)
    .bss                                     0x2000006c   Section       20  lcd.o(.bss)
    .bss                                     0x20000080   Section     5020  main.o(.bss)
    .bss                                     0x2000141c   Section      108  adc.o(.bss)
    .bss                                     0x20001488   Section      148  usart.o(.bss)
    .bss                                     0x2000151c   Section       96  libspace.o(.bss)
    HEAP                                     0x20001580   Section      512  startup_stm32g431xx.o(HEAP)
    Heap_Mem                                 0x20001580   Data         512  startup_stm32g431xx.o(HEAP)
    STACK                                    0x20001780   Section     1024  startup_stm32g431xx.o(STACK)
    Stack_Mem                                0x20001780   Data        1024  startup_stm32g431xx.o(STACK)
    __initial_sp                             0x20001b80   Data           0  startup_stm32g431xx.o(STACK)

    Global Symbols

    Symbol Name                              Value     Ov Type        Size  Object(Section)

    BuildAttributes$$THM_ISAv4$E$P$D$K$B$S$7EM$VFPi3$EXTD16$VFPS$VFMA$PE$A:L22UL41UL21$X:L11$S22US41US21$IEEE1$IW$USESV6$~STKCKD$USESV7$~SHL$OTIME$ROPI$IEEEJ$EBA8$UX$STANDARDLIB$REQ8$PRES8$EABIv2 0x00000000   Number         0  anon$$obj.o ABSOLUTE
    __ARM_use_no_argv                        0x00000000   Number         0  main.o ABSOLUTE
    _printf_flags                            0x00000000   Number         0  printf_stubs.o ABSOLUTE
    _printf_return_value                     0x00000000   Number         0  printf_stubs.o ABSOLUTE
    _printf_sizespec                         0x00000000   Number         0  printf_stubs.o ABSOLUTE
    _printf_widthprec                        0x00000000   Number         0  printf_stubs.o ABSOLUTE
    __ARM_exceptions_init                     - Undefined Weak Reference
    __alloca_initialize                       - Undefined Weak Reference
    __arm_preinit_                            - Undefined Weak Reference
    __cpp_initialize__aeabi_                  - Undefined Weak Reference
    __cxa_finalize                            - Undefined Weak Reference
    __sigvec_lookup                           - Undefined Weak Reference
    _atexit_init                              - Undefined Weak Reference
    _call_atexit_fns                          - Undefined Weak Reference
    _clock_init                               - Undefined Weak Reference
    _fp_trap_init                             - Undefined Weak Reference
    _fp_trap_shutdown                         - Undefined Weak Reference
    _get_lc_collate                           - Undefined Weak Reference
    _get_lc_ctype                             - Undefined Weak Reference
    _get_lc_monetary                          - Undefined Weak Reference
    _get_lc_time                              - Undefined Weak Reference
    _getenv_init                              - Undefined Weak Reference
    _handle_redirection                       - Undefined Weak Reference
    _init_alloc                               - Undefined Weak Reference
    _init_user_alloc                          - Undefined Weak Reference
    _initio                                   - Undefined Weak Reference
    _printf_mbtowc                            - Undefined Weak Reference
    _printf_truncate_signed                   - Undefined Weak Reference
    _printf_truncate_unsigned                 - Undefined Weak Reference
    _rand_init                                - Undefined Weak Reference
    _signal_finish                            - Undefined Weak Reference
    _signal_init                              - Undefined Weak Reference
    _terminate_alloc                          - Undefined Weak Reference
    _terminate_user_alloc                     - Undefined Weak Reference
    _terminateio                              - Undefined Weak Reference
    __Vectors_Size                           0x000001d8   Number         0  startup_stm32g431xx.o ABSOLUTE
    __Vectors                                0x08000000   Data           4  startup_stm32g431xx.o(RESET)
    __Vectors_End                            0x080001d8   Data           0  startup_stm32g431xx.o(RESET)
    __main                                   0x080001d9   Thumb Code     8  __main.o(!!!main)
    __scatterload                            0x080001e1   Thumb Code     0  __scatter.o(!!!scatter)
    __scatterload_rt2                        0x080001e1   Thumb Code    44  __scatter.o(!!!scatter)
    __scatterload_rt2_thumb_only             0x080001e1   Thumb Code     0  __scatter.o(!!!scatter)
    __scatterload_null                       0x080001ef   Thumb Code     0  __scatter.o(!!!scatter)
    __scatterload_copy                       0x08000215   Thumb Code    26  __scatter_copy.o(!!handler_copy)
    __scatterload_zeroinit                   0x08000231   Thumb Code    28  __scatter_zi.o(!!handler_zi)
    _printf_f                                0x0800024d   Thumb Code     0  _printf_f.o(.ARM.Collect$$_printf_percent$$00000003)
    _printf_percent                          0x0800024d   Thumb Code     0  _printf_percent.o(.ARM.Collect$$_printf_percent$$00000000)
    _printf_d                                0x08000253   Thumb Code     0  _printf_d.o(.ARM.Collect$$_printf_percent$$00000009)
    _printf_s                                0x08000259   Thumb Code     0  _printf_s.o(.ARM.Collect$$_printf_percent$$00000014)
    _printf_percent_end                      0x0800025f   Thumb Code     0  _printf_percent_end.o(.ARM.Collect$$_printf_percent$$00000017)
    __rt_lib_init                            0x08000263   Thumb Code     0  libinit.o(.ARM.Collect$$libinit$$00000000)
    __rt_lib_init_fp_1                       0x08000265   Thumb Code     0  libinit2.o(.ARM.Collect$$libinit$$00000001)
    __rt_lib_init_heap_1                     0x08000269   Thumb Code     0  libinit2.o(.ARM.Collect$$libinit$$0000000A)
    __rt_lib_init_lc_common                  0x08000269   Thumb Code     0  libinit2.o(.ARM.Collect$$libinit$$0000000F)
    __rt_lib_init_preinit_1                  0x08000269   Thumb Code     0  libinit2.o(.ARM.Collect$$libinit$$00000004)
    __rt_lib_init_rand_1                     0x08000269   Thumb Code     0  libinit2.o(.ARM.Collect$$libinit$$0000000E)
    __rt_lib_init_user_alloc_1               0x08000269   Thumb Code     0  libinit2.o(.ARM.Collect$$libinit$$0000000C)
    __rt_lib_init_lc_collate_1               0x0800026f   Thumb Code     0  libinit2.o(.ARM.Collect$$libinit$$00000011)
    __rt_lib_init_lc_ctype_1                 0x0800026f   Thumb Code     0  libinit2.o(.ARM.Collect$$libinit$$00000013)
    __rt_lib_init_lc_monetary_1              0x0800026f   Thumb Code     0  libinit2.o(.ARM.Collect$$libinit$$00000015)
    __rt_lib_init_lc_numeric_2               0x0800026f   Thumb Code     0  libinit2.o(.ARM.Collect$$libinit$$00000016)
    __rt_lib_init_alloca_1                   0x08000279   Thumb Code     0  libinit2.o(.ARM.Collect$$libinit$$0000002E)
    __rt_lib_init_argv_1                     0x08000279   Thumb Code     0  libinit2.o(.ARM.Collect$$libinit$$0000002C)
    __rt_lib_init_atexit_1                   0x08000279   Thumb Code     0  libinit2.o(.ARM.Collect$$libinit$$0000001B)
    __rt_lib_init_clock_1                    0x08000279   Thumb Code     0  libinit2.o(.ARM.Collect$$libinit$$00000021)
    __rt_lib_init_cpp_1                      0x08000279   Thumb Code     0  libinit2.o(.ARM.Collect$$libinit$$00000032)
    __rt_lib_init_exceptions_1               0x08000279   Thumb Code     0  libinit2.o(.ARM.Collect$$libinit$$00000030)
    __rt_lib_init_fp_trap_1                  0x08000279   Thumb Code     0  libinit2.o(.ARM.Collect$$libinit$$0000001F)
    __rt_lib_init_getenv_1                   0x08000279   Thumb Code     0  libinit2.o(.ARM.Collect$$libinit$$00000023)
    __rt_lib_init_lc_numeric_1               0x08000279   Thumb Code     0  libinit2.o(.ARM.Collect$$libinit$$00000017)
    __rt_lib_init_lc_time_1                  0x08000279   Thumb Code     0  libinit2.o(.ARM.Collect$$libinit$$00000019)
    __rt_lib_init_return                     0x08000279   Thumb Code     0  libinit2.o(.ARM.Collect$$libinit$$00000033)
    __rt_lib_init_signal_1                   0x08000279   Thumb Code     0  libinit2.o(.ARM.Collect$$libinit$$0000001D)
    __rt_lib_init_stdio_1                    0x08000279   Thumb Code     0  libinit2.o(.ARM.Collect$$libinit$$00000025)
    __rt_lib_shutdown                        0x0800027b   Thumb Code     0  libshutdown.o(.ARM.Collect$$libshutdown$$00000000)
    __rt_lib_shutdown_cpp_1                  0x0800027d   Thumb Code     0  libshutdown2.o(.ARM.Collect$$libshutdown$$00000002)
    __rt_lib_shutdown_fp_trap_1              0x0800027d   Thumb Code     0  libshutdown2.o(.ARM.Collect$$libshutdown$$00000007)
    __rt_lib_shutdown_heap_1                 0x0800027d   Thumb Code     0  libshutdown2.o(.ARM.Collect$$libshutdown$$0000000F)
    __rt_lib_shutdown_return                 0x0800027d   Thumb Code     0  libshutdown2.o(.ARM.Collect$$libshutdown$$00000010)
    __rt_lib_shutdown_signal_1               0x0800027d   Thumb Code     0  libshutdown2.o(.ARM.Collect$$libshutdown$$0000000A)
    __rt_lib_shutdown_stdio_1                0x0800027d   Thumb Code     0  libshutdown2.o(.ARM.Collect$$libshutdown$$00000004)
    __rt_lib_shutdown_user_alloc_1           0x0800027d   Thumb Code     0  libshutdown2.o(.ARM.Collect$$libshutdown$$0000000C)
    __rt_entry                               0x0800027f   Thumb Code     0  __rtentry.o(.ARM.Collect$$rtentry$$00000000)
    __rt_entry_presh_1                       0x0800027f   Thumb Code     0  __rtentry2.o(.ARM.Collect$$rtentry$$00000002)
    __rt_entry_sh                            0x0800027f   Thumb Code     0  __rtentry4.o(.ARM.Collect$$rtentry$$00000004)
    __rt_entry_li                            0x08000285   Thumb Code     0  __rtentry2.o(.ARM.Collect$$rtentry$$0000000A)
    __rt_entry_postsh_1                      0x08000285   Thumb Code     0  __rtentry2.o(.ARM.Collect$$rtentry$$00000009)
    __rt_entry_main                          0x08000289   Thumb Code     0  __rtentry2.o(.ARM.Collect$$rtentry$$0000000D)
    __rt_entry_postli_1                      0x08000289   Thumb Code     0  __rtentry2.o(.ARM.Collect$$rtentry$$0000000C)
    __rt_exit                                0x08000291   Thumb Code     0  rtexit.o(.ARM.Collect$$rtexit$$00000000)
    __rt_exit_ls                             0x08000293   Thumb Code     0  rtexit2.o(.ARM.Collect$$rtexit$$00000003)
    __rt_exit_prels_1                        0x08000293   Thumb Code     0  rtexit2.o(.ARM.Collect$$rtexit$$00000002)
    __rt_exit_exit                           0x08000297   Thumb Code     0  rtexit2.o(.ARM.Collect$$rtexit$$00000004)
    Reset_Handler                            0x0800029d   Thumb Code     8  startup_stm32g431xx.o(.text)
    ADC1_2_IRQHandler                        0x080002b7   Thumb Code     0  startup_stm32g431xx.o(.text)
    COMP1_2_3_IRQHandler                     0x080002b7   Thumb Code     0  startup_stm32g431xx.o(.text)
    COMP4_IRQHandler                         0x080002b7   Thumb Code     0  startup_stm32g431xx.o(.text)
    CORDIC_IRQHandler                        0x080002b7   Thumb Code     0  startup_stm32g431xx.o(.text)
    CRS_IRQHandler                           0x080002b7   Thumb Code     0  startup_stm32g431xx.o(.text)
    DMA1_Channel1_IRQHandler                 0x080002b7   Thumb Code     0  startup_stm32g431xx.o(.text)
    DMA1_Channel2_IRQHandler                 0x080002b7   Thumb Code     0  startup_stm32g431xx.o(.text)
    DMA1_Channel3_IRQHandler                 0x080002b7   Thumb Code     0  startup_stm32g431xx.o(.text)
    DMA1_Channel4_IRQHandler                 0x080002b7   Thumb Code     0  startup_stm32g431xx.o(.text)
    DMA1_Channel5_IRQHandler                 0x080002b7   Thumb Code     0  startup_stm32g431xx.o(.text)
    DMA1_Channel6_IRQHandler                 0x080002b7   Thumb Code     0  startup_stm32g431xx.o(.text)
    DMA2_Channel1_IRQHandler                 0x080002b7   Thumb Code     0  startup_stm32g431xx.o(.text)
    DMA2_Channel2_IRQHandler                 0x080002b7   Thumb Code     0  startup_stm32g431xx.o(.text)
    DMA2_Channel3_IRQHandler                 0x080002b7   Thumb Code     0  startup_stm32g431xx.o(.text)
    DMA2_Channel4_IRQHandler                 0x080002b7   Thumb Code     0  startup_stm32g431xx.o(.text)
    DMA2_Channel5_IRQHandler                 0x080002b7   Thumb Code     0  startup_stm32g431xx.o(.text)
    DMA2_Channel6_IRQHandler                 0x080002b7   Thumb Code     0  startup_stm32g431xx.o(.text)
    DMAMUX_OVR_IRQHandler                    0x080002b7   Thumb Code     0  startup_stm32g431xx.o(.text)
    EXTI0_IRQHandler                         0x080002b7   Thumb Code     0  startup_stm32g431xx.o(.text)
    EXTI15_10_IRQHandler                     0x080002b7   Thumb Code     0  startup_stm32g431xx.o(.text)
    EXTI1_IRQHandler                         0x080002b7   Thumb Code     0  startup_stm32g431xx.o(.text)
    EXTI2_IRQHandler                         0x080002b7   Thumb Code     0  startup_stm32g431xx.o(.text)
    EXTI3_IRQHandler                         0x080002b7   Thumb Code     0  startup_stm32g431xx.o(.text)
    EXTI4_IRQHandler                         0x080002b7   Thumb Code     0  startup_stm32g431xx.o(.text)
    EXTI9_5_IRQHandler                       0x080002b7   Thumb Code     0  startup_stm32g431xx.o(.text)
    FDCAN1_IT0_IRQHandler                    0x080002b7   Thumb Code     0  startup_stm32g431xx.o(.text)
    FDCAN1_IT1_IRQHandler                    0x080002b7   Thumb Code     0  startup_stm32g431xx.o(.text)
    FLASH_IRQHandler                         0x080002b7   Thumb Code     0  startup_stm32g431xx.o(.text)
    FMAC_IRQHandler                          0x080002b7   Thumb Code     0  startup_stm32g431xx.o(.text)
    FPU_IRQHandler                           0x080002b7   Thumb Code     0  startup_stm32g431xx.o(.text)
    I2C1_ER_IRQHandler                       0x080002b7   Thumb Code     0  startup_stm32g431xx.o(.text)
    I2C1_EV_IRQHandler                       0x080002b7   Thumb Code     0  startup_stm32g431xx.o(.text)
    I2C2_ER_IRQHandler                       0x080002b7   Thumb Code     0  startup_stm32g431xx.o(.text)
    I2C2_EV_IRQHandler                       0x080002b7   Thumb Code     0  startup_stm32g431xx.o(.text)
    I2C3_ER_IRQHandler                       0x080002b7   Thumb Code     0  startup_stm32g431xx.o(.text)
    I2C3_EV_IRQHandler                       0x080002b7   Thumb Code     0  startup_stm32g431xx.o(.text)
    LPTIM1_IRQHandler                        0x080002b7   Thumb Code     0  startup_stm32g431xx.o(.text)
    LPUART1_IRQHandler                       0x080002b7   Thumb Code     0  startup_stm32g431xx.o(.text)
    PVD_PVM_IRQHandler                       0x080002b7   Thumb Code     0  startup_stm32g431xx.o(.text)
    RCC_IRQHandler                           0x080002b7   Thumb Code     0  startup_stm32g431xx.o(.text)
    RNG_IRQHandler                           0x080002b7   Thumb Code     0  startup_stm32g431xx.o(.text)
    RTC_Alarm_IRQHandler                     0x080002b7   Thumb Code     0  startup_stm32g431xx.o(.text)
    RTC_TAMP_LSECSS_IRQHandler               0x080002b7   Thumb Code     0  startup_stm32g431xx.o(.text)
    RTC_WKUP_IRQHandler                      0x080002b7   Thumb Code     0  startup_stm32g431xx.o(.text)
    SAI1_IRQHandler                          0x080002b7   Thumb Code     0  startup_stm32g431xx.o(.text)
    SPI1_IRQHandler                          0x080002b7   Thumb Code     0  startup_stm32g431xx.o(.text)
    SPI2_IRQHandler                          0x080002b7   Thumb Code     0  startup_stm32g431xx.o(.text)
    SPI3_IRQHandler                          0x080002b7   Thumb Code     0  startup_stm32g431xx.o(.text)
    TIM1_BRK_TIM15_IRQHandler                0x080002b7   Thumb Code     0  startup_stm32g431xx.o(.text)
    TIM1_CC_IRQHandler                       0x080002b7   Thumb Code     0  startup_stm32g431xx.o(.text)
    TIM1_TRG_COM_TIM17_IRQHandler            0x080002b7   Thumb Code     0  startup_stm32g431xx.o(.text)
    TIM1_UP_TIM16_IRQHandler                 0x080002b7   Thumb Code     0  startup_stm32g431xx.o(.text)
    TIM2_IRQHandler                          0x080002b7   Thumb Code     0  startup_stm32g431xx.o(.text)
    TIM3_IRQHandler                          0x080002b7   Thumb Code     0  startup_stm32g431xx.o(.text)
    TIM4_IRQHandler                          0x080002b7   Thumb Code     0  startup_stm32g431xx.o(.text)
    TIM6_DAC_IRQHandler                      0x080002b7   Thumb Code     0  startup_stm32g431xx.o(.text)
    TIM7_IRQHandler                          0x080002b7   Thumb Code     0  startup_stm32g431xx.o(.text)
    TIM8_BRK_IRQHandler                      0x080002b7   Thumb Code     0  startup_stm32g431xx.o(.text)
    TIM8_CC_IRQHandler                       0x080002b7   Thumb Code     0  startup_stm32g431xx.o(.text)
    TIM8_TRG_COM_IRQHandler                  0x080002b7   Thumb Code     0  startup_stm32g431xx.o(.text)
    TIM8_UP_IRQHandler                       0x080002b7   Thumb Code     0  startup_stm32g431xx.o(.text)
    UART4_IRQHandler                         0x080002b7   Thumb Code     0  startup_stm32g431xx.o(.text)
    UCPD1_IRQHandler                         0x080002b7   Thumb Code     0  startup_stm32g431xx.o(.text)
    USART1_IRQHandler                        0x080002b7   Thumb Code     0  startup_stm32g431xx.o(.text)
    USART2_IRQHandler                        0x080002b7   Thumb Code     0  startup_stm32g431xx.o(.text)
    USART3_IRQHandler                        0x080002b7   Thumb Code     0  startup_stm32g431xx.o(.text)
    USBWakeUp_IRQHandler                     0x080002b7   Thumb Code     0  startup_stm32g431xx.o(.text)
    USB_HP_IRQHandler                        0x080002b7   Thumb Code     0  startup_stm32g431xx.o(.text)
    USB_LP_IRQHandler                        0x080002b7   Thumb Code     0  startup_stm32g431xx.o(.text)
    WWDG_IRQHandler                          0x080002b7   Thumb Code     0  startup_stm32g431xx.o(.text)
    __user_initial_stackheap                 0x080002b9   Thumb Code     0  startup_stm32g431xx.o(.text)
    __aeabi_uldivmod                         0x080002dd   Thumb Code     0  lludivv7m.o(.text)
    _ll_udiv                                 0x080002dd   Thumb Code   238  lludivv7m.o(.text)
    __2sprintf                               0x080003cd   Thumb Code    34  noretval__2sprintf.o(.text)
    __2snprintf                              0x080003f5   Thumb Code    48  noretval__2snprintf.o(.text)
    _printf_pre_padding                      0x08000429   Thumb Code    44  _printf_pad.o(.text)
    _printf_post_padding                     0x08000455   Thumb Code    34  _printf_pad.o(.text)
    _printf_str                              0x08000477   Thumb Code    82  _printf_str.o(.text)
    _printf_int_dec                          0x080004c9   Thumb Code   104  _printf_dec.o(.text)
    __printf                                 0x08000541   Thumb Code   270  __printf_wp.o(.text)
    strlen                                   0x0800064f   Thumb Code    62  strlen.o(.text)
    __aeabi_memclr4                          0x0800068d   Thumb Code     0  rt_memclr_w.o(.text)
    __aeabi_memclr8                          0x0800068d   Thumb Code     0  rt_memclr_w.o(.text)
    __rt_memclr_w                            0x0800068d   Thumb Code    78  rt_memclr_w.o(.text)
    _memset_w                                0x08000691   Thumb Code     0  rt_memclr_w.o(.text)
    __use_two_region_memory                  0x080006db   Thumb Code     2  heapauxi.o(.text)
    __rt_heap_escrow$2region                 0x080006dd   Thumb Code     2  heapauxi.o(.text)
    __rt_heap_expand$2region                 0x080006df   Thumb Code     2  heapauxi.o(.text)
    _printf_int_common                       0x080006e1   Thumb Code   178  _printf_intcommon.o(.text)
    __lib_sel_fp_printf                      0x08000793   Thumb Code     2  _printf_fp_dec.o(.text)
    _printf_fp_dec_real                      0x08000945   Thumb Code   620  _printf_fp_dec.o(.text)
    _printf_char_common                      0x08000bbb   Thumb Code    32  _printf_char_common.o(.text)
    _sputc                                   0x08000be1   Thumb Code    10  _sputc.o(.text)
    _snputc                                  0x08000beb   Thumb Code    16  _snputc.o(.text)
    _printf_cs_common                        0x08000bfb   Thumb Code    20  _printf_char.o(.text)
    _printf_char                             0x08000c0f   Thumb Code    16  _printf_char.o(.text)
    _printf_string                           0x08000c1f   Thumb Code     8  _printf_char.o(.text)
    __rt_locale                              0x08000c29   Thumb Code     8  rt_locale_intlibspace.o(.text)
    _ll_udiv10                               0x08000c31   Thumb Code   138  lludiv10.o(.text)
    _printf_fp_infnan                        0x08000cbd   Thumb Code   112  _printf_fp_infnan.o(.text)
    _btod_etento                             0x08000d3d   Thumb Code   224  bigflt0.o(.text)
    __user_libspace                          0x08000e21   Thumb Code     8  libspace.o(.text)
    __user_perproc_libspace                  0x08000e21   Thumb Code     0  libspace.o(.text)
    __user_perthread_libspace                0x08000e21   Thumb Code     0  libspace.o(.text)
    __user_setup_stackheap                   0x08000e29   Thumb Code    74  sys_stackheap_outer.o(.text)
    exit                                     0x08000e73   Thumb Code    18  exit.o(.text)
    strcmp                                   0x08000e85   Thumb Code   128  strcmpv7m.o(.text)
    _sys_exit                                0x08000f05   Thumb Code     8  sys_exit.o(.text)
    __I$use$semihosting                      0x08000f11   Thumb Code     0  use_no_semi.o(.text)
    __use_no_semihosting_swi                 0x08000f11   Thumb Code     2  use_no_semi.o(.text)
    __semihosting_library_function           0x08000f13   Thumb Code     0  indicate_semi.o(.text)
    _btod_d2e                                0x08000f13   Thumb Code    62  btod.o(CL$$btod_d2e)
    _d2e_denorm_low                          0x08000f51   Thumb Code    70  btod.o(CL$$btod_d2e_denorm_low)
    _d2e_norm_op1                            0x08000f97   Thumb Code    96  btod.o(CL$$btod_d2e_norm_op1)
    __btod_div_common                        0x08000ff7   Thumb Code   696  btod.o(CL$$btod_div_common)
    _e2e                                     0x0800132f   Thumb Code   220  btod.o(CL$$btod_e2e)
    _btod_ediv                               0x0800140b   Thumb Code    42  btod.o(CL$$btod_ediv)
    _btod_emul                               0x08001435   Thumb Code    42  btod.o(CL$$btod_emul)
    __btod_mult_common                       0x0800145f   Thumb Code   580  btod.o(CL$$btod_mult_common)
    ADC_Enable                               0x080016a5   Thumb Code   154  stm32g4xx_hal_adc.o(i.ADC_Enable)
    Adc_Pro                                  0x08001751   Thumb Code    76  main.o(i.Adc_Pro)
    App_Low4Blink                            0x080017b9   Thumb Code    30  main.o(i.App_Low4Blink)
    BusFault_Handler                         0x080017e1   Thumb Code     2  stm32g4xx_it.o(i.BusFault_Handler)
    DebugMon_Handler                         0x080017e3   Thumb Code     2  stm32g4xx_it.o(i.DebugMon_Handler)
    Delay_LCD                                0x080017e5   Thumb Code    28  lcd.o(i.Delay_LCD)
    Error_Handler                            0x08001801   Thumb Code     4  main.o(i.Error_Handler)
    HAL_ADC_ConfigChannel                    0x08001805   Thumb Code  1006  stm32g4xx_hal_adc.o(i.HAL_ADC_ConfigChannel)
    HAL_ADC_GetValue                         0x08001c29   Thumb Code     6  stm32g4xx_hal_adc.o(i.HAL_ADC_GetValue)
    HAL_ADC_Init                             0x08001c31   Thumb Code   466  stm32g4xx_hal_adc.o(i.HAL_ADC_Init)
    HAL_ADC_MspInit                          0x08001e25   Thumb Code   106  adc.o(i.HAL_ADC_MspInit)
    HAL_ADC_PollForConversion                0x08001e9d   Thumb Code   242  stm32g4xx_hal_adc.o(i.HAL_ADC_PollForConversion)
    HAL_ADC_Start                            0x08001f99   Thumb Code   230  stm32g4xx_hal_adc.o(i.HAL_ADC_Start)
    HAL_Delay                                0x0800208d   Thumb Code    32  stm32g4xx_hal.o(i.HAL_Delay)
    HAL_GPIO_Init                            0x080020b1   Thumb Code   550  stm32g4xx_hal_gpio.o(i.HAL_GPIO_Init)
    HAL_GPIO_ReadPin                         0x080022f9   Thumb Code    10  stm32g4xx_hal_gpio.o(i.HAL_GPIO_ReadPin)
    HAL_GPIO_WritePin                        0x08002303   Thumb Code    10  stm32g4xx_hal_gpio.o(i.HAL_GPIO_WritePin)
    HAL_GetTick                              0x0800230d   Thumb Code     6  stm32g4xx_hal.o(i.HAL_GetTick)
    HAL_IncTick                              0x08002319   Thumb Code    12  stm32g4xx_hal.o(i.HAL_IncTick)
    HAL_Init                                 0x08002329   Thumb Code    30  stm32g4xx_hal.o(i.HAL_Init)
    HAL_InitTick                             0x08002349   Thumb Code    58  stm32g4xx_hal.o(i.HAL_InitTick)
    HAL_MspInit                              0x0800238d   Thumb Code    42  stm32g4xx_hal_msp.o(i.HAL_MspInit)
    HAL_NVIC_SetPriority                     0x080023bd   Thumb Code    60  stm32g4xx_hal_cortex.o(i.HAL_NVIC_SetPriority)
    HAL_NVIC_SetPriorityGrouping             0x080023fd   Thumb Code    26  stm32g4xx_hal_cortex.o(i.HAL_NVIC_SetPriorityGrouping)
    HAL_PWREx_ControlVoltageScaling          0x08002421   Thumb Code   174  stm32g4xx_hal_pwr_ex.o(i.HAL_PWREx_ControlVoltageScaling)
    HAL_PWREx_DisableUCPDDeadBattery         0x080024dd   Thumb Code    12  stm32g4xx_hal_pwr_ex.o(i.HAL_PWREx_DisableUCPDDeadBattery)
    HAL_RCCEx_PeriphCLKConfig                0x080024ed   Thumb Code   638  stm32g4xx_hal_rcc_ex.o(i.HAL_RCCEx_PeriphCLKConfig)
    HAL_RCC_ClockConfig                      0x08002775   Thumb Code   444  stm32g4xx_hal_rcc.o(i.HAL_RCC_ClockConfig)
    HAL_RCC_GetPCLK1Freq                     0x08002951   Thumb Code    24  stm32g4xx_hal_rcc.o(i.HAL_RCC_GetPCLK1Freq)
    HAL_RCC_GetPCLK2Freq                     0x08002975   Thumb Code    24  stm32g4xx_hal_rcc.o(i.HAL_RCC_GetPCLK2Freq)
    HAL_RCC_GetSysClockFreq                  0x08002999   Thumb Code    98  stm32g4xx_hal_rcc.o(i.HAL_RCC_GetSysClockFreq)
    HAL_RCC_OscConfig                        0x08002a09   Thumb Code  1028  stm32g4xx_hal_rcc.o(i.HAL_RCC_OscConfig)
    HAL_SYSTICK_Config                       0x08002e0d   Thumb Code    40  stm32g4xx_hal_cortex.o(i.HAL_SYSTICK_Config)
    HAL_UARTEx_DisableFifoMode               0x08002e35   Thumb Code    62  stm32g4xx_hal_uart_ex.o(i.HAL_UARTEx_DisableFifoMode)
    HAL_UARTEx_SetRxFifoThreshold            0x08002e73   Thumb Code    76  stm32g4xx_hal_uart_ex.o(i.HAL_UARTEx_SetRxFifoThreshold)
    HAL_UARTEx_SetTxFifoThreshold            0x08002ebf   Thumb Code    76  stm32g4xx_hal_uart_ex.o(i.HAL_UARTEx_SetTxFifoThreshold)
    HAL_UART_Init                            0x08002f0b   Thumb Code   106  stm32g4xx_hal_uart.o(i.HAL_UART_Init)
    HAL_UART_MspInit                         0x08002f75   Thumb Code   116  usart.o(i.HAL_UART_MspInit)
    HardFault_Handler                        0x08002ff1   Thumb Code     2  stm32g4xx_it.o(i.HardFault_Handler)
    Key_Pro                                  0x08002ff5   Thumb Code   672  main.o(i.Key_Pro)
    LCD_BusIn                                0x080032b5   Thumb Code    40  lcd.o(i.LCD_BusIn)
    LCD_BusOut                               0x080032e1   Thumb Code    42  lcd.o(i.LCD_BusOut)
    LCD_Clear                                0x08003311   Thumb Code    36  lcd.o(i.LCD_Clear)
    LCD_ClearLine                            0x08003335   Thumb Code     6  lcd.o(i.LCD_ClearLine)
    LCD_CtrlLinesConfig                      0x08003355   Thumb Code   136  lcd.o(i.LCD_CtrlLinesConfig)
    LCD_DisplayChar                          0x080033e5   Thumb Code    18  lcd.o(i.LCD_DisplayChar)
    LCD_DisplayStringLine                    0x080033fd   Thumb Code    42  lcd.o(i.LCD_DisplayStringLine)
    LCD_DrawChar                             0x08003429   Thumb Code    84  lcd.o(i.LCD_DrawChar)
    LCD_HighlightLine                        0x08003481   Thumb Code   150  lcd.o(i.LCD_HighlightLine)
    LCD_HighlightLineDefault                 0x08003531   Thumb Code    10  lcd.o(i.LCD_HighlightLineDefault)
    LCD_Init                                 0x0800353d   Thumb Code    46  lcd.o(i.LCD_Init)
    LCD_ReadReg                              0x08003571   Thumb Code   120  lcd.o(i.LCD_ReadReg)
    LCD_SetCursor                            0x080035f1   Thumb Code    24  lcd.o(i.LCD_SetCursor)
    LCD_WriteRAM                             0x08003609   Thumb Code    80  lcd.o(i.LCD_WriteRAM)
    LCD_WriteRAM_Prepare                     0x08003661   Thumb Code    82  lcd.o(i.LCD_WriteRAM_Prepare)
    LCD_WriteReg                             0x080036bd   Thumb Code   100  lcd.o(i.LCD_WriteReg)
    LED_Disp                                 0x08003729   Thumb Code    76  main.o(i.LED_Disp)
    Lcd_Pro                                  0x080037d9   Thumb Code   464  main.o(i.Lcd_Pro)
    MX_ADC2_Init                             0x080039e9   Thumb Code   110  adc.o(i.MX_ADC2_Init)
    MX_GPIO_Init                             0x08003a65   Thumb Code   194  gpio.o(i.MX_GPIO_Init)
    MX_USART1_UART_Init                      0x08003b39   Thumb Code    94  usart.o(i.MX_USART1_UART_Init)
    MemManage_Handler                        0x08003ba1   Thumb Code     2  stm32g4xx_it.o(i.MemManage_Handler)
    NMI_Handler                              0x08003ba3   Thumb Code     2  stm32g4xx_it.o(i.NMI_Handler)
    PendSV_Handler                           0x08003ba5   Thumb Code     2  stm32g4xx_it.o(i.PendSV_Handler)
    REG_8230_Init                            0x08003ba7   Thumb Code   274  lcd.o(i.REG_8230_Init)
    REG_932X_Init                            0x08003cb9   Thumb Code   514  lcd.o(i.REG_932X_Init)
    SVC_Handler                              0x08003ebb   Thumb Code     2  stm32g4xx_it.o(i.SVC_Handler)
    SysTick_Handler                          0x08003ebd   Thumb Code     4  stm32g4xx_it.o(i.SysTick_Handler)
    SystemClock_Config                       0x08003ec1   Thumb Code   102  main.o(i.SystemClock_Config)
    SystemInit                               0x08003f29   Thumb Code    12  system_stm32g4xx.o(i.SystemInit)
    UART_AdvFeatureConfig                    0x08003f7d   Thumb Code   200  stm32g4xx_hal_uart.o(i.UART_AdvFeatureConfig)
    UART_CheckIdleState                      0x08004045   Thumb Code   172  stm32g4xx_hal_uart.o(i.UART_CheckIdleState)
    UART_SetConfig                           0x08004145   Thumb Code   582  stm32g4xx_hal_uart.o(i.UART_SetConfig)
    UART_WaitOnFlagUntilTimeout              0x080043b9   Thumb Code   148  stm32g4xx_hal_uart.o(i.UART_WaitOnFlagUntilTimeout)
    UsageFault_Handler                       0x0800444d   Thumb Code     2  stm32g4xx_it.o(i.UsageFault_Handler)
    __ARM_fpclassify                         0x0800444f   Thumb Code    48  fpclassify.o(i.__ARM_fpclassify)
    _is_digit                                0x0800449f   Thumb Code    14  __printf_wp.o(i._is_digit)
    key_scanf                                0x080044ad   Thumb Code   226  gpio.o(i.key_scanf)
    lcd_middledisplay                        0x08004599   Thumb Code    54  main.o(i.lcd_middledisplay)
    main                                     0x080045e5   Thumb Code   130  main.o(i.main)
    _get_lc_numeric                          0x0800466d   Thumb Code    44  lc_numeric_c.o(locale$$code)
    __aeabi_dadd                             0x08004699   Thumb Code     0  daddsub_clz.o(x$fpl$dadd)
    _dadd                                    0x08004699   Thumb Code   332  daddsub_clz.o(x$fpl$dadd)
    __fpl_dcmp_Inf                           0x080047e9   Thumb Code    24  dcmpi.o(x$fpl$dcmpinf)
    __aeabi_ui2d                             0x08004801   Thumb Code     0  dflt_clz.o(x$fpl$dfltu)
    _dfltu                                   0x08004801   Thumb Code    38  dflt_clz.o(x$fpl$dfltu)
    __aeabi_cdcmple                          0x08004829   Thumb Code     0  dleqf.o(x$fpl$dleqf)
    _dcmple                                  0x08004829   Thumb Code   120  dleqf.o(x$fpl$dleqf)
    __fpl_dcmple_InfNaN                      0x0800488b   Thumb Code     0  dleqf.o(x$fpl$dleqf)
    __aeabi_dmul                             0x080048a1   Thumb Code     0  dmul.o(x$fpl$dmul)
    _dmul                                    0x080048a1   Thumb Code   332  dmul.o(x$fpl$dmul)
    __fpl_dnaninf                            0x080049f5   Thumb Code   156  dnaninf.o(x$fpl$dnaninf)
    __fpl_dretinf                            0x08004a91   Thumb Code    12  dretinf.o(x$fpl$dretinf)
    __aeabi_cdrcmple                         0x08004a9d   Thumb Code     0  drleqf.o(x$fpl$drleqf)
    _drcmple                                 0x08004a9d   Thumb Code   108  drleqf.o(x$fpl$drleqf)
    __aeabi_dsub                             0x08004b09   Thumb Code     0  daddsub_clz.o(x$fpl$dsub)
    _dsub                                    0x08004b09   Thumb Code   464  daddsub_clz.o(x$fpl$dsub)
    _fp_init                                 0x08004cdd   Thumb Code    10  fpinit.o(x$fpl$fpinit)
    __fplib_config_fpu_vfp                   0x08004ce5   Thumb Code     0  fpinit.o(x$fpl$fpinit)
    __fplib_config_pureend_doubles           0x08004ce5   Thumb Code     0  fpinit.o(x$fpl$fpinit)
    _printf_fp_dec                           0x08004ce7   Thumb Code     4  printf1.o(x$fpl$printf1)
    ASCII_Table                              0x08004cea   Data        4560  lcd.o(.constdata)
    __I$use$fp                               0x08004cea   Number         0  usenofp.o(x$fpl$usenofp)
    UARTPrescTable                           0x08005eba   Data          24  stm32g4xx_hal_uart.o(.constdata)
    AHBPrescTable                            0x08005ee2   Data          16  system_stm32g4xx.o(.constdata)
    APBPrescTable                            0x08005ef2   Data           8  system_stm32g4xx.o(.constdata)
    Region$$Table$$Base                      0x08005fc0   Number         0  anon$$obj.o(Region$$Table)
    Region$$Table$$Limit                     0x08005fe0   Number         0  anon$$obj.o(Region$$Table)
    dummy                                    0x20000004   Data           2  lcd.o(.data)
    blink_state                              0x20000008   Data           1  main.o(.data)
    blink_mask                               0x20000009   Data           1  main.o(.data)
    blink_mask1                              0x2000000a   Data           1  main.o(.data)
    KeyValue                                 0x2000000b   Data           1  main.o(.data)
    KeyState                                 0x2000000c   Data           1  main.o(.data)
    LcdState                                 0x20000010   Data           4  main.o(.data)
    select                                   0x20000014   Data           4  main.o(.data)
    upper_lcd                                0x20000018   Data           4  main.o(.data)
    lower_lcd                                0x2000001c   Data           4  main.o(.data)
    text                                     0x20000020   Data           4  main.o(.data)
    text1                                    0x20000024   Data           4  main.o(.data)
    upper                                    0x20000028   Data           4  main.o(.data)
    lower                                    0x2000002c   Data           4  main.o(.data)
    uwTick_Lcd                               0x20000030   Data           4  main.o(.data)
    uwTick_Key                               0x20000034   Data           4  main.o(.data)
    uwTick_Adc                               0x20000038   Data           4  main.o(.data)
    blink_timer                              0x2000003c   Data           4  main.o(.data)
    voltage                                  0x20000040   Data           8  main.o(.data)
    voltage_max                              0x20000048   Data           8  main.o(.data)
    voltage_min                              0x20000050   Data           8  main.o(.data)
    uwTickPrio                               0x2000005c   Data           4  stm32g4xx_hal.o(.data)
    uwTickFreq                               0x20000060   Data           4  stm32g4xx_hal.o(.data)
    uwTick                                   0x20000064   Data           4  stm32g4xx_hal.o(.data)
    SystemCoreClock                          0x20000068   Data           4  system_stm32g4xx.o(.data)
    buffer1                                  0x2000006c   Data          20  lcd.o(.bss)
    LineString                               0x20000080   Data        1000  main.o(.bss)
    LineString1                              0x20000468   Data        1000  main.o(.bss)
    LineString2                              0x20000850   Data        1000  main.o(.bss)
    LineString3                              0x20000c38   Data        1000  main.o(.bss)
    LineString4                              0x20001020   Data        1000  main.o(.bss)
    buffer                                   0x20001408   Data          20  main.o(.bss)
    hadc2                                    0x2000141c   Data         108  adc.o(.bss)
    huart1                                   0x20001488   Data         148  usart.o(.bss)
    __libspace_start                         0x2000151c   Data          96  libspace.o(.bss)
    __temporary_stack_top$libspace           0x2000157c   Data           0  libspace.o(.bss)



==============================================================================

Memory Map of the image

  Image Entry point : 0x080001d9

  Load Region LR_IROM1 (Base: 0x08000000, Size: 0x00006068, Max: 0x00020000, ABSOLUTE)

    Execution Region ER_IROM1 (Exec base: 0x08000000, Load base: 0x08000000, Size: 0x00005ffc, Max: 0x00020000, ABSOLUTE)

    Exec Addr    Load Addr    Size         Type   Attr      Idx    E Section Name        Object

    0x08000000   0x08000000   0x000001d8   Data   RO            3    RESET               startup_stm32g431xx.o
    0x080001d8   0x080001d8   0x00000008   Code   RO         3226  * !!!main             c_w.l(__main.o)
    0x080001e0   0x080001e0   0x00000034   Code   RO         3478    !!!scatter          c_w.l(__scatter.o)
    0x08000214   0x08000214   0x0000001a   Code   RO         3480    !!handler_copy      c_w.l(__scatter_copy.o)
    0x0800022e   0x0800022e   0x00000002   PAD
    0x08000230   0x08000230   0x0000001c   Code   RO         3482    !!handler_zi        c_w.l(__scatter_zi.o)
    0x0800024c   0x0800024c   0x00000000   Code   RO         3219    .ARM.Collect$$_printf_percent$$00000000  c_w.l(_printf_percent.o)
    0x0800024c   0x0800024c   0x00000006   Code   RO         3218    .ARM.Collect$$_printf_percent$$00000003  c_w.l(_printf_f.o)
    0x08000252   0x08000252   0x00000006   Code   RO         3217    .ARM.Collect$$_printf_percent$$00000009  c_w.l(_printf_d.o)
    0x08000258   0x08000258   0x00000006   Code   RO         3216    .ARM.Collect$$_printf_percent$$00000014  c_w.l(_printf_s.o)
    0x0800025e   0x0800025e   0x00000004   Code   RO         3265    .ARM.Collect$$_printf_percent$$00000017  c_w.l(_printf_percent_end.o)
    0x08000262   0x08000262   0x00000002   Code   RO         3351    .ARM.Collect$$libinit$$00000000  c_w.l(libinit.o)
    0x08000264   0x08000264   0x00000004   Code   RO         3352    .ARM.Collect$$libinit$$00000001  c_w.l(libinit2.o)
    0x08000268   0x08000268   0x00000000   Code   RO         3355    .ARM.Collect$$libinit$$00000004  c_w.l(libinit2.o)
    0x08000268   0x08000268   0x00000000   Code   RO         3358    .ARM.Collect$$libinit$$0000000A  c_w.l(libinit2.o)
    0x08000268   0x08000268   0x00000000   Code   RO         3360    .ARM.Collect$$libinit$$0000000C  c_w.l(libinit2.o)
    0x08000268   0x08000268   0x00000000   Code   RO         3362    .ARM.Collect$$libinit$$0000000E  c_w.l(libinit2.o)
    0x08000268   0x08000268   0x00000006   Code   RO         3363    .ARM.Collect$$libinit$$0000000F  c_w.l(libinit2.o)
    0x0800026e   0x0800026e   0x00000000   Code   RO         3365    .ARM.Collect$$libinit$$00000011  c_w.l(libinit2.o)
    0x0800026e   0x0800026e   0x00000000   Code   RO         3367    .ARM.Collect$$libinit$$00000013  c_w.l(libinit2.o)
    0x0800026e   0x0800026e   0x00000000   Code   RO         3369    .ARM.Collect$$libinit$$00000015  c_w.l(libinit2.o)
    0x0800026e   0x0800026e   0x0000000a   Code   RO         3370    .ARM.Collect$$libinit$$00000016  c_w.l(libinit2.o)
    0x08000278   0x08000278   0x00000000   Code   RO         3371    .ARM.Collect$$libinit$$00000017  c_w.l(libinit2.o)
    0x08000278   0x08000278   0x00000000   Code   RO         3373    .ARM.Collect$$libinit$$00000019  c_w.l(libinit2.o)
    0x08000278   0x08000278   0x00000000   Code   RO         3375    .ARM.Collect$$libinit$$0000001B  c_w.l(libinit2.o)
    0x08000278   0x08000278   0x00000000   Code   RO         3377    .ARM.Collect$$libinit$$0000001D  c_w.l(libinit2.o)
    0x08000278   0x08000278   0x00000000   Code   RO         3379    .ARM.Collect$$libinit$$0000001F  c_w.l(libinit2.o)
    0x08000278   0x08000278   0x00000000   Code   RO         3381    .ARM.Collect$$libinit$$00000021  c_w.l(libinit2.o)
    0x08000278   0x08000278   0x00000000   Code   RO         3383    .ARM.Collect$$libinit$$00000023  c_w.l(libinit2.o)
    0x08000278   0x08000278   0x00000000   Code   RO         3385    .ARM.Collect$$libinit$$00000025  c_w.l(libinit2.o)
    0x08000278   0x08000278   0x00000000   Code   RO         3389    .ARM.Collect$$libinit$$0000002C  c_w.l(libinit2.o)
    0x08000278   0x08000278   0x00000000   Code   RO         3391    .ARM.Collect$$libinit$$0000002E  c_w.l(libinit2.o)
    0x08000278   0x08000278   0x00000000   Code   RO         3393    .ARM.Collect$$libinit$$00000030  c_w.l(libinit2.o)
    0x08000278   0x08000278   0x00000000   Code   RO         3395    .ARM.Collect$$libinit$$00000032  c_w.l(libinit2.o)
    0x08000278   0x08000278   0x00000002   Code   RO         3396    .ARM.Collect$$libinit$$00000033  c_w.l(libinit2.o)
    0x0800027a   0x0800027a   0x00000002   Code   RO         3443    .ARM.Collect$$libshutdown$$00000000  c_w.l(libshutdown.o)
    0x0800027c   0x0800027c   0x00000000   Code   RO         3461    .ARM.Collect$$libshutdown$$00000002  c_w.l(libshutdown2.o)
    0x0800027c   0x0800027c   0x00000000   Code   RO         3463    .ARM.Collect$$libshutdown$$00000004  c_w.l(libshutdown2.o)
    0x0800027c   0x0800027c   0x00000000   Code   RO         3466    .ARM.Collect$$libshutdown$$00000007  c_w.l(libshutdown2.o)
    0x0800027c   0x0800027c   0x00000000   Code   RO         3469    .ARM.Collect$$libshutdown$$0000000A  c_w.l(libshutdown2.o)
    0x0800027c   0x0800027c   0x00000000   Code   RO         3471    .ARM.Collect$$libshutdown$$0000000C  c_w.l(libshutdown2.o)
    0x0800027c   0x0800027c   0x00000000   Code   RO         3474    .ARM.Collect$$libshutdown$$0000000F  c_w.l(libshutdown2.o)
    0x0800027c   0x0800027c   0x00000002   Code   RO         3475    .ARM.Collect$$libshutdown$$00000010  c_w.l(libshutdown2.o)
    0x0800027e   0x0800027e   0x00000000   Code   RO         3248    .ARM.Collect$$rtentry$$00000000  c_w.l(__rtentry.o)
    0x0800027e   0x0800027e   0x00000000   Code   RO         3274    .ARM.Collect$$rtentry$$00000002  c_w.l(__rtentry2.o)
    0x0800027e   0x0800027e   0x00000006   Code   RO         3286    .ARM.Collect$$rtentry$$00000004  c_w.l(__rtentry4.o)
    0x08000284   0x08000284   0x00000000   Code   RO         3276    .ARM.Collect$$rtentry$$00000009  c_w.l(__rtentry2.o)
    0x08000284   0x08000284   0x00000004   Code   RO         3277    .ARM.Collect$$rtentry$$0000000A  c_w.l(__rtentry2.o)
    0x08000288   0x08000288   0x00000000   Code   RO         3279    .ARM.Collect$$rtentry$$0000000C  c_w.l(__rtentry2.o)
    0x08000288   0x08000288   0x00000008   Code   RO         3280    .ARM.Collect$$rtentry$$0000000D  c_w.l(__rtentry2.o)
    0x08000290   0x08000290   0x00000002   Code   RO         3397    .ARM.Collect$$rtexit$$00000000  c_w.l(rtexit.o)
    0x08000292   0x08000292   0x00000000   Code   RO         3412    .ARM.Collect$$rtexit$$00000002  c_w.l(rtexit2.o)
    0x08000292   0x08000292   0x00000004   Code   RO         3413    .ARM.Collect$$rtexit$$00000003  c_w.l(rtexit2.o)
    0x08000296   0x08000296   0x00000006   Code   RO         3414    .ARM.Collect$$rtexit$$00000004  c_w.l(rtexit2.o)
    0x0800029c   0x0800029c   0x00000040   Code   RO            4    .text               startup_stm32g431xx.o
    0x080002dc   0x080002dc   0x000000ee   Code   RO         3178    .text               c_w.l(lludivv7m.o)
    0x080003ca   0x080003ca   0x00000002   PAD
    0x080003cc   0x080003cc   0x00000028   Code   RO         3184    .text               c_w.l(noretval__2sprintf.o)
    0x080003f4   0x080003f4   0x00000034   Code   RO         3186    .text               c_w.l(noretval__2snprintf.o)
    0x08000428   0x08000428   0x0000004e   Code   RO         3190    .text               c_w.l(_printf_pad.o)
    0x08000476   0x08000476   0x00000052   Code   RO         3192    .text               c_w.l(_printf_str.o)
    0x080004c8   0x080004c8   0x00000078   Code   RO         3194    .text               c_w.l(_printf_dec.o)
    0x08000540   0x08000540   0x0000010e   Code   RO         3204    .text               c_w.l(__printf_wp.o)
    0x0800064e   0x0800064e   0x0000003e   Code   RO         3220    .text               c_w.l(strlen.o)
    0x0800068c   0x0800068c   0x0000004e   Code   RO         3222    .text               c_w.l(rt_memclr_w.o)
    0x080006da   0x080006da   0x00000006   Code   RO         3224    .text               c_w.l(heapauxi.o)
    0x080006e0   0x080006e0   0x000000b2   Code   RO         3253    .text               c_w.l(_printf_intcommon.o)
    0x08000792   0x08000792   0x0000041e   Code   RO         3255    .text               c_w.l(_printf_fp_dec.o)
    0x08000bb0   0x08000bb0   0x00000030   Code   RO         3257    .text               c_w.l(_printf_char_common.o)
    0x08000be0   0x08000be0   0x0000000a   Code   RO         3259    .text               c_w.l(_sputc.o)
    0x08000bea   0x08000bea   0x00000010   Code   RO         3261    .text               c_w.l(_snputc.o)
    0x08000bfa   0x08000bfa   0x0000002c   Code   RO         3263    .text               c_w.l(_printf_char.o)
    0x08000c26   0x08000c26   0x00000002   PAD
    0x08000c28   0x08000c28   0x00000008   Code   RO         3293    .text               c_w.l(rt_locale_intlibspace.o)
    0x08000c30   0x08000c30   0x0000008a   Code   RO         3295    .text               c_w.l(lludiv10.o)
    0x08000cba   0x08000cba   0x00000002   PAD
    0x08000cbc   0x08000cbc   0x00000080   Code   RO         3297    .text               c_w.l(_printf_fp_infnan.o)
    0x08000d3c   0x08000d3c   0x000000e4   Code   RO         3301    .text               c_w.l(bigflt0.o)
    0x08000e20   0x08000e20   0x00000008   Code   RO         3333    .text               c_w.l(libspace.o)
    0x08000e28   0x08000e28   0x0000004a   Code   RO         3336    .text               c_w.l(sys_stackheap_outer.o)
    0x08000e72   0x08000e72   0x00000012   Code   RO         3338    .text               c_w.l(exit.o)
    0x08000e84   0x08000e84   0x00000080   Code   RO         3344    .text               c_w.l(strcmpv7m.o)
    0x08000f04   0x08000f04   0x0000000c   Code   RO         3409    .text               c_w.l(sys_exit.o)
    0x08000f10   0x08000f10   0x00000002   Code   RO         3430    .text               c_w.l(use_no_semi.o)
    0x08000f12   0x08000f12   0x00000000   Code   RO         3432    .text               c_w.l(indicate_semi.o)
    0x08000f12   0x08000f12   0x0000003e   Code   RO         3304    CL$$btod_d2e        c_w.l(btod.o)
    0x08000f50   0x08000f50   0x00000046   Code   RO         3306    CL$$btod_d2e_denorm_low  c_w.l(btod.o)
    0x08000f96   0x08000f96   0x00000060   Code   RO         3305    CL$$btod_d2e_norm_op1  c_w.l(btod.o)
    0x08000ff6   0x08000ff6   0x00000338   Code   RO         3314    CL$$btod_div_common  c_w.l(btod.o)
    0x0800132e   0x0800132e   0x000000dc   Code   RO         3311    CL$$btod_e2e        c_w.l(btod.o)
    0x0800140a   0x0800140a   0x0000002a   Code   RO         3308    CL$$btod_ediv       c_w.l(btod.o)
    0x08001434   0x08001434   0x0000002a   Code   RO         3307    CL$$btod_emul       c_w.l(btod.o)
    0x0800145e   0x0800145e   0x00000244   Code   RO         3313    CL$$btod_mult_common  c_w.l(btod.o)
    0x080016a2   0x080016a2   0x00000002   PAD
    0x080016a4   0x080016a4   0x000000ac   Code   RO          656    i.ADC_Enable        stm32g4xx_hal_adc.o
    0x08001750   0x08001750   0x00000068   Code   RO          345    i.Adc_Pro           main.o
    0x080017b8   0x080017b8   0x00000028   Code   RO          346    i.App_Low4Blink     main.o
    0x080017e0   0x080017e0   0x00000002   Code   RO          552    i.BusFault_Handler  stm32g4xx_it.o
    0x080017e2   0x080017e2   0x00000002   Code   RO          553    i.DebugMon_Handler  stm32g4xx_it.o
    0x080017e4   0x080017e4   0x0000001c   Code   RO           13    i.Delay_LCD         lcd.o
    0x08001800   0x08001800   0x00000004   Code   RO          347    i.Error_Handler     main.o
    0x08001804   0x08001804   0x00000424   Code   RO          658    i.HAL_ADC_ConfigChannel  stm32g4xx_hal_adc.o
    0x08001c28   0x08001c28   0x00000006   Code   RO          665    i.HAL_ADC_GetValue  stm32g4xx_hal_adc.o
    0x08001c2e   0x08001c2e   0x00000002   PAD
    0x08001c30   0x08001c30   0x000001f4   Code   RO          667    i.HAL_ADC_Init      stm32g4xx_hal_adc.o
    0x08001e24   0x08001e24   0x00000078   Code   RO          469    i.HAL_ADC_MspInit   adc.o
    0x08001e9c   0x08001e9c   0x000000fc   Code   RO          671    i.HAL_ADC_PollForConversion  stm32g4xx_hal_adc.o
    0x08001f98   0x08001f98   0x000000f4   Code   RO          673    i.HAL_ADC_Start     stm32g4xx_hal_adc.o
    0x0800208c   0x0800208c   0x00000024   Code   RO         1105    i.HAL_Delay         stm32g4xx_hal.o
    0x080020b0   0x080020b0   0x00000248   Code   RO         1814    i.HAL_GPIO_Init     stm32g4xx_hal_gpio.o
    0x080022f8   0x080022f8   0x0000000a   Code   RO         1816    i.HAL_GPIO_ReadPin  stm32g4xx_hal_gpio.o
    0x08002302   0x08002302   0x0000000a   Code   RO         1818    i.HAL_GPIO_WritePin  stm32g4xx_hal_gpio.o
    0x0800230c   0x0800230c   0x0000000c   Code   RO         1109    i.HAL_GetTick       stm32g4xx_hal.o
    0x08002318   0x08002318   0x00000010   Code   RO         1115    i.HAL_IncTick       stm32g4xx_hal.o
    0x08002328   0x08002328   0x0000001e   Code   RO         1116    i.HAL_Init          stm32g4xx_hal.o
    0x08002346   0x08002346   0x00000002   PAD
    0x08002348   0x08002348   0x00000044   Code   RO         1117    i.HAL_InitTick      stm32g4xx_hal.o
    0x0800238c   0x0800238c   0x00000030   Code   RO          627    i.HAL_MspInit       stm32g4xx_hal_msp.o
    0x080023bc   0x080023bc   0x00000040   Code   RO         2469    i.HAL_NVIC_SetPriority  stm32g4xx_hal_cortex.o
    0x080023fc   0x080023fc   0x00000024   Code   RO         2470    i.HAL_NVIC_SetPriorityGrouping  stm32g4xx_hal_cortex.o
    0x08002420   0x08002420   0x000000bc   Code   RO         2217    i.HAL_PWREx_ControlVoltageScaling  stm32g4xx_hal_pwr_ex.o
    0x080024dc   0x080024dc   0x00000010   Code   RO         2229    i.HAL_PWREx_DisableUCPDDeadBattery  stm32g4xx_hal_pwr_ex.o
    0x080024ec   0x080024ec   0x00000288   Code   RO         1476    i.HAL_RCCEx_PeriphCLKConfig  stm32g4xx_hal_rcc_ex.o
    0x08002774   0x08002774   0x000001dc   Code   RO         1351    i.HAL_RCC_ClockConfig  stm32g4xx_hal_rcc.o
    0x08002950   0x08002950   0x00000024   Code   RO         1359    i.HAL_RCC_GetPCLK1Freq  stm32g4xx_hal_rcc.o
    0x08002974   0x08002974   0x00000024   Code   RO         1360    i.HAL_RCC_GetPCLK2Freq  stm32g4xx_hal_rcc.o
    0x08002998   0x08002998   0x00000070   Code   RO         1361    i.HAL_RCC_GetSysClockFreq  stm32g4xx_hal_rcc.o
    0x08002a08   0x08002a08   0x00000404   Code   RO         1364    i.HAL_RCC_OscConfig  stm32g4xx_hal_rcc.o
    0x08002e0c   0x08002e0c   0x00000028   Code   RO         2474    i.HAL_SYSTICK_Config  stm32g4xx_hal_cortex.o
    0x08002e34   0x08002e34   0x0000003e   Code   RO         3023    i.HAL_UARTEx_DisableFifoMode  stm32g4xx_hal_uart_ex.o
    0x08002e72   0x08002e72   0x0000004c   Code   RO         3032    i.HAL_UARTEx_SetRxFifoThreshold  stm32g4xx_hal_uart_ex.o
    0x08002ebe   0x08002ebe   0x0000004c   Code   RO         3033    i.HAL_UARTEx_SetTxFifoThreshold  stm32g4xx_hal_uart_ex.o
    0x08002f0a   0x08002f0a   0x0000006a   Code   RO         2632    i.HAL_UART_Init     stm32g4xx_hal_uart.o
    0x08002f74   0x08002f74   0x0000007c   Code   RO          511    i.HAL_UART_MspInit  usart.o
    0x08002ff0   0x08002ff0   0x00000002   Code   RO          554    i.HardFault_Handler  stm32g4xx_it.o
    0x08002ff2   0x08002ff2   0x00000002   PAD
    0x08002ff4   0x08002ff4   0x000002c0   Code   RO          348    i.Key_Pro           main.o
    0x080032b4   0x080032b4   0x0000002c   Code   RO           14    i.LCD_BusIn         lcd.o
    0x080032e0   0x080032e0   0x00000030   Code   RO           15    i.LCD_BusOut        lcd.o
    0x08003310   0x08003310   0x00000024   Code   RO           16    i.LCD_Clear         lcd.o
    0x08003334   0x08003334   0x00000020   Code   RO           17    i.LCD_ClearLine     lcd.o
    0x08003354   0x08003354   0x00000090   Code   RO           18    i.LCD_CtrlLinesConfig  lcd.o
    0x080033e4   0x080033e4   0x00000018   Code   RO           19    i.LCD_DisplayChar   lcd.o
    0x080033fc   0x080033fc   0x0000002a   Code   RO           22    i.LCD_DisplayStringLine  lcd.o
    0x08003426   0x08003426   0x00000002   PAD
    0x08003428   0x08003428   0x00000058   Code   RO           23    i.LCD_DrawChar      lcd.o
    0x08003480   0x08003480   0x000000b0   Code   RO           29    i.LCD_HighlightLine  lcd.o
    0x08003530   0x08003530   0x0000000a   Code   RO           30    i.LCD_HighlightLineDefault  lcd.o
    0x0800353a   0x0800353a   0x00000002   PAD
    0x0800353c   0x0800353c   0x00000034   Code   RO           31    i.LCD_Init          lcd.o
    0x08003570   0x08003570   0x00000080   Code   RO           34    i.LCD_ReadReg       lcd.o
    0x080035f0   0x080035f0   0x00000018   Code   RO           36    i.LCD_SetCursor     lcd.o
    0x08003608   0x08003608   0x00000058   Code   RO           41    i.LCD_WriteRAM      lcd.o
    0x08003660   0x08003660   0x0000005c   Code   RO           42    i.LCD_WriteRAM_Prepare  lcd.o
    0x080036bc   0x080036bc   0x0000006c   Code   RO           43    i.LCD_WriteReg      lcd.o
    0x08003728   0x08003728   0x00000054   Code   RO          349    i.LED_Disp          main.o
    0x0800377c   0x0800377c   0x0000000c   Code   RO          681    i.LL_ADC_GetOffsetChannel  stm32g4xx_hal_adc.o
    0x08003788   0x08003788   0x00000008   Code   RO          682    i.LL_ADC_INJ_IsConversionOngoing  stm32g4xx_hal_adc.o
    0x08003790   0x08003790   0x00000008   Code   RO          683    i.LL_ADC_REG_IsConversionOngoing  stm32g4xx_hal_adc.o
    0x08003798   0x08003798   0x00000010   Code   RO          684    i.LL_ADC_REG_IsTriggerSourceSWStart  stm32g4xx_hal_adc.o
    0x080037a8   0x080037a8   0x0000001e   Code   RO          686    i.LL_ADC_SetChannelSamplingTime  stm32g4xx_hal_adc.o
    0x080037c6   0x080037c6   0x00000010   Code   RO          687    i.LL_ADC_SetOffsetState  stm32g4xx_hal_adc.o
    0x080037d6   0x080037d6   0x00000002   PAD
    0x080037d8   0x080037d8   0x00000210   Code   RO          350    i.Lcd_Pro           main.o
    0x080039e8   0x080039e8   0x0000007c   Code   RO          470    i.MX_ADC2_Init      adc.o
    0x08003a64   0x08003a64   0x000000d4   Code   RO          437    i.MX_GPIO_Init      gpio.o
    0x08003b38   0x08003b38   0x00000068   Code   RO          512    i.MX_USART1_UART_Init  usart.o
    0x08003ba0   0x08003ba0   0x00000002   Code   RO          555    i.MemManage_Handler  stm32g4xx_it.o
    0x08003ba2   0x08003ba2   0x00000002   Code   RO          556    i.NMI_Handler       stm32g4xx_it.o
    0x08003ba4   0x08003ba4   0x00000002   Code   RO          557    i.PendSV_Handler    stm32g4xx_it.o
    0x08003ba6   0x08003ba6   0x00000112   Code   RO           44    i.REG_8230_Init     lcd.o
    0x08003cb8   0x08003cb8   0x00000202   Code   RO           45    i.REG_932X_Init     lcd.o
    0x08003eba   0x08003eba   0x00000002   Code   RO          558    i.SVC_Handler       stm32g4xx_it.o
    0x08003ebc   0x08003ebc   0x00000004   Code   RO          559    i.SysTick_Handler   stm32g4xx_it.o
    0x08003ec0   0x08003ec0   0x00000066   Code   RO          351    i.SystemClock_Config  main.o
    0x08003f26   0x08003f26   0x00000002   PAD
    0x08003f28   0x08003f28   0x00000010   Code   RO         3142    i.SystemInit        system_stm32g4xx.o
    0x08003f38   0x08003f38   0x00000044   Code   RO         3037    i.UARTEx_SetNbDataToProcess  stm32g4xx_hal_uart_ex.o
    0x08003f7c   0x08003f7c   0x000000c8   Code   RO         2646    i.UART_AdvFeatureConfig  stm32g4xx_hal_uart.o
    0x08004044   0x08004044   0x000000ac   Code   RO         2647    i.UART_CheckIdleState  stm32g4xx_hal_uart.o
    0x080040f0   0x080040f0   0x00000054   Code   RO         2658    i.UART_EndRxTransfer  stm32g4xx_hal_uart.o
    0x08004144   0x08004144   0x00000274   Code   RO         2664    i.UART_SetConfig    stm32g4xx_hal_uart.o
    0x080043b8   0x080043b8   0x00000094   Code   RO         2671    i.UART_WaitOnFlagUntilTimeout  stm32g4xx_hal_uart.o
    0x0800444c   0x0800444c   0x00000002   Code   RO          560    i.UsageFault_Handler  stm32g4xx_it.o
    0x0800444e   0x0800444e   0x00000030   Code   RO         3331    i.__ARM_fpclassify  m_wm.l(fpclassify.o)
    0x0800447e   0x0800447e   0x00000020   Code   RO         2476    i.__NVIC_SetPriority  stm32g4xx_hal_cortex.o
    0x0800449e   0x0800449e   0x0000000e   Code   RO         3206    i._is_digit         c_w.l(__printf_wp.o)
    0x080044ac   0x080044ac   0x000000ec   Code   RO          438    i.key_scanf         gpio.o
    0x08004598   0x08004598   0x0000004c   Code   RO          352    i.lcd_middledisplay  main.o
    0x080045e4   0x080045e4   0x00000088   Code   RO          353    i.main              main.o
    0x0800466c   0x0800466c   0x0000002c   Code   RO         3327    locale$$code        c_w.l(lc_numeric_c.o)
    0x08004698   0x08004698   0x00000150   Code   RO         3228    x$fpl$dadd          fz_wm.l(daddsub_clz.o)
    0x080047e8   0x080047e8   0x00000018   Code   RO         3266    x$fpl$dcmpinf       fz_wm.l(dcmpi.o)
    0x08004800   0x08004800   0x00000026   Code   RO         3234    x$fpl$dfltu         fz_wm.l(dflt_clz.o)
    0x08004826   0x08004826   0x00000002   PAD
    0x08004828   0x08004828   0x00000078   Code   RO         3240    x$fpl$dleqf         fz_wm.l(dleqf.o)
    0x080048a0   0x080048a0   0x00000154   Code   RO         3242    x$fpl$dmul          fz_wm.l(dmul.o)
    0x080049f4   0x080049f4   0x0000009c   Code   RO         3268    x$fpl$dnaninf       fz_wm.l(dnaninf.o)
    0x08004a90   0x08004a90   0x0000000c   Code   RO         3270    x$fpl$dretinf       fz_wm.l(dretinf.o)
    0x08004a9c   0x08004a9c   0x0000006c   Code   RO         3244    x$fpl$drleqf        fz_wm.l(drleqf.o)
    0x08004b08   0x08004b08   0x000001d4   Code   RO         3230    x$fpl$dsub          fz_wm.l(daddsub_clz.o)
    0x08004cdc   0x08004cdc   0x0000000a   Code   RO         3407    x$fpl$fpinit        fz_wm.l(fpinit.o)
    0x08004ce6   0x08004ce6   0x00000004   Code   RO         3246    x$fpl$printf1       fz_wm.l(printf1.o)
    0x08004cea   0x08004cea   0x00000000   Code   RO         3272    x$fpl$usenofp       fz_wm.l(usenofp.o)
    0x08004cea   0x08004cea   0x000011d0   Data   RO           47    .constdata          lcd.o
    0x08005eba   0x08005eba   0x00000018   Data   RO         2672    .constdata          stm32g4xx_hal_uart.o
    0x08005ed2   0x08005ed2   0x00000010   Data   RO         3038    .constdata          stm32g4xx_hal_uart_ex.o
    0x08005ee2   0x08005ee2   0x00000010   Data   RO         3143    .constdata          system_stm32g4xx.o
    0x08005ef2   0x08005ef2   0x00000008   Data   RO         3144    .constdata          system_stm32g4xx.o
    0x08005efa   0x08005efa   0x00000002   PAD
    0x08005efc   0x08005efc   0x00000094   Data   RO         3302    .constdata          c_w.l(bigflt0.o)
    0x08005f90   0x08005f90   0x0000002e   Data   RO          355    .conststring        main.o
    0x08005fbe   0x08005fbe   0x00000002   PAD
    0x08005fc0   0x08005fc0   0x00000020   Data   RO         3476    Region$$Table       anon$$obj.o
    0x08005fe0   0x08005fe0   0x0000001c   Data   RO         3326    locale$$data        c_w.l(lc_numeric_c.o)


    Execution Region RW_IRAM1 (Exec base: 0x20000000, Load base: 0x08005ffc, Size: 0x00001b80, Max: 0x00008000, ABSOLUTE)

    Exec Addr    Load Addr    Size         Type   Attr      Idx    E Section Name        Object

    0x20000000   0x08005ffc   0x00000006   Data   RW           48    .data               lcd.o
    0x20000006   0x08006002   0x00000002   PAD
    0x20000008   0x08006004   0x00000050   Data   RW          356    .data               main.o
    0x20000058   0x08006054   0x00000001   Data   RW          439    .data               gpio.o
    0x20000059   0x08006055   0x00000003   PAD
    0x2000005c   0x08006058   0x0000000c   Data   RW         1136    .data               stm32g4xx_hal.o
    0x20000068   0x08006064   0x00000004   Data   RW         3145    .data               system_stm32g4xx.o
    0x2000006c        -       0x00000014   Zero   RW           46    .bss                lcd.o
    0x20000080        -       0x0000139c   Zero   RW          354    .bss                main.o
    0x2000141c        -       0x0000006c   Zero   RW          471    .bss                adc.o
    0x20001488        -       0x00000094   Zero   RW          513    .bss                usart.o
    0x2000151c        -       0x00000060   Zero   RW         3334    .bss                c_w.l(libspace.o)
    0x2000157c   0x08006068   0x00000004   PAD
    0x20001580        -       0x00000200   Zero   RW            2    HEAP                startup_stm32g431xx.o
    0x20001780        -       0x00000400   Zero   RW            1    STACK               startup_stm32g431xx.o


==============================================================================

Image component sizes


      Code (inc. data)   RO Data    RW Data    ZI Data      Debug   Object Name

       244         28          0          0        108       1789   adc.o
       448         28          0          1          0       1775   gpio.o
      1952        120       4560          6         20     615526   lcd.o
      1778        170         46         80       5020       7532   main.o
        64         26        472          0       1536        848   startup_stm32g431xx.o
       162         24          0         12          0       4789   stm32g4xx_hal.o
      2324        130          0          0          0      79523   stm32g4xx_hal_adc.o
       172         14          0          0          0      33642   stm32g4xx_hal_cortex.o
       604         34          0          0          0       3331   stm32g4xx_hal_gpio.o
        48          6          0          0          0        874   stm32g4xx_hal_msp.o
       204         18          0          0          0       1537   stm32g4xx_hal_pwr_ex.o
      1688         92          0          0          0       6728   stm32g4xx_hal_rcc.o
       648         10          0          0          0       2076   stm32g4xx_hal_rcc_ex.o
      1338         72         24          0          0      25722   stm32g4xx_hal_uart.o
       282          6         16          0          0       4069   stm32g4xx_hal_uart_ex.o
        20          0          0          0          0       4202   stm32g4xx_it.o
        16          4         24          4          0       1195   system_stm32g4xx.o
       228         18          0          0        148       1806   usart.o

    ----------------------------------------------------------------------
     12234        800       5178        108       6832     796964   Object Totals
         0          0         32          0          0          0   (incl. Generated)
        14          0          4          5          0          0   (incl. Padding)

    ----------------------------------------------------------------------

      Code (inc. data)   RO Data    RW Data    ZI Data      Debug   Library Member Name

         8          0          0          0          0         68   __main.o
       284          0          0          0          0        156   __printf_wp.o
         0          0          0          0          0          0   __rtentry.o
        12          0          0          0          0          0   __rtentry2.o
         6          0          0          0          0          0   __rtentry4.o
        52          8          0          0          0          0   __scatter.o
        26          0          0          0          0          0   __scatter_copy.o
        28          0          0          0          0          0   __scatter_zi.o
        44          0          0          0          0        108   _printf_char.o
        48          6          0          0          0         96   _printf_char_common.o
         6          0          0          0          0          0   _printf_d.o
       120         16          0          0          0         92   _printf_dec.o
         6          0          0          0          0          0   _printf_f.o
      1054          0          0          0          0        216   _printf_fp_dec.o
       128         16          0          0          0         84   _printf_fp_infnan.o
       178          0          0          0          0         88   _printf_intcommon.o
        78          0          0          0          0        108   _printf_pad.o
         0          0          0          0          0          0   _printf_percent.o
         4          0          0          0          0          0   _printf_percent_end.o
         6          0          0          0          0          0   _printf_s.o
        82          0          0          0          0         80   _printf_str.o
        16          0          0          0          0         68   _snputc.o
        10          0          0          0          0         68   _sputc.o
       228          4        148          0          0         96   bigflt0.o
      1936        128          0          0          0        672   btod.o
        18          0          0          0          0         80   exit.o
         6          0          0          0          0        152   heapauxi.o
         0          0          0          0          0          0   indicate_semi.o
        44         10         28          0          0         76   lc_numeric_c.o
         2          0          0          0          0          0   libinit.o
        22          0          0          0          0          0   libinit2.o
         2          0          0          0          0          0   libshutdown.o
         2          0          0          0          0          0   libshutdown2.o
         8          4          0          0         96         68   libspace.o
       138          0          0          0          0         80   lludiv10.o
       238          0          0          0          0        100   lludivv7m.o
        52          4          0          0          0         84   noretval__2snprintf.o
        40          6          0          0          0         84   noretval__2sprintf.o
         8          4          0          0          0         68   rt_locale_intlibspace.o
        78          0          0          0          0         80   rt_memclr_w.o
         2          0          0          0          0          0   rtexit.o
        10          0          0          0          0          0   rtexit2.o
       128          0          0          0          0         68   strcmpv7m.o
        62          0          0          0          0         76   strlen.o
        12          4          0          0          0         68   sys_exit.o
        74          0          0          0          0         80   sys_stackheap_outer.o
         2          0          0          0          0         68   use_no_semi.o
       804         16          0          0          0        368   daddsub_clz.o
        24          0          0          0          0        116   dcmpi.o
        38          0          0          0          0        116   dflt_clz.o
       120          4          0          0          0        140   dleqf.o
       340         12          0          0          0        152   dmul.o
       156          4          0          0          0        140   dnaninf.o
        12          0          0          0          0        116   dretinf.o
       108          0          0          0          0        128   drleqf.o
        10          0          0          0          0        116   fpinit.o
         4          0          0          0          0        116   printf1.o
         0          0          0          0          0          0   usenofp.o
        48          0          0          0          0        124   fpclassify.o

    ----------------------------------------------------------------------
      6984        246        176          0        100       4864   Library Totals
        12          0          0          0          4          0   (incl. Padding)

    ----------------------------------------------------------------------

      Code (inc. data)   RO Data    RW Data    ZI Data      Debug   Library Name

      5308        210        176          0         96       3232   c_w.l
      1616         36          0          0          0       1508   fz_wm.l
        48          0          0          0          0        124   m_wm.l

    ----------------------------------------------------------------------
      6984        246        176          0        100       4864   Library Totals

    ----------------------------------------------------------------------

==============================================================================


      Code (inc. data)   RO Data    RW Data    ZI Data      Debug   

     19218       1046       5354        108       6932     790960   Grand Totals
     19218       1046       5354        108       6932     790960   ELF Image Totals
     19218       1046       5354        108          0          0   ROM Totals

==============================================================================

    Total RO  Size (Code + RO Data)                24572 (  24.00kB)
    Total RW  Size (RW Data + ZI Data)              7040 (   6.88kB)
    Total ROM Size (Code + RO Data + RW Data)      24680 (  24.10kB)

==============================================================================

