Component: Arm Compiler for Embedded 6.19 Tool: armlink [5e73cb00]

==============================================================================

Section Cross References

    diansai_app.o(.text) refers (Special) to _scanf_int.o(.text) for _scanf_int
    diansai_app.o(.text.DiansaiApp_Init) refers (Special) to _scanf_int.o(.text) for _scanf_int
    diansai_app.o(.text.DiansaiApp_Init) refers to memseta.o(.text) for __aeabi_memclr4
    diansai_app.o(.text.DiansaiApp_Init) refers to wheeltec_link.o(.text.WheeltecLink_Init) for WheeltecLink_Init
    diansai_app.o(.text.DiansaiApp_Init) refers to board_io.o(.text.BoardIo_Init) for BoardIo_Init
    diansai_app.o(.text.DiansaiApp_Init) refers to board_io.o(.text.BoardIo_GetSwitchDownMask) for BoardIo_GetSwitchDownMask
    diansai_app.o(.text.DiansaiApp_Init) refers to vehicle_motor.o(.text.VehicleMotor_Init) for VehicleMotor_Init
    diansai_app.o(.text.DiansaiApp_Init) refers to vehicle_encoder.o(.text.VehicleEncoder_Init) for VehicleEncoder_Init
    diansai_app.o(.text.DiansaiApp_Init) refers to vehicle_square_test.o(.text.VehicleSquare_Init) for VehicleSquare_Init
    diansai_app.o(.text.DiansaiApp_Init) refers to vehicle_gray.o(.text.VehicleGray_Init) for VehicleGray_Init
    diansai_app.o(.text.DiansaiApp_Init) refers to vehicle_line_control.o(.text.VehicleLine_Init) for VehicleLine_Init
    diansai_app.o(.text.DiansaiApp_Init) refers to vehicle_battery.o(.text.VehicleBattery_Init) for VehicleBattery_Init
    diansai_app.o(.text.DiansaiApp_Init) refers to vehicle_battery.o(.text.VehicleBattery_Update) for VehicleBattery_Update
    diansai_app.o(.text.DiansaiApp_Init) refers to vehicle_cascade_control.o(.text.VehicleCascade_Init) for VehicleCascade_Init
    diansai_app.o(.text.DiansaiApp_Init) refers to vehicle_cascade_control.o(.text.VehicleCascade_SetMotorFeedforward) for VehicleCascade_SetMotorFeedforward
    diansai_app.o(.text.DiansaiApp_Init) refers to vehicle_cascade_control.o(.text.VehicleCascade_ConfigurePid) for VehicleCascade_ConfigurePid
    diansai_app.o(.text.DiansaiApp_Init) refers to vehicle_line_control.o(.text.VehicleLine_Configure) for VehicleLine_Configure
    diansai_app.o(.text.DiansaiApp_Init) refers to vehicle_imu.o(.text.VehicleImu_GetState) for VehicleImu_GetState
    diansai_app.o(.text.DiansaiApp_Init) refers to vehicle_cascade_control.o(.text.VehicleCascade_SetEnabledLoops) for VehicleCascade_SetEnabledLoops
    diansai_app.o(.text.DiansaiApp_Init) refers to diansai_app.o(.text.StopControl) for StopControl
    diansai_app.o(.text.DiansaiApp_Init) refers to vehicle_imu.o(.text.VehicleImu_Init) for VehicleImu_Init
    diansai_app.o(.text.DiansaiApp_Init) refers to vehicle_imu.o(.text.VehicleImu_CalibrateGyro) for VehicleImu_CalibrateGyro
    diansai_app.o(.text.DiansaiApp_Init) refers to board_io.o(.text.BoardBuzzer_Play) for BoardBuzzer_Play
    diansai_app.o(.text.DiansaiApp_Init) refers to wheeltec_link.o(.text.WheeltecLink_SendText) for WheeltecLink_SendText
    diansai_app.o(.text.DiansaiApp_Init) refers to diansai_app.o(.text.SendModeFrame) for SendModeFrame
    diansai_app.o(.text.DiansaiApp_Init) refers to diansai_app.o(.bss..L_MergedGlobals) for [Anonymous Symbol]
    diansai_app.o(.text.DiansaiApp_Init) refers to diansai_app.o(.bss.app) for [Anonymous Symbol]
    diansai_app.o(.text.DiansaiApp_Init) refers to diansai_app.o(.bss.vehicle_control) for [Anonymous Symbol]
    diansai_app.o(.text.DiansaiApp_Init) refers to diansai_app.o(.rodata.str1.1) for [Anonymous Symbol]
    diansai_app.o(.ARM.exidx.text.DiansaiApp_Init) refers (Special) to _scanf_int.o(.text) for _scanf_int
    diansai_app.o(.ARM.exidx.text.DiansaiApp_Init) refers to diansai_app.o(.text.DiansaiApp_Init) for [Anonymous Symbol]
    diansai_app.o(.text.StopControl) refers (Special) to _scanf_int.o(.text) for _scanf_int
    diansai_app.o(.text.StopControl) refers to vehicle_square_test.o(.text.VehicleSquare_GetState) for VehicleSquare_GetState
    diansai_app.o(.text.StopControl) refers to vehicle_square_test.o(.text.VehicleSquare_Stop) for VehicleSquare_Stop
    diansai_app.o(.text.StopControl) refers to vehicle_imu.o(.text.VehicleImu_GetState) for VehicleImu_GetState
    diansai_app.o(.text.StopControl) refers to board_io.o(.text.BoardBuzzer_SetContinuous) for BoardBuzzer_SetContinuous
    diansai_app.o(.text.StopControl) refers to memseta.o(.text) for __aeabi_memclr4
    diansai_app.o(.text.StopControl) refers to vehicle_cascade_control.o(.text.VehicleCascade_Reset) for VehicleCascade_Reset
    diansai_app.o(.text.StopControl) refers to vehicle_motor.o(.text.VehicleMotor_Stop) for VehicleMotor_Stop
    diansai_app.o(.text.StopControl) refers to vehicle_cascade_control.o(.text.VehicleCascade_SetEnabledLoops) for VehicleCascade_SetEnabledLoops
    diansai_app.o(.text.StopControl) refers to diansai_app.o(.bss.app) for [Anonymous Symbol]
    diansai_app.o(.text.StopControl) refers to diansai_app.o(.bss..L_MergedGlobals) for [Anonymous Symbol]
[...]
    __arm_cp.5_2                             0x0000624c   Number         4  vehicle_cascade_control.o(.text.VehicleCascade_ResetHeadingReference)
    __arm_cp.5_3                             0x00006250   Number         4  vehicle_cascade_control.o(.text.VehicleCascade_ResetHeadingReference)
    [Anonymous Symbol]                       0x00006254   Section        0  vehicle_cascade_control.o(.text.VehicleCascade_SetEnabledLoops)
    [Anonymous Symbol]                       0x000062ca   Section        0  vehicle_cascade_control.o(.text.VehicleCascade_SetMotorFeedforward)
    [Anonymous Symbol]                       0x00006304   Section        0  vehicle_cascade_control.o(.text.VehicleCascade_Step)
    __arm_cp.6_21                            0x00006ee8   Number         4  vehicle_cascade_control.o(.text.VehicleCascade_Step)
    __arm_cp.6_22                            0x00006eec   Number         4  vehicle_cascade_control.o(.text.VehicleCascade_Step)
    __arm_cp.6_23                            0x00006ef0   Number         4  vehicle_cascade_control.o(.text.VehicleCascade_Step)
    __arm_cp.6_24                            0x00006ef4   Number         4  vehicle_cascade_control.o(.text.VehicleCascade_Step)
    __arm_cp.6_0                             0x00007028   Number         4  vehicle_cascade_control.o(.text.VehicleCascade_Step)
    __arm_cp.6_5                             0x0000702c   Number         4  vehicle_cascade_control.o(.text.VehicleCascade_Step)
    __arm_cp.6_6                             0x00007030   Number         4  vehicle_cascade_control.o(.text.VehicleCascade_Step)
    __arm_cp.6_7                             0x00007034   Number         4  vehicle_cascade_control.o(.text.VehicleCascade_Step)
    [Anonymous Symbol]                       0x00007038   Section        0  vehicle_encoder.o(.text.VehicleEncoder_GetState)
    [Anonymous Symbol]                       0x0000703c   Section        0  vehicle_encoder.o(.text.VehicleEncoder_Init)
    [Anonymous Symbol]                       0x00007090   Section        0  vehicle_encoder.o(.text.VehicleEncoder_Reset)
    [Anonymous Symbol]                       0x000070b8   Section        0  vehicle_encoder.o(.text.VehicleEncoder_Update)
    __arm_cp.2_0                             0x000071ec   Number         4  vehicle_encoder.o(.text.VehicleEncoder_Update)
    __arm_cp.2_1                             0x000071f0   Number         4  vehicle_encoder.o(.text.VehicleEncoder_Update)
    __arm_cp.2_2                             0x000071f4   Number         4  vehicle_encoder.o(.text.VehicleEncoder_Update)
    __arm_cp.2_3                             0x000071f8   Number         4  vehicle_encoder.o(.text.VehicleEncoder_Update)
    __arm_cp.2_4                             0x000071fc   Number         4  vehicle_encoder.o(.text.VehicleEncoder_Update)
    __arm_cp.2_5                             0x00007200   Number         4  vehicle_encoder.o(.text.VehicleEncoder_Update)
    [Anonymous Symbol]                       0x00007204   Section        0  vehicle_gray.o(.text.VehicleGray_CaptureBackground)
    [Anonymous Symbol]                       0x00007220   Section        0  vehicle_gray.o(.text.VehicleGray_CaptureLine)
    [Anonymous Symbol]                       0x0000723c   Section        0  vehicle_gray.o(.text.VehicleGray_CountLineChannels)
    [Anonymous Symbol]                       0x000072bc   Section        0  vehicle_gray.o(.text.VehicleGray_GetState)
    [Anonymous Symbol]                       0x000072c0   Section        0  vehicle_gray.o(.text.VehicleGray_Init)
    [Anonymous Symbol]                       0x000072d0   Section        0  vehicle_gray.o(.text.VehicleGray_ResetCalibration)
    [Anonymous Symbol]                       0x000072e0   Section        0  vehicle_gray.o(.text.VehicleGray_Update)
    __arm_cp.1_0                             0x00007564   Number         4  vehicle_gray.o(.text.VehicleGray_Update)
    [Anonymous Symbol]                       0x00007568   Section        0  vehicle_imu.o(.text.VehicleImu_CalibrateGyro)
    [Anonymous Symbol]                       0x00007740   Section        0  vehicle_imu.o(.text.VehicleImu_GetState)
    [Anonymous Symbol]                       0x00007748   Section        0  vehicle_imu.o(.text.VehicleImu_Init)
    __arm_cp.0_1                             0x000078bc   Number         4  vehicle_imu.o(.text.VehicleImu_Init)
    __arm_cp.0_2                             0x000078c0   Number         4  vehicle_imu.o(.text.VehicleImu_Init)
    [Anonymous Symbol]                       0x000078c4   Section        0  vehicle_imu.o(.text.VehicleImu_ResetYaw)
    __arm_cp.4_0                             0x000078d0   Number         4  vehicle_imu.o(.text.VehicleImu_ResetYaw)
    [Anonymous Symbol]                       0x000078d4   Section        0  vehicle_imu.o(.text.VehicleImu_Update)
    __arm_cp.5_0                             0x00007b94   Number         4  vehicle_imu.o(.text.VehicleImu_Update)
    __arm_cp.5_1                             0x00007b98   Number         4  vehicle_imu.o(.text.VehicleImu_Update)
    __arm_cp.5_2                             0x00007b9c   Number         4  vehicle_imu.o(.text.VehicleImu_Update)
    __arm_cp.5_3                             0x00007ba0   Number         4  vehicle_imu.o(.text.VehicleImu_Update)
    __arm_cp.5_5                             0x00007ba4   Number         4  vehicle_imu.o(.text.VehicleImu_Update)
    __arm_cp.5_6                             0x00007ba8   Number         4  vehicle_imu.o(.text.VehicleImu_Update)
    __arm_cp.5_7                             0x00007bac   Number         4  vehicle_imu.o(.text.VehicleImu_Update)
    __arm_cp.5_8                             0x00007bb0   Number         4  vehicle_imu.o(.text.VehicleImu_Update)
    __arm_cp.5_9                             0x00007bb4   Number         4  vehicle_imu.o(.text.VehicleImu_Update)
    __arm_cp.5_10                            0x00007bb8   Number         4  vehicle_imu.o(.text.VehicleImu_Update)
    __arm_cp.5_11                            0x00007bbc   Number         4  vehicle_imu.o(.text.VehicleImu_Update)
    __arm_cp.5_12                            0x00007bc0   Number         4  vehicle_imu.o(.text.VehicleImu_Update)
    __arm_cp.5_13                            0x00007bc4   Number         4  vehicle_imu.o(.text.VehicleImu_Update)
    __arm_cp.5_14                            0x00007bc8   Number         4  vehicle_imu.o(.text.VehicleImu_Update)
    __arm_cp.5_15                            0x00007bcc   Number         4  vehicle_imu.o(.text.VehicleImu_Update)
    __arm_cp.5_16                            0x00007bd0   Number         4  vehicle_imu.o(.text.VehicleImu_Update)
    [Anonymous Symbol]                       0x00007bd4   Section        0  vehicle_line_control.o(.text.VehicleLine_Configure)
    __arm_cp.1_1                             0x00007c58   Number         4  vehicle_line_control.o(.text.VehicleLine_Configure)
    __arm_cp.1_2                             0x00007c5c   Number         4  vehicle_line_control.o(.text.VehicleLine_Configure)
    [Anonymous Symbol]                       0x00007c60   Section        0  vehicle_line_control.o(.text.VehicleLine_GetState)
    [Anonymous Symbol]                       0x00007c68   Section        0  vehicle_line_control.o(.text.VehicleLine_Init)
    [Anonymous Symbol]                       0x00007c80   Section        0  vehicle_line_control.o(.text.VehicleLine_Reset)
    __arm_cp.2_0                             0x00007c90   Number         4  vehicle_line_control.o(.text.VehicleLine_Reset)
    [Anonymous Symbol]                       0x00007c94   Section        0  vehicle_line_control.o(.text.VehicleLine_Update)
    __arm_cp.3_0                             0x00008154   Number         4  vehicle_line_control.o(.text.VehicleLine_Update)
    __arm_cp.3_1                             0x00008158   Number         4  vehicle_line_control.o(.text.VehicleLine_Update)
    __arm_cp.3_2                             0x0000815c   Number         4  vehicle_line_control.o(.text.VehicleLine_Update)
    __arm_cp.3_3                             0x00008160   Number         4  vehicle_line_control.o(.text.VehicleLine_Update)
    __arm_cp.3_4                             0x00008164   Number         4  vehicle_line_control.o(.text.VehicleLine_Update)
    __arm_cp.3_5                             0x00008168   Number         4  vehicle_line_control.o(.text.VehicleLine_Update)
    [Anonymous Symbol]                       0x0000816c   Section        0  vehicle_motor.o(.text.VehicleMotor_GetState)
    [Anonymous Symbol]                       0x00008174   Section        0  vehicle_motor.o(.text.VehicleMotor_Init)
    __arm_cp.0_1                             0x00008258   Number         4  vehicle_motor.o(.text.VehicleMotor_Init)
    [Anonymous Symbol]                       0x0000825c   Section        0  vehicle_motor.o(.text.VehicleMotor_Set)
    [Anonymous Symbol]                       0x000082c0   Section        0  vehicle_motor.o(.text.VehicleMotor_Stop)
    __arm_cp.1_0                             0x000082fc   Number         4  vehicle_motor.o(.text.VehicleMotor_Stop)
    __arm_cp.1_1                             0x00008300   Number         4  vehicle_motor.o(.text.VehicleMotor_Stop)
    __arm_cp.1_2                             0x00008304   Number         4  vehicle_motor.o(.text.VehicleMotor_Stop)
    [Anonymous Symbol]                       0x00008308   Section        0  vehicle_square_test.o(.text.VehicleSquare_GetState)
    [Anonymous Symbol]                       0x0000830c   Section        0  vehicle_square_test.o(.text.VehicleSquare_Init)
    [Anonymous Symbol]                       0x00008318   Section        0  vehicle_square_test.o(.text.VehicleSquare_Start)
    __arm_cp.1_1                             0x000084f8   Number         4  vehicle_square_test.o(.text.VehicleSquare_Start)
    __arm_cp.1_2                             0x000084fc   Number         4  vehicle_square_test.o(.text.VehicleSquare_Start)
    __arm_cp.1_3                             0x00008500   Number         4  vehicle_square_test.o(.text.VehicleSquare_Start)
    __arm_cp.1_4                             0x00008504   Number         4  vehicle_square_test.o(.text.VehicleSquare_Start)
    [Anonymous Symbol]                       0x00008508   Section        0  vehicle_square_test.o(.text.VehicleSquare_Stop)
    [Anonymous Symbol]                       0x00008520   Section        0  vehicle_square_test.o(.text.VehicleSquare_TakeStatusChanged)
    [Anonymous Symbol]                       0x0000852c   Section        0  vehicle_square_test.o(.text.VehicleSquare_TakeTargetChanged)
    __arm_cp.4_0                             0x00008538   Number         4  vehicle_square_test.o(.text.VehicleSquare_TakeTargetChanged)
    [Anonymous Symbol]                       0x0000853c   Section        0  vehicle_square_test.o(.text.VehicleSquare_Update)
    __arm_cp.3_0                             0x00008a00   Number         4  vehicle_square_test.o(.text.VehicleSquare_Update)
    __arm_cp.3_1                             0x00008a04   Number         4  vehicle_square_test.o(.text.VehicleSquare_Update)
    __arm_cp.3_2                             0x00008a08   Number         4  vehicle_square_test.o(.text.VehicleSquare_Update)
    __arm_cp.3_3                             0x00008a0c   Number         4  vehicle_square_test.o(.text.VehicleSquare_Update)
    __arm_cp.3_4                             0x00008a10   Number         4  vehicle_square_test.o(.text.VehicleSquare_Update)
    __arm_cp.3_5                             0x00008a14   Number         4  vehicle_square_test.o(.text.VehicleSquare_Update)
    __arm_cp.3_6                             0x00008a18   Number         4  vehicle_square_test.o(.text.VehicleSquare_Update)
    __arm_cp.3_7                             0x00008a1c   Number         4  vehicle_square_test.o(.text.VehicleSquare_Update)
    __arm_cp.3_8                             0x00008a20   Number         4  vehicle_square_test.o(.text.VehicleSquare_Update)
    __arm_cp.3_9                             0x00008a24   Number         4  vehicle_square_test.o(.text.VehicleSquare_Update)
    __arm_cp.3_10                            0x00008a28   Number         4  vehicle_square_test.o(.text.VehicleSquare_Update)
    __arm_cp.3_11                            0x00008a2c   Number         4  vehicle_square_test.o(.text.VehicleSquare_Update)
    __arm_cp.3_12                            0x00008a30   Number         4  vehicle_square_test.o(.text.VehicleSquare_Update)
    __arm_cp.3_13                            0x00008a34   Number         4  vehicle_square_test.o(.text.VehicleSquare_Update)
    __arm_cp.3_14                            0x00008a38   Number         4  vehicle_square_test.o(.text.VehicleSquare_Update)
    __arm_cp.3_15                            0x00008a3c   Number         4  vehicle_square_test.o(.text.VehicleSquare_Update)
    [Anonymous Symbol]                       0x00008a40   Section        0  wheeltec_link.o(.text.WheeltecLink_Init)
    __arm_cp.0_3                             0x00008ae4   Number         4  wheeltec_link.o(.text.WheeltecLink_Init)
    [Anonymous Symbol]                       0x00008ae8   Section        0  wheeltec_link.o(.text.WheeltecLink_Poll)
    __arm_cp.3_0                             0x00008b78   Number         4  wheeltec_link.o(.text.WheeltecLink_Poll)
    [Anonymous Symbol]                       0x00008b7c   Section        0  wheeltec_link.o(.text.WheeltecLink_SendText)
    [Anonymous Symbol]                       0x00008c40   Section        0  wheeltec_link.o(.text.WheeltecLink_ServiceTx)
    __arm_cp.2_0                             0x00008cb4   Number         4  wheeltec_link.o(.text.WheeltecLink_ServiceTx)
    __arm_cp.2_1                             0x00008cb8   Number         4  wheeltec_link.o(.text.WheeltecLink_ServiceTx)
    __arm_cp.2_2                             0x00008cbc   Number         4  wheeltec_link.o(.text.WheeltecLink_ServiceTx)
    __arm_cp.2_3                             0x00008cc0   Number         4  wheeltec_link.o(.text.WheeltecLink_ServiceTx)
    WrapAngleDegrees                         0x00008cc5   Thumb Code   200  diansai_app.o(.text.WrapAngleDegrees)
    [Anonymous Symbol]                       0x00008cc4   Section        0  diansai_app.o(.text.WrapAngleDegrees)
    __arm_cp.12_0                            0x00008d8c   Number         4  diansai_app.o(.text.WrapAngleDegrees)
    __arm_cp.12_1                            0x00008d90   Number         4  diansai_app.o(.text.WrapAngleDegrees)
    __arm_cp.12_2                            0x00008d94   Number         4  diansai_app.o(.text.WrapAngleDegrees)
    __arm_cp.12_3                            0x00008d98   Number         4  diansai_app.o(.text.WrapAngleDegrees)
    [Anonymous Symbol]                       0x00008d9c   Section        0  lq_utils.o(.text.delay_ms)
    __arm_cp.1_0                             0x00008de0   Number         4  lq_utils.o(.text.delay_ms)
    [Anonymous Symbol]                       0x00008de4   Section        0  lq_utils.o(.text.delay_us)
    __arm_cp.0_0                             0x00008e28   Number         4  lq_utils.o(.text.delay_us)
    [Anonymous Symbol]                       0x00008e2c   Section        0  main_diansai.o(.text.main)
    i.__0snprintf$6                          0x00008e44   Section        0  printf6.o(i.__0snprintf$6)
    i.__ARM_clz                              0x00008e7c   Section        0  depilogue.o(i.__ARM_clz)
    i.__ARM_fpclassifyf                      0x00008eaa   Section        0  fpclassifyf.o(i.__ARM_fpclassifyf)
    i.__mathlib_flt_infnan2                  0x00008ecc   Section        0  funder.o(i.__mathlib_flt_infnan2)
    i.__mathlib_flt_underflow                0x00008ed4   Section        0  funder.o(i.__mathlib_flt_underflow)
    i.__scatterload_copy                     0x00008ee8   Section       14  handlers.o(i.__scatterload_copy)
    i.__scatterload_null                     0x00008ef8   Section        2  handlers.o(i.__scatterload_null)
    i.__scatterload_zeroinit                 0x00008f00   Section       14  handlers.o(i.__scatterload_zeroinit)
    i.__set_errno                            0x00008f10   Section        0  errno.o(i.__set_errno)
    _printf_core                             0x00008f1d   Thumb Code   768  printf6.o(i._printf_core)
    i._printf_core                           0x00008f1c   Section        0  printf6.o(i._printf_core)
    _printf_post_padding                     0x00009221   Thumb Code    32  printf6.o(i._printf_post_padding)
    i._printf_post_padding                   0x00009220   Section        0  printf6.o(i._printf_post_padding)
    _printf_pre_padding                      0x00009241   Thumb Code    44  printf6.o(i._printf_pre_padding)
    i._printf_pre_padding                    0x00009240   Section        0  printf6.o(i._printf_pre_padding)
    _snputc                                  0x0000926d   Thumb Code    22  printf6.o(i._snputc)
    i._snputc                                0x0000926c   Section        0  printf6.o(i._snputc)
    i.atan2f                                 0x00009284   Section        0  atan2f.o(i.atan2f)
    i.sqrtf                                  0x00009520   Section        0  sqrtf.o(i.sqrtf)
    .constdata                               0x0000954c   Section       64  ctype_c.o(.constdata)
    LQ_PWM_MAP                               0x0000960c   Data         480  lq_pwm.o(.rodata.LQ_PWM_MAP)
    [Anonymous Symbol]                       0x0000960c   Section        0  lq_pwm.o(.rodata.LQ_PWM_MAP)
    LQ_TIMER_IRQns                           0x000097ec   Data           7  lq_time.o(.rodata.LQ_TIMER_IRQns)
    [Anonymous Symbol]                       0x000097ec   Section        0  lq_time.o(.rodata.LQ_TIMER_IRQns)
    gSYSPLLConfig                            0x00009920   Data          40  lq_clock.o(.rodata.gSYSPLLConfig)
    [Anonymous Symbol]                       0x00009920   Section        0  lq_clock.o(.rodata.gSYSPLLConfig)
    [Anonymous Symbol]                       0x00009948   Section        0  diansai_app.o(.rodata.str1.1)
    _errno                                   0x20200000   Data           4  errno.o(.data)
    .data                                    0x20200000   Section        4  errno.o(.data)
    left_config                              0x20200004   Data          16  vehicle_encoder.o(.data..L_MergedGlobals)
    [Anonymous Symbol]                       0x20200004   Section        0  vehicle_encoder.o(.data..L_MergedGlobals)
    right_config                             0x20200014   Data          16  vehicle_encoder.o(.data..L_MergedGlobals)
    imu_mosi_pin                             0x20200024   Data           1  vehicle_imu.o(.data..L_MergedGlobals)
    [Anonymous Symbol]                       0x20200024   Section        0  vehicle_imu.o(.data..L_MergedGlobals)
    imu_miso_pin                             0x20200025   Data           1  vehicle_imu.o(.data..L_MergedGlobals)
    app_tick_ms                              0x20200030   Data           4  diansai_app.o(.bss..L_MergedGlobals)
    [Anonymous Symbol]                       0x20200030   Section        0  diansai_app.o(.bss..L_MergedGlobals)
    now_ms                                   0x20200034   Data           4  diansai_app.o(.bss..L_MergedGlobals)
    last_loop_ms                             0x20200038   Data           4  diansai_app.o(.bss..L_MergedGlobals)
    last_gray_ms                             0x2020003c   Data           4  diansai_app.o(.bss..L_MergedGlobals)
    last_battery_ms                          0x20200040   Data           4  diansai_app.o(.bss..L_MergedGlobals)
    last_motor_command_ms                    0x20200044   Data           4  diansai_app.o(.bss..L_MergedGlobals)
    last_rx_ms                               0x20200048   Data           4  diansai_app.o(.bss..L_MergedGlobals)
    last_telemetry_ms                        0x2020004c   Data           4  diansai_app.o(.bss..L_MergedGlobals)
    last_speed_telemetry_ms                  0x20200050   Data           4  diansai_app.o(.bss..L_MergedGlobals)
    last_line_telemetry_ms                   0x20200054   Data           4  diansai_app.o(.bss..L_MergedGlobals)
    last_debug_ms                            0x20200058   Data           4  diansai_app.o(.bss..L_MergedGlobals)
    vehicle_output                           0x2020005c   Data          76  diansai_app.o(.bss..L_MergedGlobals)
    left_previous_direction                  0x202000a8   Data           1  vehicle_motor.o(.bss..L_MergedGlobals)
    [Anonymous Symbol]                       0x202000a8   Section        0  vehicle_motor.o(.bss..L_MergedGlobals)
    right_previous_direction                 0x202000a9   Data           1  vehicle_motor.o(.bss..L_MergedGlobals)
    motor_state                              0x202000aa   Data           2  vehicle_motor.o(.bss..L_MergedGlobals)
    line_config                              0x202000ac   Data          48  vehicle_line_control.o(.bss..L_MergedGlobals)
    [Anonymous Symbol]                       0x202000ac   Section        0  vehicle_line_control.o(.bss..L_MergedGlobals)
    line_state                               0x202000dc   Data          52  vehicle_line_control.o(.bss..L_MergedGlobals)
    rx_line_length                           0x20200110   Data           1  wheeltec_link.o(.bss..L_MergedGlobals)
    [Anonymous Symbol]                       0x20200110   Section        0  wheeltec_link.o(.bss..L_MergedGlobals)
    tx_head                                  0x20200112   Data           2  wheeltec_link.o(.bss..L_MergedGlobals)
    tx_tail                                  0x20200114   Data           2  wheeltec_link.o(.bss..L_MergedGlobals)
    tx_dma_length                            0x20200116   Data           2  wheeltec_link.o(.bss..L_MergedGlobals)
    rx_line                                  0x20200118   Data          64  wheeltec_link.o(.bss..L_MergedGlobals)
    buzzer_head                              0x20200158   Data           1  board_io.o(.bss..L_MergedGlobals)
    [Anonymous Symbol]                       0x20200158   Section        0  board_io.o(.bss..L_MergedGlobals)
    buzzer_tail                              0x20200159   Data           1  board_io.o(.bss..L_MergedGlobals)
    buzzer_active                            0x2020015a   Data           1  board_io.o(.bss..L_MergedGlobals)
    buzzer_phase_on                          0x2020015b   Data           1  board_io.o(.bss..L_MergedGlobals)
    buzzer_gap_active                        0x2020015c   Data           1  board_io.o(.bss..L_MergedGlobals)
    buzzer_continuous                        0x2020015d   Data           1  board_io.o(.bss..L_MergedGlobals)
    pending_switch_changed_mask              0x2020015e   Data           1  board_io.o(.bss..L_MergedGlobals)
    buzzer_repeats_left                      0x2020015f   Data           1  board_io.o(.bss..L_MergedGlobals)
    pending_events                           0x20200160   Data           4  board_io.o(.bss..L_MergedGlobals)
    buzzer_deadline_ms                       0x20200164   Data           4  board_io.o(.bss..L_MergedGlobals)
    current_pattern                          0x20200168   Data           6  board_io.o(.bss..L_MergedGlobals)
    switch_states                            0x20200170   Data          16  board_io.o(.bss..L_MergedGlobals)
    buzzer_queue                             0x20200180   Data          24  board_io.o(.bss..L_MergedGlobals)
    key_states                               0x20200198   Data          36  board_io.o(.bss..L_MergedGlobals)
    LQ_Encoder_cnt                           0x202001bc   Data           1  lq_encoder.o(.bss..L_MergedGlobals)
    [Anonymous Symbol]                       0x202001bc   Section        0  lq_encoder.o(.bss..L_MergedGlobals)
    LQ_Encoder_fd                            0x202001c0   Data          32  lq_encoder.o(.bss..L_MergedGlobals)
    still_samples                            0x202001e0   Data           2  vehicle_imu.o(.bss..L_MergedGlobals.1)
    [Anonymous Symbol]                       0x202001e0   Section        0  vehicle_imu.o(.bss..L_MergedGlobals.1)
    gyro_x_bias                              0x202001e4   Data           4  vehicle_imu.o(.bss..L_MergedGlobals.1)
    gyro_y_bias                              0x202001e8   Data           4  vehicle_imu.o(.bss..L_MergedGlobals.1)
    gyro_z_bias                              0x202001ec   Data           4  vehicle_imu.o(.bss..L_MergedGlobals.1)
    yaw_rate_filtered_dps                    0x202001f0   Data           4  vehicle_imu.o(.bss..L_MergedGlobals.1)
    last_update_ms                           0x202001f4   Data           4  vehicle_imu.o(.bss..L_MergedGlobals.1)
    imu_state                                0x202001f8   Data          32  vehicle_imu.o(.bss..L_MergedGlobals.1)
    adc_clock                                0x20200244   Data          16  lq_adc.o(.bss.adc_clock)
    [Anonymous Symbol]                       0x20200244   Section        0  lq_adc.o(.bss.adc_clock)
    app                                      0x20200254   Data         120  diansai_app.o(.bss.app)
    [Anonymous Symbol]                       0x20200254   Section        0  diansai_app.o(.bss.app)
    battery_state                            0x202002cc   Data          12  vehicle_battery.o(.bss.battery_state)
    [Anonymous Symbol]                       0x202002cc   Section        0  vehicle_battery.o(.bss.battery_state)
    encoder_state                            0x202002d8   Data          32  vehicle_encoder.o(.bss.encoder_state)
    [Anonymous Symbol]                       0x202002d8   Section        0  vehicle_encoder.o(.bss.encoder_state)
    gray_state                               0x202002f8   Data          68  vehicle_gray.o(.bss.gray_state)
    [Anonymous Symbol]                       0x202002f8   Section        0  vehicle_gray.o(.bss.gray_state)
    square                                   0x2020033c   Data          44  vehicle_square_test.o(.bss.square)
    [Anonymous Symbol]                       0x2020033c   Section        0  vehicle_square_test.o(.bss.square)
    tx_buffer                                0x20200368   Data        1024  wheeltec_link.o(.bss.tx_buffer)
    [Anonymous Symbol]                       0x20200368   Section        0  wheeltec_link.o(.bss.tx_buffer)
    vehicle_control                          0x20200768   Data         264  diansai_app.o(.bss.vehicle_control)
    [Anonymous Symbol]                       0x20200768   Section        0  diansai_app.o(.bss.vehicle_control)
    STACK                                    0x20200870   Section    20480  startup_mspm0g350x_uvision.o(STACK)

    Global Symbols

    Symbol Name                              Value     Ov Type        Size  Object(Section)

    BuildAttributes$$THM_ISAv3M$S$PE$A:L22$X:L11$S22$IEEE1$IW$~IW$USESV6$~STKCKD$USESV7$~SHL$OTIME$ROPI$IEEEX$EBA8$MICROLIB$REQ8$PRES8$EABIv2 0x00000000   Number         0  anon$$obj.o ABSOLUTE
    __Vectors                                0x00000000   Data           4  startup_mspm0g350x_uvision.o(RESET)
    _printf_a                                0x00000000   Number         0  printfstubs.o ABSOLUTE
    _printf_c                                0x00000000   Number         0  printfstubs.o ABSOLUTE
    _printf_charcount                        0x00000000   Number         0  printfstubs.o ABSOLUTE
    _printf_d                                0x00000000   Number         0  printfstubs.o ABSOLUTE
    _printf_e                                0x00000000   Number         0  printfstubs.o ABSOLUTE
    _printf_f                                0x00000000   Number         0  printfstubs.o ABSOLUTE
    _printf_flags                            0x00000000   Number         0  printfstubs.o ABSOLUTE
    _printf_fp_dec                           0x00000000   Number         0  printfstubs.o ABSOLUTE
    _printf_fp_hex                           0x00000000   Number         0  printfstubs.o ABSOLUTE
    _printf_g                                0x00000000   Number         0  printfstubs.o ABSOLUTE
    _printf_i                                0x00000000   Number         0  printfstubs.o ABSOLUTE
    _printf_int_dec                          0x00000000   Number         0  printfstubs.o ABSOLUTE
    _printf_l                                0x00000000   Number         0  printfstubs.o ABSOLUTE
    _printf_lc                               0x00000000   Number         0  printfstubs.o ABSOLUTE
    _printf_ll                               0x00000000   Number         0  printfstubs.o ABSOLUTE
    _printf_lld                              0x00000000   Number         0  printfstubs.o ABSOLUTE
    _printf_lli                              0x00000000   Number         0  printfstubs.o ABSOLUTE
    _printf_llo                              0x00000000   Number         0  printfstubs.o ABSOLUTE
    _printf_llu                              0x00000000   Number         0  printfstubs.o ABSOLUTE
    _printf_llx                              0x00000000   Number         0  printfstubs.o ABSOLUTE
    _printf_longlong_dec                     0x00000000   Number         0  printfstubs.o ABSOLUTE
    _printf_longlong_hex                     0x00000000   Number         0  printfstubs.o ABSOLUTE
    _printf_longlong_oct                     0x00000000   Number         0  printfstubs.o ABSOLUTE
    _printf_ls                               0x00000000   Number         0  printfstubs.o ABSOLUTE
    _printf_mbtowc                           0x00000000   Number         0  printfstubs.o ABSOLUTE
    _printf_n                                0x00000000   Number         0  printfstubs.o ABSOLUTE
    _printf_o                                0x00000000   Number         0  printfstubs.o ABSOLUTE
    _printf_p                                0x00000000   Number         0  printfstubs.o ABSOLUTE
    _printf_percent                          0x00000000   Number         0  printfstubs.o ABSOLUTE
    _printf_pre_padding                      0x00000000   Number         0  printfstubs.o ABSOLUTE
    _printf_return_value                     0x00000000   Number         0  printfstubs.o ABSOLUTE
    _printf_s                                0x00000000   Number         0  printfstubs.o ABSOLUTE
    _printf_sizespec                         0x00000000   Number         0  printfstubs.o ABSOLUTE
    _printf_str                              0x00000000   Number         0  printfstubs.o ABSOLUTE
    _printf_truncate_signed                  0x00000000   Number         0  printfstubs.o ABSOLUTE
    _printf_truncate_unsigned                0x00000000   Number         0  printfstubs.o ABSOLUTE
    _printf_u                                0x00000000   Number         0  printfstubs.o ABSOLUTE
    _printf_wc                               0x00000000   Number         0  printfstubs.o ABSOLUTE
    _printf_wctomb                           0x00000000   Number         0  printfstubs.o ABSOLUTE
    _printf_widthprec                        0x00000000   Number         0  printfstubs.o ABSOLUTE
    _printf_x                                0x00000000   Number         0  printfstubs.o ABSOLUTE
    __cpp_initialize__aeabi_                  - Undefined Weak Reference
    __cxa_finalize                            - Undefined Weak Reference
    __decompress                              - Undefined Weak Reference
    _clock_init                               - Undefined Weak Reference
    _microlib_exit                            - Undefined Weak Reference
    _scanf_longlong                           - Undefined Weak Reference
    _scanf_real                               - Undefined Weak Reference
    _scanf_string                             - Undefined Weak Reference
    __Vectors_End                            0x000000c0   Data           0  startup_mspm0g350x_uvision.o(RESET)
    __Vectors_Size                           0x000000c0   Number         0  startup_mspm0g350x_uvision.o ABSOLUTE
    __main                                   0x000000c1   Thumb Code     0  entry.o(.ARM.Collect$$$$00000000)
    _main_stk                                0x000000c1   Thumb Code     0  entry2.o(.ARM.Collect$$$$00000001)
    _main_scatterload                        0x000000c5   Thumb Code     0  entry5.o(.ARM.Collect$$$$00000004)
    __main_after_scatterload                 0x000000c9   Thumb Code     0  entry5.o(.ARM.Collect$$$$00000004)
    _main_clock                              0x000000c9   Thumb Code     0  entry7b.o(.ARM.Collect$$$$00000008)
    _main_cpp_init                           0x000000c9   Thumb Code     0  entry8b.o(.ARM.Collect$$$$0000000A)
    _main_init                               0x000000c9   Thumb Code     0  entry9a.o(.ARM.Collect$$$$0000000B)
    __rt_final_cpp                           0x000000d1   Thumb Code     0  entry10a.o(.ARM.Collect$$$$0000000D)
    __rt_final_exit                          0x000000d1   Thumb Code     0  entry11a.o(.ARM.Collect$$$$0000000F)
    Reset_Handler                            0x000000d5   Thumb Code     4  startup_mspm0g350x_uvision.o(.text)
    NMI_Handler                              0x000000d9   Thumb Code     2  startup_mspm0g350x_uvision.o(.text)
    HardFault_Handler                        0x000000db   Thumb Code     2  startup_mspm0g350x_uvision.o(.text)
    SVC_Handler                              0x000000dd   Thumb Code     2  startup_mspm0g350x_uvision.o(.text)
    PendSV_Handler                           0x000000df   Thumb Code     2  startup_mspm0g350x_uvision.o(.text)
    AES_IRQHandler                           0x000000e3   Thumb Code     0  startup_mspm0g350x_uvision.o(.text)
    CANFD0_IRQHandler                        0x000000e3   Thumb Code     0  startup_mspm0g350x_uvision.o(.text)
    DAC0_IRQHandler                          0x000000e3   Thumb Code     0  startup_mspm0g350x_uvision.o(.text)
    Default_Handler                          0x000000e3   Thumb Code     2  startup_mspm0g350x_uvision.o(.text)
    GROUP0_IRQHandler                        0x000000e3   Thumb Code     0  startup_mspm0g350x_uvision.o(.text)
    I2C0_IRQHandler                          0x000000e3   Thumb Code     0  startup_mspm0g350x_uvision.o(.text)
    I2C1_IRQHandler                          0x000000e3   Thumb Code     0  startup_mspm0g350x_uvision.o(.text)
    RTC_IRQHandler                           0x000000e3   Thumb Code     0  startup_mspm0g350x_uvision.o(.text)
    SPI0_IRQHandler                          0x000000e3   Thumb Code     0  startup_mspm0g350x_uvision.o(.text)
    SPI1_IRQHandler                          0x000000e3   Thumb Code     0  startup_mspm0g350x_uvision.o(.text)
    __aeabi_ldivmod                          0x000000e9   Thumb Code    76  ldiv.o(.text)
    __aeabi_lmul                             0x00000135   Thumb Code    48  llmul.o(.text)
    _ll_mul                                  0x00000135   Thumb Code     0  llmul.o(.text)
    __aeabi_memset                           0x00000165   Thumb Code    14  memseta.o(.text)
    __aeabi_memset4                          0x00000165   Thumb Code     0  memseta.o(.text)
    __aeabi_memset8                          0x00000165   Thumb Code     0  memseta.o(.text)
    __aeabi_memclr                           0x00000173   Thumb Code     4  memseta.o(.text)
    __aeabi_memclr4                          0x00000173   Thumb Code     0  memseta.o(.text)
    __aeabi_memclr8                          0x00000173   Thumb Code     0  memseta.o(.text)
    _memset$wrapper                          0x00000177   Thumb Code    18  memseta.o(.text)
    strlen                                   0x00000189   Thumb Code    14  strlen.o(.text)
    strcmp                                   0x00000197   Thumb Code    28  strcmp.o(.text)
    strncmp                                  0x000001b3   Thumb Code    30  strncmp.o(.text)
    __0sscanf                                0x000001d1   Thumb Code    50  __0sscanf.o(.text)
    _scanf_int                               0x0000020d   Thumb Code   330  _scanf_int.o(.text)
    __aeabi_fadd                             0x00000357   Thumb Code   162  fadd.o(.text)
    __aeabi_fsub                             0x000003f9   Thumb Code     8  fadd.o(.text)
    __aeabi_frsub                            0x00000401   Thumb Code     8  fadd.o(.text)
    __aeabi_fmul                             0x00000409   Thumb Code   122  fmul.o(.text)
    __aeabi_fdiv                             0x00000483   Thumb Code   124  fdiv.o(.text)
    __aeabi_dadd                             0x00000501   Thumb Code   328  dadd.o(.text)
    __aeabi_dsub                             0x00000649   Thumb Code    12  dadd.o(.text)
    __aeabi_drsub                            0x00000655   Thumb Code    12  dadd.o(.text)
    __aeabi_dmul                             0x00000665   Thumb Code   202  dmul.o(.text)
    __aeabi_ddiv                             0x00000735   Thumb Code   234  ddiv.o(.text)
    __aeabi_fcmple                           0x00000825   Thumb Code    28  fcmple.o(.text)
    __aeabi_fcmplt                           0x00000841   Thumb Code    28  fcmplt.o(.text)
    __aeabi_fcmpge                           0x0000085d   Thumb Code    28  fcmpge.o(.text)
    __aeabi_fcmpgt                           0x00000879   Thumb Code    28  fcmpgt.o(.text)
    __aeabi_fcmpeq                           0x00000895   Thumb Code    28  fcmpeq.o(.text)
    __aeabi_i2f                              0x000008b1   Thumb Code    22  fflti.o(.text)
    __aeabi_ui2f                             0x000008c7   Thumb Code    14  ffltui.o(.text)
    __aeabi_ui2d                             0x000008d5   Thumb Code    24  dfltui.o(.text)
    __aeabi_f2iz                             0x000008f1   Thumb Code    50  ffixi.o(.text)
    __aeabi_d2uiz                            0x00000925   Thumb Code    50  dfixui.o(.text)
    __aeabi_uidiv                            0x00000961   Thumb Code     0  uidiv_div0.o(.text)
    __aeabi_uidivmod                         0x00000961   Thumb Code    62  uidiv_div0.o(.text)
    __aeabi_idiv                             0x000009a1   Thumb Code     0  idiv_div0.o(.text)
    __aeabi_idivmod$div0                     0x000009a1   Thumb Code    74  idiv_div0.o(.text)
    __aeabi_uldivmod                         0x000009f1   Thumb Code    96  uldiv.o(.text)
    __aeabi_llsl                             0x00000a51   Thumb Code    32  llshl.o(.text)
    _ll_shift_l                              0x00000a51   Thumb Code     0  llshl.o(.text)
    __aeabi_llsr                             0x00000a71   Thumb Code    34  llushr.o(.text)
    _ll_ushift_r                             0x00000a71   Thumb Code     0  llushr.o(.text)
    __aeabi_lasr                             0x00000a93   Thumb Code    38  llsshr.o(.text)
    _ll_sshift_r                             0x00000a93   Thumb Code     0  llsshr.o(.text)
    _chval                                   0x00000ab9   Thumb Code    30  _chval.o(.text)
    __vfscanf_char                           0x00000ae5   Thumb Code    24  scanf_char.o(.text)
    _sgetc                                   0x00000b05   Thumb Code    32  _sgetc.o(.text)
    _sbackspace                              0x00000b25   Thumb Code    36  _sgetc.o(.text)
    __I$use$fp                               0x00000b49   Thumb Code     0  iusefp.o(.text)
    _float_round                             0x00000b49   Thumb Code    16  fepilogue.o(.text)
    _float_epilogue                          0x00000b59   Thumb Code   114  fepilogue.o(.text)
    _fsqrt                                   0x00000bcb   Thumb Code    88  fsqrt.o(.text)
    _double_round                            0x00000c23   Thumb Code    26  depilogue.o(.text)
    _double_epilogue                         0x00000c3d   Thumb Code   164  depilogue.o(.text)
    __scatterload                            0x00000ce1   Thumb Code    28  init.o(.text)
    __scatterload_rt2                        0x00000ce1   Thumb Code     0  init.o(.text)
    isspace                                  0x00000d05   Thumb Code    14  isspace_c.o(.text)
    __vfscanf                                0x00000d15   Thumb Code   812  _scanf.o(.text)
    __ARM_scalbnf                            0x0000104d   Thumb Code    24  fscalb.o(.text)
    scalbnf                                  0x0000104d   Thumb Code     0  fscalb.o(.text)
    __ctype_lookup                           0x00001065   Thumb Code    32  ctype_c.o(.text)
    ADC0_IRQHandler                          0x00001089   Thumb Code     8  lq_isr.o(.text.ADC0_IRQHandler)
    ADC1_IRQHandler                          0x00001095   Thumb Code     8  lq_isr.o(.text.ADC1_IRQHandler)
    BoardBuzzer_Play                         0x00001321   Thumb Code    56  board_io.o(.text.BoardBuzzer_Play)
    BoardBuzzer_SetContinuous                0x00001359   Thumb Code    52  board_io.o(.text.BoardBuzzer_SetContinuous)
    BoardBuzzer_Stop                         0x0000138d   Thumb Code    20  board_io.o(.text.BoardBuzzer_Stop)
    BoardIo_GetPressedMask                   0x000013a1   Thumb Code    32  board_io.o(.text.BoardIo_GetPressedMask)
    BoardIo_GetSwitchDownMask                0x000013c1   Thumb Code    24  board_io.o(.text.BoardIo_GetSwitchDownMask)
    BoardIo_Init                             0x000013d9   Thumb Code   256  board_io.o(.text.BoardIo_Init)
    BoardIo_TakeKeyEvents                    0x000014d9   Thumb Code    12  board_io.o(.text.BoardIo_TakeKeyEvents)
    BoardIo_TakeSwitchChangedMask            0x000014e5   Thumb Code    12  board_io.o(.text.BoardIo_TakeSwitchChangedMask)
    BoardIo_Update                           0x000014f5   Thumb Code   692  board_io.o(.text.BoardIo_Update)
    DL_ADC12_setClockConfig                  0x00001971   Thumb Code    56  dl_adc12.o(.text.DL_ADC12_setClockConfig)
    DL_Common_delayCycles                    0x000019b1   Thumb Code    10  dl_common.o(.text.DL_Common_delayCycles)
    DL_SYSCTL_configFCC                      0x000019bd   Thumb Code    24  dl_sysctl_mspm0g1x0x_g3x0x.o(.text.DL_SYSCTL_configFCC)
    DL_SYSCTL_configSYSPLL                   0x000019d9   Thumb Code   220  dl_sysctl_mspm0g1x0x_g3x0x.o(.text.DL_SYSCTL_configSYSPLL)
    DL_SYSCTL_setHFCLKSourceHFXTParams       0x00001ac5   Thumb Code   100  dl_sysctl_mspm0g1x0x_g3x0x.o(.text.DL_SYSCTL_setHFCLKSourceHFXTParams)
    DL_SYSCTL_switchMCLKfromSYSOSCtoHSCLK    0x00001b2d   Thumb Code    72  dl_sysctl_mspm0g1x0x_g3x0x.o(.text.DL_SYSCTL_switchMCLKfromSYSOSCtoHSCLK)
    DL_Timer_setCaptCompUpdateMethod         0x00001b7d   Thumb Code    24  dl_timer.o(.text.DL_Timer_setCaptCompUpdateMethod)
    DL_Timer_setCaptureCompareAction         0x00001b95   Thumb Code    24  dl_timer.o(.text.DL_Timer_setCaptureCompareAction)
    DL_Timer_setCaptureCompareCtl            0x00001bb9   Thumb Code    28  dl_timer.o(.text.DL_Timer_setCaptureCompareCtl)
    DL_Timer_setCaptureCompareInput          0x00001be1   Thumb Code    26  dl_timer.o(.text.DL_Timer_setCaptureCompareInput)
    DL_Timer_setCaptureCompareOutCtl         0x00001bfd   Thumb Code    20  dl_timer.o(.text.DL_Timer_setCaptureCompareOutCtl)
    DL_Timer_setCaptureCompareValue          0x00001c15   Thumb Code    12  dl_timer.o(.text.DL_Timer_setCaptureCompareValue)
    DMA_IRQHandler                           0x00001c25   Thumb Code     2  lq_isr.o(.text.DMA_IRQHandler)
    DiansaiApp_Init                          0x00001c29   Thumb Code   724  diansai_app.o(.text.DiansaiApp_Init)
    DiansaiApp_Run                           0x00001f9d   Thumb Code  3768  diansai_app.o(.text.DiansaiApp_Run)
    GROUP1_IRQHandler                        0x00002e95   Thumb Code     8  lq_isr.o(.text.GROUP1_IRQHandler)
    LQ_ADC_EnableConversions                 0x0000307d   Thumb Code    20  lq_adc.o(.text.LQ_ADC_EnableConversions)
    LQ_ADC_GetValue                          0x00003091   Thumb Code   104  lq_adc.o(.text.LQ_ADC_GetValue)
    LQ_ADC_Init                              0x00003101   Thumb Code    92  lq_adc.o(.text.LQ_ADC_Init)
    LQ_ADC_StartConversions                  0x00003161   Thumb Code    20  lq_adc.o(.text.LQ_ADC_StartConversions)
    LQ_DMA_Init                              0x0000317d   Thumb Code    56  lq_dma.o(.text.LQ_DMA_Init)
    LQ_DMA_SetDstAddr                        0x000031b9   Thumb Code     8  lq_dma.o(.text.LQ_DMA_SetDstAddr)
    LQ_DMA_SetSrcAddr                        0x000031c5   Thumb Code     8  lq_dma.o(.text.LQ_DMA_SetSrcAddr)
    LQ_DMA_SetTransferSize                   0x000031d1   Thumb Code     8  lq_dma.o(.text.LQ_DMA_SetTransferSize)
    LQ_EXIT_Enable                           0x000031dd   Thumb Code    72  lq_exti.o(.text.LQ_EXIT_Enable)
    LQ_EXIT_Init                             0x00003235   Thumb Code    92  lq_exti.o(.text.LQ_EXIT_Init)
    LQ_Encoder_IRQHandlers                   0x000032ad   Thumb Code   136  lq_encoder.o(.text.LQ_Encoder_IRQHandlers)
    LQ_Encoder_Init                          0x0000333d   Thumb Code   132  lq_encoder.o(.text.LQ_Encoder_Init)
    LQ_Encoder_TIMER_IRQHandler              0x000033c9   Thumb Code   132  lq_encoder.o(.text.LQ_Encoder_TIMER_IRQHandler)
    LQ_GPIO_Init                             0x00003451   Thumb Code    76  lq_gpio.o(.text.LQ_GPIO_Init)
    LQ_GPIO_ReadPin                          0x000034a9   Thumb Code    32  lq_gpio.o(.text.LQ_GPIO_ReadPin)
    LQ_GPIO_WritePin                         0x000034c9   Thumb Code    44  lq_gpio.o(.text.LQ_GPIO_WritePin)
    LQ_PWM_CalcOptimal                       0x00003501   Thumb Code  3156  lq_pwm.o(.text.LQ_PWM_CalcOptimal)
    LQ_System_Init                           0x00004155   Thumb Code   628  lq_clock.o(.text.LQ_System_Init)
    LQ_TIMER_BaseInit                        0x000043c9   Thumb Code   184  lq_time.o(.text.LQ_TIMER_BaseInit)
    LQ_TIMER_EnablePWMChannel                0x00004485   Thumb Code    84  lq_pwm.o(.text.LQ_TIMER_EnablePWMChannel)
    LQ_TIMER_ITConfig                        0x000044e9   Thumb Code    68  lq_time.o(.text.LQ_TIMER_ITConfig)
    LQ_TIMER_ITEnable                        0x00004539   Thumb Code    20  lq_time.o(.text.LQ_TIMER_ITEnable)
    LQ_TIMER_PWMInit                         0x00004555   Thumb Code   424  lq_pwm.o(.text.LQ_TIMER_PWMInit)
    LQ_TIMER_PWMSetCaptureCompare            0x00004709   Thumb Code    28  lq_pwm.o(.text.LQ_TIMER_PWMSetCaptureCompare)
    LQ_TIMER_PWM_Start                       0x0000472d   Thumb Code    20  lq_pwm.o(.text.LQ_TIMER_PWM_Start)
    LQ_TIMER_SetLoadCallback                 0x00004741   Thumb Code     8  lq_time.o(.text.LQ_TIMER_SetLoadCallback)
    LQ_TIMER_Start                           0x0000474d   Thumb Code    20  lq_time.o(.text.LQ_TIMER_Start)
    LQ_Tracking_Polling_Init                 0x00004769   Thumb Code    80  lq_tracking.o(.text.LQ_Tracking_Polling_Init)
    LQ_UART_EnableDMATransmit                0x000047bd   Thumb Code    16  lq_uart.o(.text.LQ_UART_EnableDMATransmit)
    LQ_UART_GetTXRegister                    0x000047d1   Thumb Code    16  lq_uart.o(.text.LQ_UART_GetTXRegister)
    LQ_UART_Init                             0x000047e1   Thumb Code   280  lq_uart.o(.text.LQ_UART_Init)
    SysTick_Handler                          0x00005ac9   Thumb Code    12  diansai_app.o(.text.SysTick_Handler)
    TIMA0_IRQHandler                         0x00005ad9   Thumb Code    24  lq_isr.o(.text.TIMA0_IRQHandler)
    TIMA1_IRQHandler                         0x00005af5   Thumb Code    24  lq_isr.o(.text.TIMA1_IRQHandler)
    TIMG0_IRQHandler                         0x00005b11   Thumb Code    24  lq_isr.o(.text.TIMG0_IRQHandler)
    TIMG12_IRQHandler                        0x00005b2d   Thumb Code    24  lq_isr.o(.text.TIMG12_IRQHandler)
    TIMG6_IRQHandler                         0x00005b49   Thumb Code    24  lq_isr.o(.text.TIMG6_IRQHandler)
    TIMG7_IRQHandler                         0x00005b65   Thumb Code    24  lq_isr.o(.text.TIMG7_IRQHandler)
    TIMG8_IRQHandler                         0x00005b81   Thumb Code    24  lq_isr.o(.text.TIMG8_IRQHandler)
    UART0_IRQHandler                         0x00005d39   Thumb Code    24  lq_isr.o(.text.UART0_IRQHandler)
    UART1_IRQHandler                         0x00005d55   Thumb Code    24  lq_isr.o(.text.UART1_IRQHandler)
    UART2_IRQHandler                         0x00005d71   Thumb Code    24  lq_isr.o(.text.UART2_IRQHandler)
    UART3_IRQHandler                         0x00005d8d   Thumb Code    24  lq_isr.o(.text.UART3_IRQHandler)
    VehicleBattery_GetState                  0x00005f95   Thumb Code     4  vehicle_battery.o(.text.VehicleBattery_GetState)
    VehicleBattery_Init                      0x00005f99   Thumb Code    36  vehicle_battery.o(.text.VehicleBattery_Init)
    VehicleBattery_Update                    0x00005fc1   Thumb Code   136  vehicle_battery.o(.text.VehicleBattery_Update)
    VehicleCascade_ConfigurePid              0x00006059   Thumb Code    76  vehicle_cascade_control.o(.text.VehicleCascade_ConfigurePid)
    VehicleCascade_Init                      0x000060a9   Thumb Code    64  vehicle_cascade_control.o(.text.VehicleCascade_Init)
    VehicleCascade_Reset                     0x000060fd   Thumb Code    82  vehicle_cascade_control.o(.text.VehicleCascade_Reset)
    VehicleCascade_ResetHeadingReference     0x00006151   Thumb Code   244  vehicle_cascade_control.o(.text.VehicleCascade_ResetHeadingReference)
    VehicleCascade_SetEnabledLoops           0x00006255   Thumb Code   118  vehicle_cascade_control.o(.text.VehicleCascade_SetEnabledLoops)
    VehicleCascade_SetMotorFeedforward       0x000062cb   Thumb Code    58  vehicle_cascade_control.o(.text.VehicleCascade_SetMotorFeedforward)
    VehicleCascade_Step                      0x00006305   Thumb Code  3364  vehicle_cascade_control.o(.text.VehicleCascade_Step)
    VehicleEncoder_GetState                  0x00007039   Thumb Code     4  vehicle_encoder.o(.text.VehicleEncoder_GetState)
    VehicleEncoder_Init                      0x0000703d   Thumb Code    84  vehicle_encoder.o(.text.VehicleEncoder_Init)
    VehicleEncoder_Reset                     0x00007091   Thumb Code    40  vehicle_encoder.o(.text.VehicleEncoder_Reset)
    VehicleEncoder_Update                    0x000070b9   Thumb Code   308  vehicle_encoder.o(.text.VehicleEncoder_Update)
    VehicleGray_CaptureBackground            0x00007205   Thumb Code    28  vehicle_gray.o(.text.VehicleGray_CaptureBackground)
    VehicleGray_CaptureLine                  0x00007221   Thumb Code    28  vehicle_gray.o(.text.VehicleGray_CaptureLine)
    VehicleGray_CountLineChannels            0x0000723d   Thumb Code   128  vehicle_gray.o(.text.VehicleGray_CountLineChannels)
    VehicleGray_GetState                     0x000072bd   Thumb Code     4  vehicle_gray.o(.text.VehicleGray_GetState)
    VehicleGray_Init                         0x000072c1   Thumb Code    16  vehicle_gray.o(.text.VehicleGray_Init)
    VehicleGray_ResetCalibration             0x000072d1   Thumb Code    16  vehicle_gray.o(.text.VehicleGray_ResetCalibration)
    VehicleGray_Update                       0x000072e1   Thumb Code   644  vehicle_gray.o(.text.VehicleGray_Update)
    VehicleImu_CalibrateGyro                 0x00007569   Thumb Code   472  vehicle_imu.o(.text.VehicleImu_CalibrateGyro)
    VehicleImu_GetState                      0x00007741   Thumb Code     8  vehicle_imu.o(.text.VehicleImu_GetState)
    VehicleImu_Init                          0x00007749   Thumb Code   372  vehicle_imu.o(.text.VehicleImu_Init)
    VehicleImu_ResetYaw                      0x000078c5   Thumb Code    12  vehicle_imu.o(.text.VehicleImu_ResetYaw)
    VehicleImu_Update                        0x000078d5   Thumb Code   704  vehicle_imu.o(.text.VehicleImu_Update)
    VehicleLine_Configure                    0x00007bd5   Thumb Code   132  vehicle_line_control.o(.text.VehicleLine_Configure)
    VehicleLine_GetState                     0x00007c61   Thumb Code     8  vehicle_line_control.o(.text.VehicleLine_GetState)
    VehicleLine_Init                         0x00007c69   Thumb Code    24  vehicle_line_control.o(.text.VehicleLine_Init)
    VehicleLine_Reset                        0x00007c81   Thumb Code    16  vehicle_line_control.o(.text.VehicleLine_Reset)
    VehicleLine_Update                       0x00007c95   Thumb Code  1216  vehicle_line_control.o(.text.VehicleLine_Update)
    VehicleMotor_GetState                    0x0000816d   Thumb Code     8  vehicle_motor.o(.text.VehicleMotor_GetState)
    VehicleMotor_Init                        0x00008175   Thumb Code   228  vehicle_motor.o(.text.VehicleMotor_Init)
    VehicleMotor_Set                         0x0000825d   Thumb Code   100  vehicle_motor.o(.text.VehicleMotor_Set)
    VehicleMotor_Stop                        0x000082c1   Thumb Code    60  vehicle_motor.o(.text.VehicleMotor_Stop)
    VehicleSquare_GetState                   0x00008309   Thumb Code     4  vehicle_square_test.o(.text.VehicleSquare_GetState)
    VehicleSquare_Init                       0x0000830d   Thumb Code    12  vehicle_square_test.o(.text.VehicleSquare_Init)
    VehicleSquare_Start                      0x00008319   Thumb Code   480  vehicle_square_test.o(.text.VehicleSquare_Start)
    VehicleSquare_Stop                       0x00008509   Thumb Code    24  vehicle_square_test.o(.text.VehicleSquare_Stop)
    VehicleSquare_TakeStatusChanged          0x00008521   Thumb Code    12  vehicle_square_test.o(.text.VehicleSquare_TakeStatusChanged)
    VehicleSquare_TakeTargetChanged          0x0000852d   Thumb Code    12  vehicle_square_test.o(.text.VehicleSquare_TakeTargetChanged)
    VehicleSquare_Update                     0x0000853d   Thumb Code  1220  vehicle_square_test.o(.text.VehicleSquare_Update)
    WheeltecLink_Init                        0x00008a41   Thumb Code   124  wheeltec_link.o(.text.WheeltecLink_Init)
    WheeltecLink_Poll                        0x00008ae9   Thumb Code   144  wheeltec_link.o(.text.WheeltecLink_Poll)
    WheeltecLink_SendText                    0x00008b7d   Thumb Code   196  wheeltec_link.o(.text.WheeltecLink_SendText)
    WheeltecLink_ServiceTx                   0x00008c41   Thumb Code   116  wheeltec_link.o(.text.WheeltecLink_ServiceTx)
    delay_ms                                 0x00008d9d   Thumb Code    68  lq_utils.o(.text.delay_ms)
    delay_us                                 0x00008de5   Thumb Code    68  lq_utils.o(.text.delay_us)
    main                                     0x00008e2d   Thumb Code    22  main_diansai.o(.text.main)
    __0snprintf$6                            0x00008e45   Thumb Code    50  printf6.o(i.__0snprintf$6)
    __1snprintf$6                            0x00008e45   Thumb Code     0  printf6.o(i.__0snprintf$6)
    __2snprintf                              0x00008e45   Thumb Code     0  printf6.o(i.__0snprintf$6)
    __ARM_clz                                0x00008e7d   Thumb Code    46  depilogue.o(i.__ARM_clz)
    __ARM_fpclassifyf                        0x00008eab   Thumb Code    34  fpclassifyf.o(i.__ARM_fpclassifyf)
    __mathlib_flt_infnan2                    0x00008ecd   Thumb Code     8  funder.o(i.__mathlib_flt_infnan2)
    __mathlib_flt_underflow                  0x00008ed5   Thumb Code    14  funder.o(i.__mathlib_flt_underflow)
    __scatterload_copy                       0x00008ee9   Thumb Code    14  handlers.o(i.__scatterload_copy)
    __scatterload_null                       0x00008ef9   Thumb Code     2  handlers.o(i.__scatterload_null)
    __scatterload_zeroinit                   0x00008f01   Thumb Code    14  handlers.o(i.__scatterload_zeroinit)
    __set_errno                              0x00008f11   Thumb Code     6  errno.o(i.__set_errno)
    atan2f                                   0x00009285   Thumb Code   592  atan2f.o(i.atan2f)
    sqrtf                                    0x00009521   Thumb Code    44  sqrtf.o(i.sqrtf)
    __ctype_categories                       0x0000954c   Data          64  ctype_c.o(.constdata)
    LQ_ADC_Regs                              0x0000958c   Data           8  lq_adc.o(.rodata.LQ_ADC_Regs)
    LQ_GPIO_MAP                              0x00009594   Data         120  lq_gpio.o(.rodata.LQ_GPIO_MAP)
    LQ_TIMER_Regs                            0x000097f4   Data          28  lq_time.o(.rodata.LQ_TIMER_Regs)
    LQ_UART_MAP                              0x00009810   Data         256  lq_uart.o(.rodata.LQ_UART_MAP)
    LQ_UART_Regs                             0x00009910   Data          16  lq_uart.o(.rodata.LQ_UART_Regs)
    Region$$Table$$Base                      0x00009f9c   Number         0  anon$$obj.o(Region$$Table)
    Region$$Table$$Limit                     0x00009fbc   Number         0  anon$$obj.o(Region$$Table)
    LQ_GPIO_Regs                             0x20200028   Data           8  lq_gpio.o(.data.LQ_GPIO_Regs)
    LQ_TIM_IT_CallBack                       0x20200218   Data          28  lq_time.o(.bss.LQ_TIM_IT_CallBack)
    LQ_UART_IT_CallBack                      0x20200234   Data          16  lq_uart.o(.bss.LQ_UART_IT_CallBack)
    __initial_sp                             0x20205870   Data           0  startup_mspm0g350x_uvision.o(STACK)



==============================================================================

Memory Map of the image

  Image Entry point : 0x000000c1

  Load Region LR_IROM1 (Base: 0x00000000, Size: 0x00009ff0, Max: 0x00020000, ABSOLUTE)

    Execution Region ER_IROM1 (Exec base: 0x00000000, Load base: 0x00000000, Size: 0x00009fbc, Max: 0x00020000, ABSOLUTE)

    Exec Addr    Load Addr    Size         Type   Attr      Idx    E Section Name        Object

    0x00000000   0x00000000   0x000000c0   Data   RO          283    RESET               startup_mspm0g350x_uvision.o
    0x000000c0   0x000000c0   0x00000000   Code   RO         1637  * .ARM.Collect$$$$00000000  mc_p.l(entry.o)
    0x000000c0   0x000000c0   0x00000004   Code   RO         1977    .ARM.Collect$$$$00000001  mc_p.l(entry2.o)
    0x000000c4   0x000000c4   0x00000004   Code   RO         1980    .ARM.Collect$$$$00000004  mc_p.l(entry5.o)
    0x000000c8   0x000000c8   0x00000000   Code   RO         1982    .ARM.Collect$$$$00000008  mc_p.l(entry7b.o)
    0x000000c8   0x000000c8   0x00000000   Code   RO         1984    .ARM.Collect$$$$0000000A  mc_p.l(entry8b.o)
    0x000000c8   0x000000c8   0x00000008   Code   RO         1985    .ARM.Collect$$$$0000000B  mc_p.l(entry9a.o)
    0x000000d0   0x000000d0   0x00000000   Code   RO         1987    .ARM.Collect$$$$0000000D  mc_p.l(entry10a.o)
    0x000000d0   0x000000d0   0x00000000   Code   RO         1989    .ARM.Collect$$$$0000000F  mc_p.l(entry11a.o)
    0x000000d0   0x000000d0   0x00000004   Code   RO         1978    .ARM.Collect$$$$00002712  mc_p.l(entry2.o)
    0x000000d4   0x000000d4   0x00000014   Code   RO          284    .text               startup_mspm0g350x_uvision.o
    0x000000e8   0x000000e8   0x0000004c   Code   RO         1648    .text               mc_p.l(ldiv.o)
    0x00000134   0x00000134   0x00000030   Code   RO         1650    .text               mc_p.l(llmul.o)
    0x00000164   0x00000164   0x00000024   Code   RO         1654    .text               mc_p.l(memseta.o)
    0x00000188   0x00000188   0x0000000e   Code   RO         1656    .text               mc_p.l(strlen.o)
    0x00000196   0x00000196   0x0000001c   Code   RO         1658    .text               mc_p.l(strcmp.o)
    0x000001b2   0x000001b2   0x0000001e   Code   RO         1660    .text               mc_p.l(strncmp.o)
    0x000001d0   0x000001d0   0x0000003c   Code   RO         1925    .text               mc_p.l(__0sscanf.o)
    0x0000020c   0x0000020c   0x0000014a   Code   RO         1927    .text               mc_p.l(_scanf_int.o)
    0x00000356   0x00000356   0x000000b2   Code   RO         1929    .text               mf_p.l(fadd.o)
    0x00000408   0x00000408   0x0000007a   Code   RO         1931    .text               mf_p.l(fmul.o)
    0x00000482   0x00000482   0x0000007c   Code   RO         1933    .text               mf_p.l(fdiv.o)
    0x000004fe   0x000004fe   0x00000002   PAD
    0x00000500   0x00000500   0x00000164   Code   RO         1935    .text               mf_p.l(dadd.o)
    0x00000664   0x00000664   0x000000d0   Code   RO         1937    .text               mf_p.l(dmul.o)
    0x00000734   0x00000734   0x000000f0   Code   RO         1939    .text               mf_p.l(ddiv.o)
    0x00000824   0x00000824   0x0000001c   Code   RO         1941    .text               mf_p.l(fcmple.o)
    0x00000840   0x00000840   0x0000001c   Code   RO         1943    .text               mf_p.l(fcmplt.o)
    0x0000085c   0x0000085c   0x0000001c   Code   RO         1945    .text               mf_p.l(fcmpge.o)
    0x00000878   0x00000878   0x0000001c   Code   RO         1947    .text               mf_p.l(fcmpgt.o)
    0x00000894   0x00000894   0x0000001c   Code   RO         1949    .text               mf_p.l(fcmpeq.o)
    0x000008b0   0x000008b0   0x00000016   Code   RO         1951    .text               mf_p.l(fflti.o)
    0x000008c6   0x000008c6   0x0000000e   Code   RO         1953    .text               mf_p.l(ffltui.o)
    0x000008d4   0x000008d4   0x0000001c   Code   RO         1955    .text               mf_p.l(dfltui.o)
    0x000008f0   0x000008f0   0x00000032   Code   RO         1957    .text               mf_p.l(ffixi.o)
    0x00000922   0x00000922   0x00000002   PAD
    0x00000924   0x00000924   0x0000003c   Code   RO         1959    .text               mf_p.l(dfixui.o)
    0x00000960   0x00000960   0x0000003e   Code   RO         1996    .text               mc_p.l(uidiv_div0.o)
    0x0000099e   0x0000099e   0x00000002   PAD
    0x000009a0   0x000009a0   0x00000050   Code   RO         1998    .text               mc_p.l(idiv_div0.o)
    0x000009f0   0x000009f0   0x00000060   Code   RO         2002    .text               mc_p.l(uldiv.o)
    0x00000a50   0x00000a50   0x00000020   Code   RO         2004    .text               mc_p.l(llshl.o)
    0x00000a70   0x00000a70   0x00000022   Code   RO         2006    .text               mc_p.l(llushr.o)
    0x00000a92   0x00000a92   0x00000026   Code   RO         2008    .text               mc_p.l(llsshr.o)
    0x00000ab8   0x00000ab8   0x0000001e   Code   RO         2017    .text               mc_p.l(_chval.o)
    0x00000ad6   0x00000ad6   0x00000002   PAD
    0x00000ad8   0x00000ad8   0x0000002c   Code   RO         2019    .text               mc_p.l(scanf_char.o)
    0x00000b04   0x00000b04   0x00000044   Code   RO         2021    .text               mc_p.l(_sgetc.o)
    0x00000b48   0x00000b48   0x00000000   Code   RO         2023    .text               mc_p.l(iusefp.o)
    0x00000b48   0x00000b48   0x00000082   Code   RO         2024    .text               mf_p.l(fepilogue.o)
    0x00000bca   0x00000bca   0x00000058   Code   RO         2026    .text               mf_p.l(fsqrt.o)
    0x00000c22   0x00000c22   0x000000be   Code   RO         2028    .text               mf_p.l(depilogue.o)
    0x00000ce0   0x00000ce0   0x00000024   Code   RO         2036    .text               mc_p.l(init.o)
    0x00000d04   0x00000d04   0x0000000e   Code   RO         2038    .text               mc_p.l(isspace_c.o)
    0x00000d12   0x00000d12   0x00000002   PAD
    0x00000d14   0x00000d14   0x00000338   Code   RO         2040    .text               mc_p.l(_scanf.o)
    0x0000104c   0x0000104c   0x00000018   Code   RO         2042    .text               mf_p.l(fscalb.o)
    0x00001064   0x00001064   0x00000024   Code   RO         2044    .text               mc_p.l(ctype_c.o)
    0x00001088   0x00001088   0x0000000c   Code   RO          347    .text.ADC0_IRQHandler  lq_isr.o
    0x00001094   0x00001094   0x0000000c   Code   RO          349    .text.ADC1_IRQHandler  lq_isr.o
    0x000010a0   0x000010a0   0x00000174   Code   RO           24    .text.BeginHeadingControl  diansai_app.o
    0x00001214   0x00001214   0x0000010c   Code   RO           28    .text.BeginLineControl  diansai_app.o
    0x00001320   0x00001320   0x00000038   Code   RO          255    .text.BoardBuzzer_Play  board_io.o
    0x00001358   0x00001358   0x00000034   Code   RO          261    .text.BoardBuzzer_SetContinuous  board_io.o
    0x0000138c   0x0000138c   0x00000014   Code   RO          257    .text.BoardBuzzer_Stop  board_io.o
    0x000013a0   0x000013a0   0x00000020   Code   RO          249    .text.BoardIo_GetPressedMask  board_io.o
    0x000013c0   0x000013c0   0x00000018   Code   RO          253    .text.BoardIo_GetSwitchDownMask  board_io.o
    0x000013d8   0x000013d8   0x00000100   Code   RO          243    .text.BoardIo_Init  board_io.o
    0x000014d8   0x000014d8   0x0000000c   Code   RO          247    .text.BoardIo_TakeKeyEvents  board_io.o
    0x000014e4   0x000014e4   0x00000010   Code   RO          251    .text.BoardIo_TakeSwitchChangedMask  board_io.o
    0x000014f4   0x000014f4   0x000002b8   Code   RO          245    .text.BoardIo_Update  board_io.o
    0x000017ac   0x000017ac   0x00000078   Code   RO           34    .text.CalibrateGrayReference  diansai_app.o
    0x00001824   0x00001824   0x0000002e   Code   RO           32    .text.CalibrateGyroWithFeedback  diansai_app.o
    0x00001852   0x00001852   0x00000002   PAD
    0x00001854   0x00001854   0x0000009c   Code   RO           22    .text.ConfigureLinePid  diansai_app.o
    0x000018f0   0x000018f0   0x00000080   Code   RO           20    .text.ConfigureYawPid  diansai_app.o
    0x00001970   0x00001970   0x00000040   Code   RO          360    .text.DL_ADC12_setClockConfig  dl_adc12.o
    0x000019b0   0x000019b0   0x0000000a   Code   RO          409    .text.DL_Common_delayCycles  dl_common.o
    0x000019ba   0x000019ba   0x00000002   PAD
    0x000019bc   0x000019bc   0x0000001c   Code   RO          307    .text.DL_SYSCTL_configFCC  dl_sysctl_mspm0g1x0x_g3x0x.o
    0x000019d8   0x000019d8   0x000000ec   Code   RO          291    .text.DL_SYSCTL_configSYSPLL  dl_sysctl_mspm0g1x0x_g3x0x.o
    0x00001ac4   0x00001ac4   0x00000068   Code   RO          305    .text.DL_SYSCTL_setHFCLKSourceHFXTParams  dl_sysctl_mspm0g1x0x_g3x0x.o
    0x00001b2c   0x00001b2c   0x00000050   Code   RO          299    .text.DL_SYSCTL_switchMCLKfromSYSOSCtoHSCLK  dl_sysctl_mspm0g1x0x_g3x0x.o
    0x00001b7c   0x00001b7c   0x00000018   Code   RO          978    .text.DL_Timer_setCaptCompUpdateMethod  dl_timer.o
    0x00001b94   0x00001b94   0x00000024   Code   RO          990    .text.DL_Timer_setCaptureCompareAction  dl_timer.o
    0x00001bb8   0x00001bb8   0x00000028   Code   RO          940    .text.DL_Timer_setCaptureCompareCtl  dl_timer.o
    0x00001be0   0x00001be0   0x0000001a   Code   RO          944    .text.DL_Timer_setCaptureCompareInput  dl_timer.o
    0x00001bfa   0x00001bfa   0x00000002   PAD
    0x00001bfc   0x00001bfc   0x00000018   Code   RO          986    .text.DL_Timer_setCaptureCompareOutCtl  dl_timer.o
    0x00001c14   0x00001c14   0x00000010   Code   RO          938    .text.DL_Timer_setCaptureCompareValue  dl_timer.o
    0x00001c24   0x00001c24   0x00000002   Code   RO          351    .text.DMA_IRQHandler  lq_isr.o
    0x00001c26   0x00001c26   0x00000002   PAD
    0x00001c28   0x00001c28   0x00000374   Code   RO            2    .text.DiansaiApp_Init  diansai_app.o
    0x00001f9c   0x00001f9c   0x00000ef8   Code   RO           12    .text.DiansaiApp_Run  diansai_app.o
    0x00002e94   0x00002e94   0x00000008   Code   RO          345    .text.GROUP1_IRQHandler  lq_isr.o
    0x00002e9c   0x00002e9c   0x000001e0   Code   RO           64    .text.IncrementalPidStep  vehicle_cascade_control.o
    0x0000307c   0x0000307c   0x00000014   Code   RO         1363    .text.LQ_ADC_EnableConversions  lq_adc.o
    0x00003090   0x00003090   0x00000070   Code   RO         1365    .text.LQ_ADC_GetValue  lq_adc.o
    0x00003100   0x00003100   0x00000060   Code   RO         1359    .text.LQ_ADC_Init   lq_adc.o
    0x00003160   0x00003160   0x0000001c   Code   RO         1367    .text.LQ_ADC_StartConversions  lq_adc.o
    0x0000317c   0x0000317c   0x0000003c   Code   RO         1577    .text.LQ_DMA_Init   lq_dma.o
    0x000031b8   0x000031b8   0x0000000c   Code   RO         1583    .text.LQ_DMA_SetDstAddr  lq_dma.o
    0x000031c4   0x000031c4   0x0000000c   Code   RO         1581    .text.LQ_DMA_SetSrcAddr  lq_dma.o
    0x000031d0   0x000031d0   0x0000000c   Code   RO         1585    .text.LQ_DMA_SetTransferSize  lq_dma.o
    0x000031dc   0x000031dc   0x00000058   Code   RO         1395    .text.LQ_EXIT_Enable  lq_exti.o
    0x00003234   0x00003234   0x00000078   Code   RO         1393    .text.LQ_EXIT_Init  lq_exti.o
    0x000032ac   0x000032ac   0x00000090   Code   RO         1219    .text.LQ_Encoder_IRQHandlers  lq_encoder.o
    0x0000333c   0x0000333c   0x0000008c   Code   RO         1215    .text.LQ_Encoder_Init  lq_encoder.o
    0x000033c8   0x000033c8   0x00000088   Code   RO         1217    .text.LQ_Encoder_TIMER_IRQHandler  lq_encoder.o
    0x00003450   0x00003450   0x00000058   Code   RO         1405    .text.LQ_GPIO_Init  lq_gpio.o
    0x000034a8   0x000034a8   0x00000020   Code   RO         1413    .text.LQ_GPIO_ReadPin  lq_gpio.o
    0x000034c8   0x000034c8   0x00000038   Code   RO         1409    .text.LQ_GPIO_WritePin  lq_gpio.o
    0x00003500   0x00003500   0x00000c54   Code   RO         1607    .text.LQ_PWM_CalcOptimal  lq_pwm.o
    0x00004154   0x00004154   0x00000274   Code   RO         1382    .text.LQ_System_Init  lq_clock.o
    0x000043c8   0x000043c8   0x000000bc   Code   RO         1451    .text.LQ_TIMER_BaseInit  lq_time.o
    0x00004484   0x00004484   0x00000064   Code   RO         1599    .text.LQ_TIMER_EnablePWMChannel  lq_pwm.o
    0x000044e8   0x000044e8   0x00000050   Code   RO         1455    .text.LQ_TIMER_ITConfig  lq_time.o
    0x00004538   0x00004538   0x0000001c   Code   RO         1457    .text.LQ_TIMER_ITEnable  lq_time.o
    0x00004554   0x00004554   0x000001b4   Code   RO         1597    .text.LQ_TIMER_PWMInit  lq_pwm.o
    0x00004708   0x00004708   0x00000024   Code   RO         1605    .text.LQ_TIMER_PWMSetCaptureCompare  lq_pwm.o
    0x0000472c   0x0000472c   0x00000014   Code   RO         1601    .text.LQ_TIMER_PWM_Start  lq_pwm.o
    0x00004740   0x00004740   0x0000000c   Code   RO         1453    .text.LQ_TIMER_SetLoadCallback  lq_time.o
    0x0000474c   0x0000474c   0x0000001c   Code   RO         1459    .text.LQ_TIMER_Start  lq_time.o
    0x00004768   0x00004768   0x00000054   Code   RO         1196    .text.LQ_Tracking_Polling_Init  lq_tracking.o
    0x000047bc   0x000047bc   0x00000014   Code   RO         1502    .text.LQ_UART_EnableDMATransmit  lq_uart.o
    0x000047d0   0x000047d0   0x00000010   Code   RO         1506    .text.LQ_UART_GetTXRegister  lq_uart.o
    0x000047e0   0x000047e0   0x00000148   Code   RO         1480    .text.LQ_UART_Init  lq_uart.o
    0x00004928   0x00004928   0x000000bc   Code   RO          129    .text.ProbePinMap   vehicle_imu.o
    0x000049e4   0x000049e4   0x00000a58   Code   RO           14    .text.ProcessCommand  diansai_app.o
    0x0000543c   0x0000543c   0x000000bc   Code   RO          133    .text.ReadSixAxis   vehicle_imu.o
    0x000054f8   0x000054f8   0x00000150   Code   RO           36    .text.SendGrayCalibration  diansai_app.o
    0x00005648   0x00005648   0x00000040   Code   RO           30    .text.SendKeyFrame  diansai_app.o
    0x00005688   0x00005688   0x000001bc   Code   RO           18    .text.SendLineTelemetry  diansai_app.o
    0x00005844   0x00005844   0x00000088   Code   RO            8    .text.SendModeFrame  diansai_app.o
    0x000058cc   0x000058cc   0x0000007c   Code   RO           16    .text.SendSquareTelemetry  diansai_app.o
    0x00005948   0x00005948   0x000000d8   Code   RO           80    .text.SetBridge     vehicle_motor.o
    0x00005a20   0x00005a20   0x000000a8   Code   RO            4    .text.StopControl   diansai_app.o
    0x00005ac8   0x00005ac8   0x00000010   Code   RO           10    .text.SysTick_Handler  diansai_app.o
    0x00005ad8   0x00005ad8   0x0000001c   Code   RO          331    .text.TIMA0_IRQHandler  lq_isr.o
    0x00005af4   0x00005af4   0x0000001c   Code   RO          333    .text.TIMA1_IRQHandler  lq_isr.o
    0x00005b10   0x00005b10   0x0000001c   Code   RO          335    .text.TIMG0_IRQHandler  lq_isr.o
    0x00005b2c   0x00005b2c   0x0000001c   Code   RO          343    .text.TIMG12_IRQHandler  lq_isr.o
    0x00005b48   0x00005b48   0x0000001c   Code   RO          337    .text.TIMG6_IRQHandler  lq_isr.o
    0x00005b64   0x00005b64   0x0000001c   Code   RO          339    .text.TIMG7_IRQHandler  lq_isr.o
    0x00005b80   0x00005b80   0x00000020   Code   RO          341    .text.TIMG8_IRQHandler  lq_isr.o
    0x00005ba0   0x00005ba0   0x00000198   Code   RO          141    .text.TransferByte  vehicle_imu.o
    0x00005d38   0x00005d38   0x0000001c   Code   RO          323    .text.UART0_IRQHandler  lq_isr.o
    0x00005d54   0x00005d54   0x0000001c   Code   RO          325    .text.UART1_IRQHandler  lq_isr.o
    0x00005d70   0x00005d70   0x0000001c   Code   RO          327    .text.UART2_IRQHandler  lq_isr.o
    0x00005d8c   0x00005d8c   0x00000020   Code   RO          329    .text.UART3_IRQHandler  lq_isr.o
    0x00005dac   0x00005dac   0x00000058   Code   RO            6    .text.UpdateEnabledControlLoops  diansai_app.o
    0x00005e04   0x00005e04   0x00000190   Code   RO          158    .text.UpdateNormalization  vehicle_gray.o
    0x00005f94   0x00005f94   0x00000004   Code   RO           97    .text.VehicleBattery_GetState  vehicle_battery.o
    0x00005f98   0x00005f98   0x00000028   Code   RO           93    .text.VehicleBattery_Init  vehicle_battery.o
    0x00005fc0   0x00005fc0   0x00000098   Code   RO           95    .text.VehicleBattery_Update  vehicle_battery.o
    0x00006058   0x00006058   0x00000050   Code   RO           56    .text.VehicleCascade_ConfigurePid  vehicle_cascade_control.o
    0x000060a8   0x000060a8   0x00000054   Code   RO           50    .text.VehicleCascade_Init  vehicle_cascade_control.o
    0x000060fc   0x000060fc   0x00000052   Code   RO           52    .text.VehicleCascade_Reset  vehicle_cascade_control.o
    0x0000614e   0x0000614e   0x00000002   PAD
    0x00006150   0x00006150   0x00000104   Code   RO           60    .text.VehicleCascade_ResetHeadingReference  vehicle_cascade_control.o
    0x00006254   0x00006254   0x00000076   Code   RO           54    .text.VehicleCascade_SetEnabledLoops  vehicle_cascade_control.o
    0x000062ca   0x000062ca   0x0000003a   Code   RO           58    .text.VehicleCascade_SetMotorFeedforward  vehicle_cascade_control.o
    0x00006304   0x00006304   0x00000d34   Code   RO           62    .text.VehicleCascade_Step  vehicle_cascade_control.o
    0x00007038   0x00007038   0x00000004   Code   RO          115    .text.VehicleEncoder_GetState  vehicle_encoder.o
    0x0000703c   0x0000703c   0x00000054   Code   RO          109    .text.VehicleEncoder_Init  vehicle_encoder.o
    0x00007090   0x00007090   0x00000028   Code   RO          111    .text.VehicleEncoder_Reset  vehicle_encoder.o
    0x000070b8   0x000070b8   0x0000014c   Code   RO          113    .text.VehicleEncoder_Update  vehicle_encoder.o
    0x00007204   0x00007204   0x0000001c   Code   RO          162    .text.VehicleGray_CaptureBackground  vehicle_gray.o
    0x00007220   0x00007220   0x0000001c   Code   RO          164    .text.VehicleGray_CaptureLine  vehicle_gray.o
    0x0000723c   0x0000723c   0x00000080   Code   RO          170    .text.VehicleGray_CountLineChannels  vehicle_gray.o
    0x000072bc   0x000072bc   0x00000004   Code   RO          172    .text.VehicleGray_GetState  vehicle_gray.o
    0x000072c0   0x000072c0   0x00000010   Code   RO          154    .text.VehicleGray_Init  vehicle_gray.o
    0x000072d0   0x000072d0   0x00000010   Code   RO          160    .text.VehicleGray_ResetCalibration  vehicle_gray.o
    0x000072e0   0x000072e0   0x00000288   Code   RO          156    .text.VehicleGray_Update  vehicle_gray.o
    0x00007568   0x00007568   0x000001d8   Code   RO          131    .text.VehicleImu_CalibrateGyro  vehicle_imu.o
    0x00007740   0x00007740   0x00000008   Code   RO          139    .text.VehicleImu_GetState  vehicle_imu.o
    0x00007748   0x00007748   0x0000017c   Code   RO          127    .text.VehicleImu_Init  vehicle_imu.o
    0x000078c4   0x000078c4   0x00000010   Code   RO          135    .text.VehicleImu_ResetYaw  vehicle_imu.o
    0x000078d4   0x000078d4   0x00000300   Code   RO          137    .text.VehicleImu_Update  vehicle_imu.o
    0x00007bd4   0x00007bd4   0x0000008c   Code   RO          185    .text.VehicleLine_Configure  vehicle_line_control.o
    0x00007c60   0x00007c60   0x00000008   Code   RO          191    .text.VehicleLine_GetState  vehicle_line_control.o
    0x00007c68   0x00007c68   0x00000018   Code   RO          183    .text.VehicleLine_Init  vehicle_line_control.o
    0x00007c80   0x00007c80   0x00000014   Code   RO          187    .text.VehicleLine_Reset  vehicle_line_control.o
    0x00007c94   0x00007c94   0x000004d8   Code   RO          189    .text.VehicleLine_Update  vehicle_line_control.o
    0x0000816c   0x0000816c   0x00000008   Code   RO           82    .text.VehicleMotor_GetState  vehicle_motor.o
    0x00008174   0x00008174   0x000000e8   Code   RO           74    .text.VehicleMotor_Init  vehicle_motor.o
    0x0000825c   0x0000825c   0x00000064   Code   RO           78    .text.VehicleMotor_Set  vehicle_motor.o
    0x000082c0   0x000082c0   0x00000048   Code   RO           76    .text.VehicleMotor_Stop  vehicle_motor.o
    0x00008308   0x00008308   0x00000004   Code   RO          214    .text.VehicleSquare_GetState  vehicle_square_test.o
    0x0000830c   0x0000830c   0x0000000c   Code   RO          202    .text.VehicleSquare_Init  vehicle_square_test.o
    0x00008318   0x00008318   0x000001f0   Code   RO          204    .text.VehicleSquare_Start  vehicle_square_test.o
    0x00008508   0x00008508   0x00000018   Code   RO          206    .text.VehicleSquare_Stop  vehicle_square_test.o
    0x00008520   0x00008520   0x0000000c   Code   RO          212    .text.VehicleSquare_TakeStatusChanged  vehicle_square_test.o
    0x0000852c   0x0000852c   0x00000010   Code   RO          210    .text.VehicleSquare_TakeTargetChanged  vehicle_square_test.o
    0x0000853c   0x0000853c   0x00000504   Code   RO          208    .text.VehicleSquare_Update  vehicle_square_test.o
    0x00008a40   0x00008a40   0x000000a8   Code   RO          225    .text.WheeltecLink_Init  wheeltec_link.o
    0x00008ae8   0x00008ae8   0x00000094   Code   RO          231    .text.WheeltecLink_Poll  wheeltec_link.o
    0x00008b7c   0x00008b7c   0x000000c4   Code   RO          227    .text.WheeltecLink_SendText  wheeltec_link.o
    0x00008c40   0x00008c40   0x00000084   Code   RO          229    .text.WheeltecLink_ServiceTx  wheeltec_link.o
    0x00008cc4   0x00008cc4   0x000000d8   Code   RO           26    .text.WrapAngleDegrees  diansai_app.o
    0x00008d9c   0x00008d9c   0x00000048   Code   RO         1620    .text.delay_ms      lq_utils.o
    0x00008de4   0x00008de4   0x00000048   Code   RO         1618    .text.delay_us      lq_utils.o
    0x00008e2c   0x00008e2c   0x00000016   Code   RO          273    .text.main          main_diansai.o
    0x00008e42   0x00008e42   0x00000002   PAD
    0x00008e44   0x00008e44   0x00000038   Code   RO         1820    i.__0snprintf$6     mc_p.l(printf6.o)
    0x00008e7c   0x00008e7c   0x0000002e   Code   RO         2030    i.__ARM_clz         mf_p.l(depilogue.o)
    0x00008eaa   0x00008eaa   0x00000022   Code   RO         1961    i.__ARM_fpclassifyf  m_ps.l(fpclassifyf.o)
    0x00008ecc   0x00008ecc   0x00000008   Code   RO         1965    i.__mathlib_flt_infnan2  m_ps.l(funder.o)
    0x00008ed4   0x00008ed4   0x0000000e   Code   RO         1969    i.__mathlib_flt_underflow  m_ps.l(funder.o)
    0x00008ee2   0x00008ee2   0x00000006   PAD
    0x00008ee8   0x00008ee8   0x0000000e   Code   RO         2049    i.__scatterload_copy  mc_p.l(handlers.o)
    0x00008ef6   0x00008ef6   0x00000002   PAD
    0x00008ef8   0x00008ef8   0x00000002   Code   RO         2050    i.__scatterload_null  mc_p.l(handlers.o)
    0x00008efa   0x00008efa   0x00000006   PAD
    0x00008f00   0x00008f00   0x0000000e   Code   RO         2051    i.__scatterload_zeroinit  mc_p.l(handlers.o)
    0x00008f0e   0x00008f0e   0x00000002   PAD
    0x00008f10   0x00008f10   0x0000000c   Code   RO         2012    i.__set_errno       mc_p.l(errno.o)
    0x00008f1c   0x00008f1c   0x00000304   Code   RO         1826    i._printf_core      mc_p.l(printf6.o)
    0x00009220   0x00009220   0x00000020   Code   RO         1827    i._printf_post_padding  mc_p.l(printf6.o)
    0x00009240   0x00009240   0x0000002c   Code   RO         1828    i._printf_pre_padding  mc_p.l(printf6.o)
    0x0000926c   0x0000926c   0x00000016   Code   RO         1829    i._snputc           mc_p.l(printf6.o)
    0x00009282   0x00009282   0x00000002   PAD
    0x00009284   0x00009284   0x0000029c   Code   RO         1630    i.atan2f            m_ps.l(atan2f.o)
    0x00009520   0x00009520   0x0000002c   Code   RO         1634    i.sqrtf             m_ps.l(sqrtf.o)
    0x0000954c   0x0000954c   0x00000040   Data   RO         2045    .constdata          mc_p.l(ctype_c.o)
    0x0000958c   0x0000958c   0x00000008   Data   RO         1371    .rodata.LQ_ADC_Regs  lq_adc.o
    0x00009594   0x00009594   0x00000078   Data   RO         1416    .rodata.LQ_GPIO_MAP  lq_gpio.o
    0x0000960c   0x0000960c   0x000001e0   Data   RO         1609    .rodata.LQ_PWM_MAP  lq_pwm.o
    0x000097ec   0x000097ec   0x00000007   Data   RO         1471    .rodata.LQ_TIMER_IRQns  lq_time.o
    0x000097f3   0x000097f3   0x00000001   PAD
    0x000097f4   0x000097f4   0x0000001c   Data   RO         1470    .rodata.LQ_TIMER_Regs  lq_time.o
    0x00009810   0x00009810   0x00000100   Data   RO         1512    .rodata.LQ_UART_MAP  lq_uart.o
    0x00009910   0x00009910   0x00000010   Data   RO         1511    .rodata.LQ_UART_Regs  lq_uart.o
    0x00009920   0x00009920   0x00000028   Data   RO         1384    .rodata.gSYSPLLConfig  lq_clock.o
    0x00009948   0x00009948   0x00000651   Data   RO           39    .rodata.str1.1      diansai_app.o
    0x00009f99   0x00009f99   0x00000003   PAD
    0x00009f9c   0x00009f9c   0x00000020   Data   RO         2048    Region$$Table       anon$$obj.o


    Execution Region RW_IRAM2 (Exec base: 0x20200000, Load base: 0x00009fc0, Size: 0x00005870, Max: 0x00008000, ABSOLUTE)

    Exec Addr    Load Addr    Size         Type   Attr      Idx    E Section Name        Object

    0x20200000   0x00009fc0   0x00000004   Data   RW         2013    .data               mc_p.l(errno.o)
    0x20200004   0x00009fc4   0x00000020   Data   RW          118    .data..L_MergedGlobals  vehicle_encoder.o
    0x20200024   0x00009fe4   0x00000002   Data   RW          144    .data..L_MergedGlobals  vehicle_imu.o
    0x20200026   0x00009fe6   0x00000002   PAD
    0x20200028   0x00009fe8   0x00000008   Data   RW         1415    .data.LQ_GPIO_Regs  lq_gpio.o
    0x20200030        -       0x00000078   Zero   RW           41    .bss..L_MergedGlobals  diansai_app.o
    0x202000a8        -       0x00000004   Zero   RW           84    .bss..L_MergedGlobals  vehicle_motor.o
    0x202000ac        -       0x00000064   Zero   RW          193    .bss..L_MergedGlobals  vehicle_line_control.o
    0x20200110        -       0x00000048   Zero   RW          234    .bss..L_MergedGlobals  wheeltec_link.o
    0x20200158        -       0x00000064   Zero   RW          264    .bss..L_MergedGlobals  board_io.o
    0x202001bc        -       0x00000024   Zero   RW         1222    .bss..L_MergedGlobals  lq_encoder.o
    0x202001e0        -       0x00000038   Zero   RW          145    .bss..L_MergedGlobals.1  vehicle_imu.o
    0x20200218        -       0x0000001c   Zero   RW         1469    .bss.LQ_TIM_IT_CallBack  lq_time.o
    0x20200234        -       0x00000010   Zero   RW         1510    .bss.LQ_UART_IT_CallBack  lq_uart.o
    0x20200244        -       0x00000010   Zero   RW         1373    .bss.adc_clock      lq_adc.o
    0x20200254        -       0x00000078   Zero   RW           38    .bss.app            diansai_app.o
    0x202002cc        -       0x0000000c   Zero   RW          100    .bss.battery_state  vehicle_battery.o
    0x202002d8        -       0x00000020   Zero   RW          117    .bss.encoder_state  vehicle_encoder.o
    0x202002f8        -       0x00000044   Zero   RW          174    .bss.gray_state     vehicle_gray.o
    0x2020033c        -       0x0000002c   Zero   RW          216    .bss.square         vehicle_square_test.o
    0x20200368        -       0x00000400   Zero   RW          233    .bss.tx_buffer      wheeltec_link.o
    0x20200768        -       0x00000108   Zero   RW           40    .bss.vehicle_control  diansai_app.o
    0x20200870        -       0x00005000   Zero   RW          281    STACK               startup_mspm0g350x_uvision.o



  Load Region LR_BCR (Base: 0x41c00000, Size: 0x00000000, Max: 0x00000100, ABSOLUTE)

    Execution Region BCR_CONFIG (Exec base: 0x41c00000, Load base: 0x41c00000, Size: 0x00000000, Max: 0x000000ff, ABSOLUTE)

    **** No section assigned to this execution region ****



  Load Region LR_BSL (Base: 0x41c00100, Size: 0x00000000, Max: 0x00000100, ABSOLUTE)

    Execution Region BSL_CONFIG (Exec base: 0x41c00100, Load base: 0x41c00100, Size: 0x00000000, Max: 0x00000080, ABSOLUTE)

    **** No section assigned to this execution region ****


==============================================================================

Image component sizes


      Code (inc. data)   RO Data    RW Data    ZI Data      Debug   Object Name

      1164          8          0          0        100       8865   board_io.o
     10046       1164       1617          0        504      36029   diansai_app.o
        64          8          0          0          0       4548   dl_adc12.o
        10          0          0          0          0        617   dl_common.o
       448         32          0          0          0      13355   dl_sysctl_mspm0g1x0x_g3x0x.o
       166         32          0          0          0      37507   dl_timer.o
       256         20          8          0         16       8701   lq_adc.o
       628        136         40          0          0      23971   lq_clock.o
        96         16          0          0          0       4892   lq_dma.o
       420         20          0          0         36       8009   lq_encoder.o
       208         44          0          0          0       5759   lq_exti.o
       176         24        120          8          0       7180   lq_gpio.o
       350         60          0          0          0      10516   lq_isr.o
      3748         44        480          0          0      26111   lq_pwm.o
       336         72         35          0         28      10659   lq_time.o
        84          4          0          0          0       7205   lq_tracking.o
       364         52        272          0         16      13699   lq_uart.o
       144          8          0          0          0       1987   lq_utils.o
        22          0          0          0          0        403   main_diansai.o
        20          4        192          0      20480        648   startup_mspm0g350x_uvision.o
       196         20          0          0         12       3407   vehicle_battery.o
      4542        144          0          0          0      14602   vehicle_cascade_control.o
       460         24          0         32         32       3631   vehicle_encoder.o
      1268          8          0          0         68       7850   vehicle_gray.o
      2428         88          0          2         56       8561   vehicle_imu.o
      1432         40          0          0        100       7948   vehicle_line_control.o
       628         24          0          0          4       8749   vehicle_motor.o
      1848        104          0          0         44       6058   vehicle_square_test.o
       644         64          0          0       1096      11028   wheeltec_link.o

    ----------------------------------------------------------------------
     32208       2264       2800         44      22592     302495   Object Totals
         0          0         32          0          0          0   (incl. Generated)
        12          0          4          2          0          0   (incl. Padding)

    ----------------------------------------------------------------------

      Code (inc. data)   RO Data    RW Data    ZI Data      Debug   Library Member Name

       668         76          0          0          0        120   atan2f.o
        34          0          0          0          0         60   fpclassifyf.o
        22          0          0          0          0        136   funder.o
        44          0          0          0          0         72   sqrtf.o
        60         10          0          0          0         84   __0sscanf.o
        30          0          0          0          0         60   _chval.o
       824         12          0          0          0         84   _scanf.o
       330          0          0          0          0         84   _scanf_int.o
        68          0          0          0          0         76   _sgetc.o
        36          4         64          0          0         60   ctype_c.o
         0          0          0          0          0          0   entry.o
         0          0          0          0          0          0   entry10a.o
         0          0          0          0          0          0   entry11a.o
         8          4          0          0          0          0   entry2.o
         4          0          0          0          0          0   entry5.o
         0          0          0          0          0          0   entry7b.o
         0          0          0          0          0          0   entry8b.o
         8          4          0          0          0          0   entry9a.o
        12          6          0          4          0         60   errno.o
        30          0          0          0          0          0   handlers.o
        80          6          0          0          0         72   idiv_div0.o
        36          8          0          0          0         68   init.o
        14          0          0          0          0         68   isspace_c.o
         0          0          0          0          0          0   iusefp.o
        76          0          0          0          0         76   ldiv.o
        48          0          0          0          0         72   llmul.o
        32          0          0          0          0         68   llshl.o
        38          0          0          0          0         68   llsshr.o
        34          0          0          0          0         68   llushr.o
        36          0          0          0          0        100   memseta.o
       926         10          0          0          0        392   printf6.o
        44          8          0          0          0         84   scanf_char.o
        28          0          0          0          0         68   strcmp.o
        14          0          0          0          0         60   strlen.o
        30          0          0          0          0         72   strncmp.o
        62          0          0          0          0         72   uidiv_div0.o
        96          0          0          0          0         84   uldiv.o
       356          4          0          0          0        140   dadd.o
       240          6          0          0          0         84   ddiv.o
       236          0          0          0          0        216   depilogue.o
        60         10          0          0          0         68   dfixui.o
        28          4          0          0          0         68   dfltui.o
       208          6          0          0          0         88   dmul.o
       178          0          0          0          0        108   fadd.o
        28          0          0          0          0         60   fcmpeq.o
        28          0          0          0          0         60   fcmpge.o
        28          0          0          0          0         60   fcmpgt.o
        28          0          0          0          0         60   fcmple.o
        28          0          0          0          0         60   fcmplt.o
       124          0          0          0          0         72   fdiv.o
       130          0          0          0          0        144   fepilogue.o
        50          0          0          0          0         60   ffixi.o
        22          0          0          0          0         68   fflti.o
        14          0          0          0          0         68   ffltui.o
       122          0          0          0          0         72   fmul.o
        24          0          0          0          0         60   fscalb.o
        88          0          0          0          0         72   fsqrt.o

    ----------------------------------------------------------------------
      5820        178         64          4          0       4076   Library Totals
        28          0          0          0          0          0   (incl. Padding)

    ----------------------------------------------------------------------

      Code (inc. data)   RO Data    RW Data    ZI Data      Debug   Library Name

       768         76          0          0          0        388   m_ps.l
      3004         72         64          4          0       2000   mc_p.l
      2020         30          0          0          0       1688   mf_p.l

    ----------------------------------------------------------------------
      5820        178         64          4          0       4076   Library Totals

    ----------------------------------------------------------------------

==============================================================================


      Code (inc. data)   RO Data    RW Data    ZI Data      Debug   

     38028       2442       2864         48      22592     303983   Grand Totals
     38028       2442       2864         48      22592     303983   ELF Image Totals
     38028       2442       2864         48          0          0   ROM Totals

==============================================================================

    Total RO  Size (Code + RO Data)                40892 (  39.93kB)
    Total RW  Size (RW Data + ZI Data)             22640 (  22.11kB)
    Total ROM Size (Code + RO Data + RW Data)      40940 (  39.98kB)

==============================================================================

