Microsoft (R) Macro Assembler Version 6.11		    04/23/26 09:45:13
tempfile.asm						     Page 1 - 1




 0000				CODES SEGMENT
				    ASSUME CS:CODES
 0000				START:

				    
 0000  B8 0000			    MOV AX, 0       
 0003  B9 0064			    MOV CX, 100    

 0006				SUM_LOOP:
 0006  03 C1			    ADD AX, CX     
 0008  E2 FC			    LOOP SUM_LOOP  

				   
				    ; 题目仅要求“将结果保存在累加器 AX 中”，因此到此结束即可。
				    
				    ; 退出程序
 000A  B4 4C			    MOV AH, 4CH
 000C  CD 21			    INT 21H
 000E				CODES ENDS
				END START

Microsoft (R) Macro Assembler Version 6.11		    04/23/26 09:45:13
tempfile.asm						     Symbols 2 - 1




Segments and Groups:

                N a m e                 Size     Length   Align   Combine Class

CODES  . . . . . . . . . . . . .	16 Bit	 000E	  Para	  Private 


Symbols:

                N a m e                 Type     Value    Attr

START  . . . . . . . . . . . . .	L Near	 0000	  CODES	
SUM_LOOP . . . . . . . . . . . .	L Near	 0006	  CODES	

	   0 Warnings
	   0 Errors
