Microsoft (R) Macro Assembler Version 6.11		    05/03/26 22:35:21
tempfile.asm						     Page 1 - 1


 0000				DATAS SEGMENT
 0000 50 6C 65 61 73 65		    PROMPT   DB 'Please input a string with *: $'
       20 69 6E 70 75 74
       20 61 20 73 74 72
       69 6E 67 20 77 69
       74 68 20 2A 3A 20
       24
 001F 0D 0A 41 66 74 65		    RES_MSG  DB 0Dh, 0Ah, 'After deleted *: $'
       72 20 64 65 6C 65
       74 65 64 20 2A 3A
       20 24

 0033 64			    MAX_LEN  DB 100
 0034 00			    ACT_LEN  DB ?
 0035  0064 [			    BUFFER   DB 100 DUP(0)
        00
       ]
 0099				DATAS ENDS

 0000				CODES SEGMENT
				    ASSUME CS:CODES,DS:DATAS
 0000				START:
 0000  B8 ---- R		    MOV AX, DATAS
 0003  8E D8			    MOV DS, AX

 0005  8D 16 0000 R		    LEA DX, PROMPT
 0009  B4 09			    MOV AH, 09H
 000B  CD 21			    INT 21H

 000D  8D 16 0033 R		    LEA DX, MAX_LEN
 0011  B4 0A			    MOV AH, 0AH
 0013  CD 21			    INT 21H

 0015  8D 16 001F R		    LEA DX, RES_MSG
 0019  B4 09			    MOV AH, 09H
 001B  CD 21			    INT 21H

 001D  8A 0E 0034 R		    MOV CL, ACT_LEN
 0021  B5 00			    MOV CH, 0
 0023  E3 12			    JCXZ EXIT_PROG      
				    
 0025  8D 1E 0035 R		    LEA BX, BUFFER       

 0029				PRINT_LOOP:
 0029  8A 17			    MOV DL, [BX]         
 002B  80 FA 2A			    CMP DL, '*'          
 002E  74 04			    JE SKIP_PRINT        

 0030  B4 02			    MOV AH, 02H
 0032  CD 21			    INT 21H

 0034				SKIP_PRINT:
 0034  43			    INC BX               
 0035  E2 F2			    LOOP PRINT_LOOP     

 0037				EXIT_PROG:
 0037  B4 4C			    MOV AH, 4CH
 0039  CD 21			    INT 21H
 003B				CODES ENDS
				END START


Microsoft (R) Macro Assembler Version 6.11		    05/03/26 22:35:21
tempfile.asm						     Symbols 2 - 1




Segments and Groups:

                N a m e                 Size     Length   Align   Combine Class

CODES  . . . . . . . . . . . . .	16 Bit	 003B	  Para	  Private 
DATAS  . . . . . . . . . . . . .	16 Bit	 0099	  Para	  Private 


Symbols:

                N a m e                 Type     Value    Attr

ACT_LEN  . . . . . . . . . . . .	Byte	 0034	  DATAS	
BUFFER . . . . . . . . . . . . .	Byte	 0035	  DATAS	
EXIT_PROG  . . . . . . . . . . .	L Near	 0037	  CODES	
MAX_LEN  . . . . . . . . . . . .	Byte	 0033	  DATAS	
PRINT_LOOP . . . . . . . . . . .	L Near	 0029	  CODES	
PROMPT . . . . . . . . . . . . .	Byte	 0000	  DATAS	
RES_MSG  . . . . . . . . . . . .	Byte	 001F	  DATAS	
SKIP_PRINT . . . . . . . . . . .	L Near	 0034	  CODES	
START  . . . . . . . . . . . . .	L Near	 0000	  CODES	

	   0 Warnings
	   0 Errors
