Microsoft (R) Macro Assembler Version 6.11		    04/20/26 13:04:45
tempfile.asm						     Page 1 - 1


 0000				DATA SEGMENT
				ORG 1000H
 1000 13 89 76			BUF DB 13H,89H,76H
 1003 00			RESULT DB ?
 1004				DATA ENDS          
				;3个待处理数据，
				;1个用于保存结果的存储单元
 0000				CODE SEGMENT
				ASSUME CS:CODE,DS:DATA
 0000  B8 ---- R		START: MOV AX,DATA
 0003  8E D8			              MOV DS,AX
 0005  BB 1000			   MOV BX,1000H
 0008  8A 07			       MOV AL,[BX]
 000A  43			       INC BX
 000B  3A 07			       CMP AL,[BX]    
				 ;第1，2个数据进行比较
 000D  7D 02			       JGE NEXT
 000F  8A 07			       MOV AL,[BX]
 0011  43			NEXT: INC BX
 0012  3A 07			       CMP AL,[BX]  
				; 前2个数中的大数与第3个数比较
 0014  7D 02			       JGE EXIT
 0016  8A 07			       MOV AL,[BX]
 0018  A2 1003 R		EXIT:       MOV RESULT,AL
 001B  B4 4C			MOV AH,4CH
 001D  CD 21			INT 21H
 001F				CODE ENDS
				    END START
Microsoft (R) Macro Assembler Version 6.11		    04/20/26 13:04:45
tempfile.asm						     Symbols 2 - 1




Segments and Groups:

                N a m e                 Size     Length   Align   Combine Class

CODE . . . . . . . . . . . . . .	16 Bit	 001F	  Para	  Private 
DATA . . . . . . . . . . . . . .	16 Bit	 1004	  Para	  Private 


Symbols:

                N a m e                 Type     Value    Attr

BUF  . . . . . . . . . . . . . .	Byte	 1000	  DATA	
EXIT . . . . . . . . . . . . . .	L Near	 0018	  CODE	
NEXT . . . . . . . . . . . . . .	L Near	 0011	  CODE	
RESULT . . . . . . . . . . . . .	Byte	 1003	  DATA	
START  . . . . . . . . . . . . .	L Near	 0000	  CODE	

	   0 Warnings
	   0 Errors
